 bugreporter_filequeue

 Timestamp is 6286019c (Thu May 19 01:36:44 2022)

 Preferred load address is 10000000

 Start         Length     Name                   Class
 0001:00000000 000561cdH .textbss                DATA
 0002:00000000 000b134aH .text                   CODE
 0002:000b1350 0000114dH .text$x                 CODE
 0002:000b24a0 000019f4H .text$yc                CODE
 0002:000b3ea0 0000113eH .text$yd                CODE
 0003:00000000 00000104H .CRT$XCA                DATA
 0003:00000104 00000186H .CRT$XCU                DATA
 0003:0000028c 00000104H .CRT$XCZ                DATA
 0003:00000390 00000104H .CRT$XIA                DATA
 0003:00000494 00000118H .CRT$XIC                DATA
 0003:000005ac 00000104H .CRT$XIY                DATA
 0003:000006b0 00000104H .CRT$XIZ                DATA
 0003:000007b4 00000104H .CRT$XPA                DATA
 0003:000008b8 00000109H .CRT$XPX                DATA
 0003:000009c4 00000104H .CRT$XPXA               DATA
 0003:00000ac8 00000104H .CRT$XPZ                DATA
 0003:00000bcc 00000104H .CRT$XTA                DATA
 0003:00000cd0 00000104H .CRT$XTB                DATA
 0003:00000dd4 00000104H .CRT$XTZ                DATA
 0003:00000ee0 000111a0H .rdata                  DATA
 0003:00012080 0000019dH .rdata$debug            DATA
 0003:00012220 00000ad4H .rdata$r                DATA
 0003:00012cf4 00000104H .rtc$IAA                DATA
 0003:00012df8 0000011cH .rtc$IMZ                DATA
 0003:00012f14 00000104H .rtc$IZZ                DATA
 0003:00013018 00000104H .rtc$TAA                DATA
 0003:0001311c 0000011cH .rtc$TMZ                DATA
 0003:00013238 00000104H .rtc$TZZ                DATA
 0003:00013340 000010c1H .xdata$x                DATA
 0003:00014410 00000187H .edata                  DATA
 0004:00000000 00002edaH .data                   DATA
 0004:00002ee0 00005990H .bss                    DATA
 0005:00000000 0000003cH .idata$2                DATA
 0005:0000003c 00000014H .idata$3                DATA
 0005:00000050 000002f0H .idata$4                DATA
 0005:00000340 000002f0H .idata$5                DATA
 0005:00000630 00000c04H .idata$6                DATA
 0006:00000000 00000109H ValveDBG                DATA

  Address         Publics by Value              Rva+Base       Lib:Object

 0000:00000000       ___safe_se_handler_count   00000000     <absolute>
 0000:00000000       ___safe_se_handler_table   00000000     <absolute>
 0000:00000000       __except_list              00000000     <absolute>
 0000:00000000       ___ImageBase               10000000     <linker-defined>
 0001:00000000       __enc$textbss$begin        10001000     <linker-defined>
 0001:000561cd       __enc$textbss$end          100571cd     <linker-defined>
 0002:000058f0       ??_H@YGXPAXIHP6EPAX0@Z@Z   1005d8f0 f i bugreporter.obj
 0002:00005960       ?CUtlSymbol_LessThan@@YA_NABVCUtlSymbol@@0@Z 1005d960 f   bugreporter.obj
 0002:000059c0       ??0CBugReporter@@QAE@XZ    1005d9c0 f   bugreporter.obj
 0002:00005b50       ??0CUtlSymbol@@QAE@XZ      1005db50 f i bugreporter.obj
 0002:00005ba0       ?IsPublicUI@CBugReporter@@UAE_NXZ 1005dba0 f i bugreporter.obj
 0002:00005be0       ?SetZipAttachmentName@CBugReporter@@UAEXPBD@Z 1005dbe0 f i bugreporter.obj
 0002:00005c20       ?SetCSERAddress@CBugReporter@@UAEXABUnetadr_s@@@Z 1005dc20 f i bugreporter.obj
 0002:00005c60       ?SetExeName@CBugReporter@@UAEXPBD@Z 1005dc60 f i bugreporter.obj
 0002:00005ca0       ?SetGameDirectory@CBugReporter@@UAEXPBD@Z 1005dca0 f i bugreporter.obj
 0002:00005ce0       ?SetRAM@CBugReporter@@UAEXH@Z 1005dce0 f i bugreporter.obj
 0002:00005d20       ?SetCPU@CBugReporter@@UAEXH@Z 1005dd20 f i bugreporter.obj
 0002:00005d60       ?SetProcessor@CBugReporter@@UAEXPBD@Z 1005dd60 f i bugreporter.obj
 0002:00005da0       ?SetDXVersion@CBugReporter@@UAEXIIII@Z 1005dda0 f i bugreporter.obj
 0002:00005de0       ?SetOSVersion@CBugReporter@@UAEXPBD@Z 1005dde0 f i bugreporter.obj
 0002:00005e20       ?SetSteamUserID@CBugReporter@@UAEXPAXH@Z 1005de20 f i bugreporter.obj
 0002:00005e60       ??_GCBugReporter@@UAEPAXI@Z 1005de60 f i bugreporter.obj
 0002:00005e60       ??_ECBugReporter@@UAEPAXI@Z 1005de60 f i bugreporter.obj
 0002:00005ed0       ??0IBugReporter@@QAE@XZ    1005ded0 f i bugreporter.obj
 0002:00005f30       ??_EIBugReporter@@UAEPAXI@Z 1005df30 f i bugreporter.obj
 0002:00005f30       ??_GIBugReporter@@UAEPAXI@Z 1005df30 f i bugreporter.obj
 0002:00005fa0       ??1IBugReporter@@UAE@XZ    1005dfa0 f i bugreporter.obj
 0002:00005ff0       ??1IBaseInterface@@UAE@XZ  1005dff0 f i bugreporter.obj
 0002:00006030       ??_GIBaseInterface@@UAEPAXI@Z 1005e030 f i bugreporter.obj
 0002:00006030       ??_EIBaseInterface@@UAEPAXI@Z 1005e030 f i bugreporter.obj
 0002:000060a0       ??0IBaseInterface@@QAE@XZ  1005e0a0 f i bugreporter.obj
 0002:000060f0       ??1CBugReporter@@UAE@XZ    1005e0f0 f   bugreporter.obj
 0002:000062c0       ??1?$CUtlMap@VCUtlSymbol@@PAV?$CUtlVector@VCUtlSymbol@@V?$CUtlMemory@VCUtlSymbol@@H@@@@G@@QAE@XZ 1005e2c0 f i bugreporter.obj
 0002:00006310       ??_GCBug@@QAEPAXI@Z        1005e310 f i bugreporter.obj
 0002:00006380       ??1CBug@@QAE@XZ            1005e380 f i bugreporter.obj
 0002:000063e0       ?Init@CBugReporter@@UAE_NP6APAXPBDPAH@Z@Z 1005e3e0 f   bugreporter.obj
 0002:00006960       ??4CUtlSymbol@@QAEAAV0@ABV0@@Z 1005e960 f i bugreporter.obj
 0002:000069b0       ?Shutdown@CBugReporter@@UAEXXZ 1005e9b0 f   bugreporter.obj
 0002:000069f0       ?GetUserNameA@CBugReporter@@UAEPBDXZ 1005e9f0 f   bugreporter.obj
 0002:00006a60       ??0CUtlSymbol@@QAE@ABV0@@Z 1005ea60 f i bugreporter.obj
 0002:00006ab0       ?GetUserName_Display@CBugReporter@@UAEPBDXZ 1005eab0 f   bugreporter.obj
 0002:00006b30       ?GetNameCount@CBugReporter@@UAEHXZ 1005eb30 f   bugreporter.obj
 0002:00006b90       ?GetName@CBugReporter@@UAEPBDH@Z 1005eb90 f   bugreporter.obj
 0002:00006c00       ?GetDisplayNameCount@CBugReporter@@UAEHXZ 1005ec00 f   bugreporter.obj
 0002:00006c60       ?GetDisplayName@CBugReporter@@UAEPBDH@Z 1005ec60 f   bugreporter.obj
 0002:00006d00       ?GetUserNameForIndex@CBugReporter@@UAEPBDH@Z 1005ed00 f   bugreporter.obj
 0002:00006da0       ?GetDisplayNameForUserName@CBugReporter@@UAEPBDPBD@Z 1005eda0 f   bugreporter.obj
 0002:00006ec0       ??8CUtlSymbol@@QBE_NABV0@@Z 1005eec0 f i bugreporter.obj
 0002:00006f20       ?GetUserNameForDisplayName@CBugReporter@@UAEPBDPBD@Z 1005ef20 f   bugreporter.obj
 0002:00007040       ?GetAreaMapForArea@CBugReporter@@UAEPBDPBD@Z 1005f040 f   bugreporter.obj
 0002:00007190       ?GetSeverityCount@CBugReporter@@UAEHXZ 1005f190 f   bugreporter.obj
 0002:000071f0       ?GetSeverity@CBugReporter@@UAEPBDH@Z 1005f1f0 f   bugreporter.obj
 0002:00007290       ?GetPriorityCount@CBugReporter@@UAEHXZ 1005f290 f   bugreporter.obj
 0002:000072f0       ?GetPriority@CBugReporter@@UAEPBDH@Z 1005f2f0 f   bugreporter.obj
 0002:00007390       ?GetAreaCount@CBugReporter@@UAEHXZ 1005f390 f   bugreporter.obj
 0002:000073f0       ?GetArea@CBugReporter@@UAEPBDH@Z 1005f3f0 f   bugreporter.obj
 0002:00007490       ?GetAreaMapCount@CBugReporter@@UAEHXZ 1005f490 f   bugreporter.obj
 0002:000074f0       ?GetAreaMap@CBugReporter@@UAEPBDH@Z 1005f4f0 f   bugreporter.obj
 0002:00007590       ?GetMapNumberCount@CBugReporter@@UAEHXZ 1005f590 f   bugreporter.obj
 0002:000075f0       ?GetMapNumber@CBugReporter@@UAEPBDH@Z 1005f5f0 f   bugreporter.obj
 0002:00007690       ?GetReportTypeCount@CBugReporter@@UAEHXZ 1005f690 f   bugreporter.obj
 0002:000076f0       ?GetReportType@CBugReporter@@UAEPBDH@Z 1005f6f0 f   bugreporter.obj
 0002:00007790       ?GetRepositoryURL@CBugReporter@@UAEPBDXZ 1005f790 f   bugreporter.obj
 0002:000077d0       ?GetSubmissionURL@CBugReporter@@UAEPBDXZ 1005f7d0 f   bugreporter.obj
 0002:00007810       ?GetLevelCount@CBugReporter@@UAEHH@Z 1005f810 f   bugreporter.obj
 0002:00007930       ?GetLevel@CBugReporter@@UAEPBDHH@Z 1005f930 f   bugreporter.obj
 0002:00007a80       ?StartNewBugReport@CBugReporter@@UAEXXZ 1005fa80 f   bugreporter.obj
 0002:00007ca0       ??0CBug@@QAE@XZ            1005fca0 f i bugreporter.obj
 0002:00007d10       ?Clear@CBug@@QAEXXZ        1005fd10 f i bugreporter.obj
 0002:00008040       ?CancelNewBugReport@CBugReporter@@UAEXXZ 10060040 f   bugreporter.obj
 0002:000080c0       ?CommitBugReport@CBugReporter@@UAE_NAAH@Z 100600c0 f   bugreporter.obj
 0002:00008500       ?Base@CUtlBuffer@@QAEPAXXZ 10060500 f i bugreporter.obj
 0002:00008600       ??1CUtlBuffer@@QAE@XZ      10060600 f i bugreporter.obj
 0002:00008650       ?SetTitle@CBugReporter@@UAEXPBD@Z 10060650 f   bugreporter.obj
 0002:000087b0       ?SetDescription@CBugReporter@@UAEXPBD@Z 100607b0 f   bugreporter.obj
 0002:00008920       ?SetSubmitter@CBugReporter@@UAEXPBD@Z 10060920 f   bugreporter.obj
 0002:00008ab0       ?SetOwner@CBugReporter@@UAEXPBD@Z 10060ab0 f   bugreporter.obj
 0002:00008c20       ?SetSeverity@CBugReporter@@UAEXPBD@Z 10060c20 f   bugreporter.obj
 0002:00008d90       ?SetPriority@CBugReporter@@UAEXPBD@Z 10060d90 f   bugreporter.obj
 0002:00008f00       ?SetArea@CBugReporter@@UAEXPBD@Z 10060f00 f   bugreporter.obj
 0002:00009090       ?SetMapNumber@CBugReporter@@UAEXPBD@Z 10061090 f   bugreporter.obj
 0002:00009200       ?SetReportType@CBugReporter@@UAEXPBD@Z 10061200 f   bugreporter.obj
 0002:00009370       ?SetLevel@CBugReporter@@UAEXPBD@Z 10061370 f   bugreporter.obj
 0002:000094e0       ?SetDriverInfo@CBugReporter@@UAEXPBD@Z 100614e0 f   bugreporter.obj
 0002:00009650       ?SetMiscInfo@CBugReporter@@UAEXPBD@Z 10061650 f   bugreporter.obj
 0002:000097c0       ?SetPosition@CBugReporter@@UAEXPBD@Z 100617c0 f   bugreporter.obj
 0002:00009930       ?SetOrientation@CBugReporter@@UAEXPBD@Z 10061930 f   bugreporter.obj
 0002:00009aa0       ?SetBuildNumber@CBugReporter@@UAEXPBD@Z 10061aa0 f   bugreporter.obj
 0002:00009c10       ?SetScreenShot@CBugReporter@@UAEXPBD@Z 10061c10 f   bugreporter.obj
 0002:00009d80       ?SetSaveGame@CBugReporter@@UAEXPBD@Z 10061d80 f   bugreporter.obj
 0002:00009ef0       ?SetBSPName@CBugReporter@@UAEXPBD@Z 10061ef0 f   bugreporter.obj
 0002:0000a060       ?SetVMFName@CBugReporter@@UAEXPBD@Z 10062060 f   bugreporter.obj
 0002:0000a1d0       ?AddIncludedFile@CBugReporter@@UAEXPBD@Z 100621d0 f   bugreporter.obj
 0002:0000a2a0       ?ResetIncludedFiles@CBugReporter@@UAEXXZ 100622a0 f   bugreporter.obj
 0002:0000a300       ?PopulateChoiceList@CBugReporter@@AAE_NPBDAAV?$CUtlVector@VCUtlSymbol@@V?$CUtlMemory@VCUtlSymbol@@H@@@@@Z 10062300 f   bugreporter.obj
 0002:0000a3f0       ?SymbolLessThan@CBugReporter@@QAE_NABVCUtlSymbol@@0@Z 100623f0 f   bugreporter.obj
 0002:0000a4b0       ?PopulateLists@CBugReporter@@AAE_NXZ 100624b0 f   bugreporter.obj
 0002:0000ab70       ?IsValid@CUtlSymbol@@QBE_NXZ 10062b70 f i bugreporter.obj
 0002:0000abc0       ??0?$CUtlMap@VCUtlSymbol@@PAV?$CUtlVector@VCUtlSymbol@@V?$CUtlMemory@VCUtlSymbol@@H@@@@G@@QAE@HHP6A_NABVCUtlSymbol@@0@Z@Z 10062bc0 f i bugreporter.obj
 0002:0000ac40       ??A?$CUtlMap@VCUtlSymbol@@PAV?$CUtlVector@VCUtlSymbol@@V?$CUtlMemory@VCUtlSymbol@@H@@@@G@@QAEAAPAV?$CUtlVector@VCUtlSymbol@@V?$CUtlMemory@VCUtlSymbol@@H@@@@G@Z 10062c40 f i bugreporter.obj
 0002:0000aca0       ?IsValidIndex@?$CUtlMap@VCUtlSymbol@@PAV?$CUtlVector@VCUtlSymbol@@V?$CUtlMemory@VCUtlSymbol@@H@@@@G@@QBE_NG@Z 10062ca0 f i bugreporter.obj
 0002:0000ad00       ?SetLessFunc@?$CUtlMap@VCUtlSymbol@@PAV?$CUtlVector@VCUtlSymbol@@V?$CUtlMemory@VCUtlSymbol@@H@@@@G@@QAEXP6A_NABVCUtlSymbol@@0@Z@Z 10062d00 f i bugreporter.obj
 0002:0000ad70       ?Insert@?$CUtlMap@VCUtlSymbol@@PAV?$CUtlVector@VCUtlSymbol@@V?$CUtlMemory@VCUtlSymbol@@H@@@@G@@QAEGABVCUtlSymbol@@ABQAV?$CUtlVector@VCUtlSymbol@@V?$CUtlMemory@VCUtlSymbol@@H@@@@@Z 10062d70 f i bugreporter.obj
 0002:0000ae20       ?Find@?$CUtlMap@VCUtlSymbol@@PAV?$CUtlVector@VCUtlSymbol@@V?$CUtlMemory@VCUtlSymbol@@H@@@@G@@QBEGABVCUtlSymbol@@@Z 10062e20 f i bugreporter.obj
 0002:0000aed0       ?RemoveAll@?$CUtlMap@VCUtlSymbol@@PAV?$CUtlVector@VCUtlSymbol@@V?$CUtlMemory@VCUtlSymbol@@H@@@@G@@QAEXXZ 10062ed0 f i bugreporter.obj
 0002:0000af20       ??0CKeyLess@?$CUtlMap@VCUtlSymbol@@PAV?$CUtlVector@VCUtlSymbol@@V?$CUtlMemory@VCUtlSymbol@@H@@@@G@@QAE@P6A_NABVCUtlSymbol@@0@Z@Z 10062f20 f i bugreporter.obj
 0002:0000af70       ??0Node_t@?$CUtlMap@VCUtlSymbol@@PAV?$CUtlVector@VCUtlSymbol@@V?$CUtlMemory@VCUtlSymbol@@H@@@@G@@QAE@XZ 10062f70 f i bugreporter.obj
 0002:0000afd0       ??1?$CUtlMemory@EH@@QAE@XZ 10062fd0 f i bugreporter.obj
 0002:0000b020       ?Base@?$CUtlMemory@EH@@QAEPAEXZ 10063020 f i bugreporter.obj
 0002:0000b160       ?Purge@?$CUtlMemory@EH@@QAEXXZ 10063160 f i bugreporter.obj
 0002:0000b210       ?IsExternallyAllocated@?$CUtlMemory@EH@@QBE_NXZ 10063210 f i bugreporter.obj
 0002:0000b260       ??0?$CUtlVector@Uincfile@CBug@@V?$CUtlMemory@Uincfile@CBug@@H@@@@QAE@HH@Z 10063260 f i bugreporter.obj
 0002:0000b2e0       ??1?$CUtlVector@Uincfile@CBug@@V?$CUtlMemory@Uincfile@CBug@@H@@@@QAE@XZ 100632e0 f i bugreporter.obj
 0002:0000b340       ?AddToTail@?$CUtlVector@Uincfile@CBug@@V?$CUtlMemory@Uincfile@CBug@@H@@@@QAEHABUincfile@CBug@@@Z 10063340 f i bugreporter.obj
 0002:0000b4d0       ?Purge@?$CUtlVector@Uincfile@CBug@@V?$CUtlMemory@Uincfile@CBug@@H@@@@QAEXXZ 100634d0 f i bugreporter.obj
 0002:0000b540       ??0?$CUtlVector@VCUtlSymbol@@V?$CUtlMemory@VCUtlSymbol@@H@@@@QAE@HH@Z 10063540 f i bugreporter.obj
 0002:0000b5c0       ??1?$CUtlVector@VCUtlSymbol@@V?$CUtlMemory@VCUtlSymbol@@H@@@@QAE@XZ 100635c0 f i bugreporter.obj
 0002:0000b620       ??A?$CUtlVector@VCUtlSymbol@@V?$CUtlMemory@VCUtlSymbol@@H@@@@QAEAAVCUtlSymbol@@H@Z 10063620 f i bugreporter.obj
 0002:0000b680       ?Count@?$CUtlVector@VCUtlSymbol@@V?$CUtlMemory@VCUtlSymbol@@H@@@@QBEHXZ 10063680 f i bugreporter.obj
 0002:0000b6c0       ?AddToTail@?$CUtlVector@VCUtlSymbol@@V?$CUtlMemory@VCUtlSymbol@@H@@@@QAEHABVCUtlSymbol@@@Z 100636c0 f i bugreporter.obj
 0002:0000b850       ?Purge@?$CUtlVector@VCUtlSymbol@@V?$CUtlMemory@VCUtlSymbol@@H@@@@QAEXXZ 10063850 f i bugreporter.obj
 0002:0000b8c0       ??0?$CUtlRBTree@UNode_t@?$CUtlMap@VCUtlSymbol@@PAV?$CUtlVector@VCUtlSymbol@@V?$CUtlMemory@VCUtlSymbol@@H@@@@G@@GVCKeyLess@2@V?$CUtlMemory@U?$UtlRBTreeNode_t@UNode_t@?$CUtlMap@VCUtlSymbol@@PAV?$CUtlVector@VCUtlSymbol@@V?$CUtlMemory@VCUtlSymbol@@H@@@@G@@G@@G@@@@QAE@HHABVCKeyLess@?$CUtlMap@VCUtlSymbol@@PAV?$CUtlVector@VCUtlSymbol@@V?$CUtlMemory@VCUtlSymbol@@H@@@@G@@@Z 100638c0 f i bugreporter.obj
 0002:0000b980       ??1?$CUtlRBTree@UNode_t@?$CUtlMap@VCUtlSymbol@@PAV?$CUtlVector@VCUtlSymbol@@V?$CUtlMemory@VCUtlSymbol@@H@@@@G@@GVCKeyLess@2@V?$CUtlMemory@U?$UtlRBTreeNode_t@UNode_t@?$CUtlMap@VCUtlSymbol@@PAV?$CUtlVector@VCUtlSymbol@@V?$CUtlMemory@VCUtlSymbol@@H@@@@G@@G@@G@@@@QAE@XZ 10063980 f i bugreporter.obj
 0002:0000b9e0       ?Element@?$CUtlRBTree@UNode_t@?$CUtlMap@VCUtlSymbol@@PAV?$CUtlVector@VCUtlSymbol@@V?$CUtlMemory@VCUtlSymbol@@H@@@@G@@GVCKeyLess@2@V?$CUtlMemory@U?$UtlRBTreeNode_t@UNode_t@?$CUtlMap@VCUtlSymbol@@PAV?$CUtlVector@VCUtlSymbol@@V?$CUtlMemory@VCUtlSymbol@@H@@@@G@@G@@G@@@@QAEAAUNode_t@?$CUtlMap@VCUtlSymbol@@PAV?$CUtlVector@VCUtlSymbol@@V?$CUtlMemory@VCUtlSymbol@@H@@@@G@@G@Z 100639e0 f i bugreporter.obj
 0002:0000ba40       ?IsValidIndex@?$CUtlRBTree@UNode_t@?$CUtlMap@VCUtlSymbol@@PAV?$CUtlVector@VCUtlSymbol@@V?$CUtlMemory@VCUtlSymbol@@H@@@@G@@GVCKeyLess@2@V?$CUtlMemory@U?$UtlRBTreeNode_t@UNode_t@?$CUtlMap@VCUtlSymbol@@PAV?$CUtlVector@VCUtlSymbol@@V?$CUtlMemory@VCUtlSymbol@@H@@@@G@@G@@G@@@@QBE_NG@Z 10063a40 f i bugreporter.obj
 0002:0000bb00       ?SetLessFunc@?$CUtlRBTree@UNode_t@?$CUtlMap@VCUtlSymbol@@PAV?$CUtlVector@VCUtlSymbol@@V?$CUtlMemory@VCUtlSymbol@@H@@@@G@@GVCKeyLess@2@V?$CUtlMemory@U?$UtlRBTreeNode_t@UNode_t@?$CUtlMap@VCUtlSymbol@@PAV?$CUtlVector@VCUtlSymbol@@V?$CUtlMemory@VCUtlSymbol@@H@@@@G@@G@@G@@@@QAEXABVCKeyLess@?$CUtlMap@VCUtlSymbol@@PAV?$CUtlVector@VCUtlSymbol@@V?$CUtlMemory@VCUtlSymbol@@H@@@@G@@@Z 10063b00 f i bugreporter.obj
 0002:0000bc70       ?Insert@?$CUtlRBTree@UNode_t@?$CUtlMap@VCUtlSymbol@@PAV?$CUtlVector@VCUtlSymbol@@V?$CUtlMemory@VCUtlSymbol@@H@@@@G@@GVCKeyLess@2@V?$CUtlMemory@U?$UtlRBTreeNode_t@UNode_t@?$CUtlMap@VCUtlSymbol@@PAV?$CUtlVector@VCUtlSymbol@@V?$CUtlMemory@VCUtlSymbol@@H@@@@G@@G@@G@@@@QAEGABUNode_t@?$CUtlMap@VCUtlSymbol@@PAV?$CUtlVector@VCUtlSymbol@@V?$CUtlMemory@VCUtlSymbol@@H@@@@G@@@Z 10063c70 f i bugreporter.obj
 0002:0000bd70       ?Find@?$CUtlRBTree@UNode_t@?$CUtlMap@VCUtlSymbol@@PAV?$CUtlVector@VCUtlSymbol@@V?$CUtlMemory@VCUtlSymbol@@H@@@@G@@GVCKeyLess@2@V?$CUtlMemory@U?$UtlRBTreeNode_t@UNode_t@?$CUtlMap@VCUtlSymbol@@PAV?$CUtlVector@VCUtlSymbol@@V?$CUtlMemory@VCUtlSymbol@@H@@@@G@@G@@G@@@@QBEGABUNode_t@?$CUtlMap@VCUtlSymbol@@PAV?$CUtlVector@VCUtlSymbol@@V?$CUtlMemory@VCUtlSymbol@@H@@@@G@@@Z 10063d70 f i bugreporter.obj
 0002:0000bf60       ?RemoveAll@?$CUtlRBTree@UNode_t@?$CUtlMap@VCUtlSymbol@@PAV?$CUtlVector@VCUtlSymbol@@V?$CUtlMemory@VCUtlSymbol@@H@@@@G@@GVCKeyLess@2@V?$CUtlMemory@U?$UtlRBTreeNode_t@UNode_t@?$CUtlMap@VCUtlSymbol@@PAV?$CUtlVector@VCUtlSymbol@@V?$CUtlMemory@VCUtlSymbol@@H@@@@G@@G@@G@@@@QAEXXZ 10063f60 f i bugreporter.obj
 0002:0000c510       ?Base@?$CUtlVector@Uincfile@CBug@@V?$CUtlMemory@Uincfile@CBug@@H@@@@QAEPAUincfile@CBug@@XZ 10064510 f i bugreporter.obj
 0002:0000c560       ?ResetDbgInfo@?$CUtlVector@Uincfile@CBug@@V?$CUtlMemory@Uincfile@CBug@@H@@@@IAEXXZ 10064560 f i bugreporter.obj
 0002:0000c5c0       ?Base@?$CUtlVector@VCUtlSymbol@@V?$CUtlMemory@VCUtlSymbol@@H@@@@QAEPAVCUtlSymbol@@XZ 100645c0 f i bugreporter.obj
 0002:0000c610       ?ResetDbgInfo@?$CUtlVector@VCUtlSymbol@@V?$CUtlMemory@VCUtlSymbol@@H@@@@IAEXXZ 10064610 f i bugreporter.obj
 0002:0000c670       ?ResetDbgInfo@?$CUtlRBTree@UNode_t@?$CUtlMap@VCUtlSymbol@@PAV?$CUtlVector@VCUtlSymbol@@V?$CUtlMemory@VCUtlSymbol@@H@@@@G@@GVCKeyLess@2@V?$CUtlMemory@U?$UtlRBTreeNode_t@UNode_t@?$CUtlMap@VCUtlSymbol@@PAV?$CUtlVector@VCUtlSymbol@@V?$CUtlMemory@VCUtlSymbol@@H@@@@G@@G@@G@@@@IAEXXZ 10064670 f i bugreporter.obj
 0002:0000c6d0       ??7CKeyLess@?$CUtlMap@VCUtlSymbol@@PAV?$CUtlVector@VCUtlSymbol@@V?$CUtlMemory@VCUtlSymbol@@H@@@@G@@QBE_NXZ 100646d0 f i bugreporter.obj
 0002:0000c720       ??RCKeyLess@?$CUtlMap@VCUtlSymbol@@PAV?$CUtlVector@VCUtlSymbol@@V?$CUtlMemory@VCUtlSymbol@@H@@@@G@@QBE_NABUNode_t@1@0@Z 10064720 f i bugreporter.obj
 0002:0000c790       ?First@?$CUtlMemory@U?$UtlRBTreeNode_t@UNode_t@?$CUtlMap@VCUtlSymbol@@PAV?$CUtlVector@VCUtlSymbol@@V?$CUtlMemory@VCUtlSymbol@@H@@@@G@@G@@G@@QBE?AVIterator_t@1@XZ 10064790 f i bugreporter.obj
 0002:0000c830       ?Next@?$CUtlMemory@U?$UtlRBTreeNode_t@UNode_t@?$CUtlMap@VCUtlSymbol@@PAV?$CUtlVector@VCUtlSymbol@@V?$CUtlMemory@VCUtlSymbol@@H@@@@G@@G@@G@@QBE?AVIterator_t@1@ABV21@@Z 10064830 f i bugreporter.obj
 0002:0000c8e0       ?GetIndex@?$CUtlMemory@U?$UtlRBTreeNode_t@UNode_t@?$CUtlMap@VCUtlSymbol@@PAV?$CUtlVector@VCUtlSymbol@@V?$CUtlMemory@VCUtlSymbol@@H@@@@G@@G@@G@@QBEGABVIterator_t@1@@Z 100648e0 f i bugreporter.obj
 0002:0000c920       ?IsIdxAfter@?$CUtlMemory@U?$UtlRBTreeNode_t@UNode_t@?$CUtlMap@VCUtlSymbol@@PAV?$CUtlVector@VCUtlSymbol@@V?$CUtlMemory@VCUtlSymbol@@H@@@@G@@G@@G@@QBE_NGABVIterator_t@1@@Z 10064920 f i bugreporter.obj
 0002:0000c970       ?InvalidIterator@?$CUtlMemory@U?$UtlRBTreeNode_t@UNode_t@?$CUtlMap@VCUtlSymbol@@PAV?$CUtlVector@VCUtlSymbol@@V?$CUtlMemory@VCUtlSymbol@@H@@@@G@@G@@G@@QBE?AVIterator_t@1@XZ 10064970 f i bugreporter.obj
 0002:0000c9d0       ??8Iterator_t@?$CUtlMemory@U?$UtlRBTreeNode_t@UNode_t@?$CUtlMap@VCUtlSymbol@@PAV?$CUtlVector@VCUtlSymbol@@V?$CUtlMemory@VCUtlSymbol@@H@@@@G@@G@@G@@QBE_NV01@@Z 100649d0 f i bugreporter.obj
 0002:0000ca20       ??9Iterator_t@?$CUtlMemory@U?$UtlRBTreeNode_t@UNode_t@?$CUtlMap@VCUtlSymbol@@PAV?$CUtlVector@VCUtlSymbol@@V?$CUtlMemory@VCUtlSymbol@@H@@@@G@@G@@G@@QBE_NV01@@Z 10064a20 f i bugreporter.obj
 0002:0000ca70       ?InvalidIndex@?$CUtlMemory@U?$UtlRBTreeNode_t@UNode_t@?$CUtlMap@VCUtlSymbol@@PAV?$CUtlVector@VCUtlSymbol@@V?$CUtlMemory@VCUtlSymbol@@H@@@@G@@G@@G@@SAGXZ 10064a70 f i bugreporter.obj
 0002:0000cab0       ??0Iterator_t@?$CUtlMemory@U?$UtlRBTreeNode_t@UNode_t@?$CUtlMap@VCUtlSymbol@@PAV?$CUtlVector@VCUtlSymbol@@V?$CUtlMemory@VCUtlSymbol@@H@@@@G@@G@@G@@QAE@G@Z 10064ab0 f i bugreporter.obj
 0002:0000cb00       ?IsReadOnly@?$CUtlMemory@EH@@QBE_NXZ 10064b00 f i bugreporter.obj
 0002:0000cb50       ??0?$CUtlMemory@Uincfile@CBug@@H@@QAE@HH@Z 10064b50 f i bugreporter.obj
 0002:0000cd80       ??0CMemAllocAttributeAlloction@@QAE@PBDH@Z 10064d80 f i bugreporter.obj
 0002:0000ce00       ??1CMemAllocAttributeAlloction@@QAE@XZ 10064e00 f i bugreporter.obj
 0002:0000ce70       ??1?$CUtlMemory@Uincfile@CBug@@H@@QAE@XZ 10064e70 f i bugreporter.obj
 0002:0000cec0       ?Base@?$CUtlMemory@Uincfile@CBug@@H@@QAEPAUincfile@CBug@@XZ 10064ec0 f i bugreporter.obj
 0002:0000d000       ?Purge@?$CUtlMemory@Uincfile@CBug@@H@@QAEXXZ 10065000 f i bugreporter.obj
 0002:0000d0b0       ?Count@?$CUtlVector@Uincfile@CBug@@V?$CUtlMemory@Uincfile@CBug@@H@@@@QBEHXZ 100650b0 f i bugreporter.obj
 0002:0000d0f0       ?InsertBefore@?$CUtlVector@Uincfile@CBug@@V?$CUtlMemory@Uincfile@CBug@@H@@@@QAEHHABUincfile@CBug@@@Z 100650f0 f i bugreporter.obj
 0002:0000d3b0       ?RemoveAll@?$CUtlVector@Uincfile@CBug@@V?$CUtlMemory@Uincfile@CBug@@H@@@@QAEXXZ 100653b0 f i bugreporter.obj
 0002:0000d440       ??0?$CUtlMemory@VCUtlSymbol@@H@@QAE@HH@Z 10065440 f i bugreporter.obj
 0002:0000d670       ??1?$CUtlMemory@VCUtlSymbol@@H@@QAE@XZ 10065670 f i bugreporter.obj
 0002:0000d6c0       ??A?$CUtlMemory@VCUtlSymbol@@H@@QAEAAVCUtlSymbol@@H@Z 100656c0 f i bugreporter.obj
 0002:0000d900       ?Base@?$CUtlMemory@VCUtlSymbol@@H@@QAEPAVCUtlSymbol@@XZ 10065900 f i bugreporter.obj
 0002:0000da40       ?Purge@?$CUtlMemory@VCUtlSymbol@@H@@QAEXXZ 10065a40 f i bugreporter.obj
 0002:0000daf0       ?InsertBefore@?$CUtlVector@VCUtlSymbol@@V?$CUtlMemory@VCUtlSymbol@@H@@@@QAEHHABVCUtlSymbol@@@Z 10065af0 f i bugreporter.obj
 0002:0000ddb0       ?RemoveAll@?$CUtlVector@VCUtlSymbol@@V?$CUtlMemory@VCUtlSymbol@@H@@@@QAEXXZ 10065db0 f i bugreporter.obj
 0002:0000de40       ??0?$CUtlMemory@U?$UtlRBTreeNode_t@UNode_t@?$CUtlMap@VCUtlSymbol@@PAV?$CUtlVector@VCUtlSymbol@@V?$CUtlMemory@VCUtlSymbol@@H@@@@G@@G@@G@@QAE@HH@Z 10065e40 f i bugreporter.obj
 0002:0000e070       ??1?$CUtlMemory@U?$UtlRBTreeNode_t@UNode_t@?$CUtlMap@VCUtlSymbol@@PAV?$CUtlVector@VCUtlSymbol@@V?$CUtlMemory@VCUtlSymbol@@H@@@@G@@G@@G@@QAE@XZ 10066070 f i bugreporter.obj
 0002:0000e0c0       ??A?$CUtlMemory@U?$UtlRBTreeNode_t@UNode_t@?$CUtlMap@VCUtlSymbol@@PAV?$CUtlVector@VCUtlSymbol@@V?$CUtlMemory@VCUtlSymbol@@H@@@@G@@G@@G@@QAEAAU?$UtlRBTreeNode_t@UNode_t@?$CUtlMap@VCUtlSymbol@@PAV?$CUtlVector@VCUtlSymbol@@V?$CUtlMemory@VCUtlSymbol@@H@@@@G@@G@@G@Z 100660c0 f i bugreporter.obj
 0002:0000e300       ?IsIdxValid@?$CUtlMemory@U?$UtlRBTreeNode_t@UNode_t@?$CUtlMap@VCUtlSymbol@@PAV?$CUtlVector@VCUtlSymbol@@V?$CUtlMemory@VCUtlSymbol@@H@@@@G@@G@@G@@QBE_NG@Z 10066300 f i bugreporter.obj
 0002:0000e380       ?Base@?$CUtlMemory@U?$UtlRBTreeNode_t@UNode_t@?$CUtlMap@VCUtlSymbol@@PAV?$CUtlVector@VCUtlSymbol@@V?$CUtlMemory@VCUtlSymbol@@H@@@@G@@G@@G@@QAEPAU?$UtlRBTreeNode_t@UNode_t@?$CUtlMap@VCUtlSymbol@@PAV?$CUtlVector@VCUtlSymbol@@V?$CUtlMemory@VCUtlSymbol@@H@@@@G@@G@@XZ 10066380 f i bugreporter.obj
 0002:0000e4c0       ?Element@?$CUtlRBTree@UNode_t@?$CUtlMap@VCUtlSymbol@@PAV?$CUtlVector@VCUtlSymbol@@V?$CUtlMemory@VCUtlSymbol@@H@@@@G@@GVCKeyLess@2@V?$CUtlMemory@U?$UtlRBTreeNode_t@UNode_t@?$CUtlMap@VCUtlSymbol@@PAV?$CUtlVector@VCUtlSymbol@@V?$CUtlMemory@VCUtlSymbol@@H@@@@G@@G@@G@@@@QBEABUNode_t@?$CUtlMap@VCUtlSymbol@@PAV?$CUtlVector@VCUtlSymbol@@V?$CUtlMemory@VCUtlSymbol@@H@@@@G@@G@Z 100664c0 f i bugreporter.obj
 0002:0000e520       ?Count@?$CUtlRBTree@UNode_t@?$CUtlMap@VCUtlSymbol@@PAV?$CUtlVector@VCUtlSymbol@@V?$CUtlMemory@VCUtlSymbol@@H@@@@G@@GVCKeyLess@2@V?$CUtlMemory@U?$UtlRBTreeNode_t@UNode_t@?$CUtlMap@VCUtlSymbol@@PAV?$CUtlVector@VCUtlSymbol@@V?$CUtlMemory@VCUtlSymbol@@H@@@@G@@G@@G@@@@QBEIXZ 10066520 f i bugreporter.obj
 0002:0000e560       ?LeftChild@?$CUtlRBTree@UNode_t@?$CUtlMap@VCUtlSymbol@@PAV?$CUtlVector@VCUtlSymbol@@V?$CUtlMemory@VCUtlSymbol@@H@@@@G@@GVCKeyLess@2@V?$CUtlMemory@U?$UtlRBTreeNode_t@UNode_t@?$CUtlMap@VCUtlSymbol@@PAV?$CUtlVector@VCUtlSymbol@@V?$CUtlMemory@VCUtlSymbol@@H@@@@G@@G@@G@@@@QBEGG@Z 10066560 f i bugreporter.obj
 0002:0000e5c0       ?RightChild@?$CUtlRBTree@UNode_t@?$CUtlMap@VCUtlSymbol@@PAV?$CUtlVector@VCUtlSymbol@@V?$CUtlMemory@VCUtlSymbol@@H@@@@G@@GVCKeyLess@2@V?$CUtlMemory@U?$UtlRBTreeNode_t@UNode_t@?$CUtlMap@VCUtlSymbol@@PAV?$CUtlVector@VCUtlSymbol@@V?$CUtlMemory@VCUtlSymbol@@H@@@@G@@G@@G@@@@QBEGG@Z 100665c0 f i bugreporter.obj
 0002:0000e620       ?IsValid@?$CUtlRBTree@UNode_t@?$CUtlMap@VCUtlSymbol@@PAV?$CUtlVector@VCUtlSymbol@@V?$CUtlMemory@VCUtlSymbol@@H@@@@G@@GVCKeyLess@2@V?$CUtlMemory@U?$UtlRBTreeNode_t@UNode_t@?$CUtlMap@VCUtlSymbol@@PAV?$CUtlVector@VCUtlSymbol@@V?$CUtlMemory@VCUtlSymbol@@H@@@@G@@G@@G@@@@QBE_NXZ 10066620 f i bugreporter.obj
 0002:0000e710       ?InvalidIndex@?$CUtlRBTree@UNode_t@?$CUtlMap@VCUtlSymbol@@PAV?$CUtlVector@VCUtlSymbol@@V?$CUtlMemory@VCUtlSymbol@@H@@@@G@@GVCKeyLess@2@V?$CUtlMemory@U?$UtlRBTreeNode_t@UNode_t@?$CUtlMap@VCUtlSymbol@@PAV?$CUtlVector@VCUtlSymbol@@V?$CUtlMemory@VCUtlSymbol@@H@@@@G@@G@@G@@@@SAGXZ 10066710 f i bugreporter.obj
 0002:0000e760       ?Purge@?$CUtlRBTree@UNode_t@?$CUtlMap@VCUtlSymbol@@PAV?$CUtlVector@VCUtlSymbol@@V?$CUtlMemory@VCUtlSymbol@@H@@@@G@@GVCKeyLess@2@V?$CUtlMemory@U?$UtlRBTreeNode_t@UNode_t@?$CUtlMap@VCUtlSymbol@@PAV?$CUtlVector@VCUtlSymbol@@V?$CUtlMemory@VCUtlSymbol@@H@@@@G@@G@@G@@@@QAEXXZ 10066760 f i bugreporter.obj
 0002:0000e7f0       ?SetLeftChild@?$CUtlRBTree@UNode_t@?$CUtlMap@VCUtlSymbol@@PAV?$CUtlVector@VCUtlSymbol@@V?$CUtlMemory@VCUtlSymbol@@H@@@@G@@GVCKeyLess@2@V?$CUtlMemory@U?$UtlRBTreeNode_t@UNode_t@?$CUtlMap@VCUtlSymbol@@PAV?$CUtlVector@VCUtlSymbol@@V?$CUtlMemory@VCUtlSymbol@@H@@@@G@@G@@G@@@@IAEXGG@Z 100667f0 f i bugreporter.obj
 0002:0000e850       ?SetRightChild@?$CUtlRBTree@UNode_t@?$CUtlMap@VCUtlSymbol@@PAV?$CUtlVector@VCUtlSymbol@@V?$CUtlMemory@VCUtlSymbol@@H@@@@G@@GVCKeyLess@2@V?$CUtlMemory@U?$UtlRBTreeNode_t@UNode_t@?$CUtlMap@VCUtlSymbol@@PAV?$CUtlVector@VCUtlSymbol@@V?$CUtlMemory@VCUtlSymbol@@H@@@@G@@G@@G@@@@IAEXGG@Z 10066850 f i bugreporter.obj
 0002:0000e8c0       ?InsertAt@?$CUtlRBTree@UNode_t@?$CUtlMap@VCUtlSymbol@@PAV?$CUtlVector@VCUtlSymbol@@V?$CUtlMemory@VCUtlSymbol@@H@@@@G@@GVCKeyLess@2@V?$CUtlMemory@U?$UtlRBTreeNode_t@UNode_t@?$CUtlMap@VCUtlSymbol@@PAV?$CUtlVector@VCUtlSymbol@@V?$CUtlMemory@VCUtlSymbol@@H@@@@G@@G@@G@@@@IAEGG_N@Z 100668c0 f i bugreporter.obj
 0002:0000ea40       ?FindInsertionPosition@?$CUtlRBTree@UNode_t@?$CUtlMap@VCUtlSymbol@@PAV?$CUtlVector@VCUtlSymbol@@V?$CUtlMemory@VCUtlSymbol@@H@@@@G@@GVCKeyLess@2@V?$CUtlMemory@U?$UtlRBTreeNode_t@UNode_t@?$CUtlMap@VCUtlSymbol@@PAV?$CUtlVector@VCUtlSymbol@@V?$CUtlMemory@VCUtlSymbol@@H@@@@G@@G@@G@@@@IAEXABUNode_t@?$CUtlMap@VCUtlSymbol@@PAV?$CUtlVector@VCUtlSymbol@@V?$CUtlMemory@VCUtlSymbol@@H@@@@G@@AAGAA_N@Z 10066a40 f i bugreporter.obj
 0002:0000ec20       ??$CopyConstruct@UNode_t@?$CUtlMap@VCUtlSymbol@@PAV?$CUtlVector@VCUtlSymbol@@V?$CUtlMemory@VCUtlSymbol@@H@@@@G@@@@YAXPAUNode_t@?$CUtlMap@VCUtlSymbol@@PAV?$CUtlVector@VCUtlSymbol@@V?$CUtlMemory@VCUtlSymbol@@H@@@@G@@ABU01@@Z 10066c20 f i bugreporter.obj
 0002:0000ecb0       ??2@YAPAXIPAX@Z            10066cb0 f i bugreporter.obj
 0002:0000ecf0       ??$Destruct@UNode_t@?$CUtlMap@VCUtlSymbol@@PAV?$CUtlVector@VCUtlSymbol@@V?$CUtlMemory@VCUtlSymbol@@H@@@@G@@@@YAXPAUNode_t@?$CUtlMap@VCUtlSymbol@@PAV?$CUtlVector@VCUtlSymbol@@V?$CUtlMemory@VCUtlSymbol@@H@@@@G@@@Z 10066cf0 f i bugreporter.obj
 0002:0000ed50       ?ValidateGrowSize@?$CUtlMemory@Uincfile@CBug@@H@@IAEXXZ 10066d50 f i bugreporter.obj
 0002:0000ed90       ?ValidateGrowSize@?$CUtlMemory@VCUtlSymbol@@H@@IAEXXZ 10066d90 f i bugreporter.obj
 0002:0000edd0       ?ValidateGrowSize@?$CUtlMemory@U?$UtlRBTreeNode_t@UNode_t@?$CUtlMap@VCUtlSymbol@@PAV?$CUtlVector@VCUtlSymbol@@V?$CUtlMemory@VCUtlSymbol@@H@@@@G@@G@@G@@IAEXXZ 10066dd0 f i bugreporter.obj
 0002:0000ee10       ??0Node_t@?$CUtlMap@VCUtlSymbol@@PAV?$CUtlVector@VCUtlSymbol@@V?$CUtlMemory@VCUtlSymbol@@H@@@@G@@QAE@ABU01@@Z 10066e10 f i bugreporter.obj
 0002:0000ee80       ?IsExternallyAllocated@?$CUtlMemory@Uincfile@CBug@@H@@QBE_NXZ 10066e80 f i bugreporter.obj
 0002:0000eed0       ?IsReadOnly@?$CUtlMemory@Uincfile@CBug@@H@@QBE_NXZ 10066ed0 f i bugreporter.obj
 0002:0000ef20       ?Element@?$CUtlVector@Uincfile@CBug@@V?$CUtlMemory@Uincfile@CBug@@H@@@@QAEAAUincfile@CBug@@H@Z 10066f20 f i bugreporter.obj
 0002:0000ef80       ?IsValidIndex@?$CUtlVector@Uincfile@CBug@@V?$CUtlMemory@Uincfile@CBug@@H@@@@QBE_NH@Z 10066f80 f i bugreporter.obj
 0002:0000eff0       ?GrowVector@?$CUtlVector@Uincfile@CBug@@V?$CUtlMemory@Uincfile@CBug@@H@@@@IAEXH@Z 10066ff0 f i bugreporter.obj
 0002:0000f110       ?ShiftElementsRight@?$CUtlVector@Uincfile@CBug@@V?$CUtlMemory@Uincfile@CBug@@H@@@@IAEXHH@Z 10067110 f i bugreporter.obj
 0002:0000f2d0       ?IsIdxValid@?$CUtlMemory@VCUtlSymbol@@H@@QBE_NH@Z 100672d0 f i bugreporter.obj
 0002:0000f340       ?IsExternallyAllocated@?$CUtlMemory@VCUtlSymbol@@H@@QBE_NXZ 10067340 f i bugreporter.obj
 0002:0000f390       ?IsReadOnly@?$CUtlMemory@VCUtlSymbol@@H@@QBE_NXZ 10067390 f i bugreporter.obj
 0002:0000f3e0       ?Element@?$CUtlVector@VCUtlSymbol@@V?$CUtlMemory@VCUtlSymbol@@H@@@@QAEAAVCUtlSymbol@@H@Z 100673e0 f i bugreporter.obj
 0002:0000f440       ?IsValidIndex@?$CUtlVector@VCUtlSymbol@@V?$CUtlMemory@VCUtlSymbol@@H@@@@QBE_NH@Z 10067440 f i bugreporter.obj
 0002:0000f4b0       ?GrowVector@?$CUtlVector@VCUtlSymbol@@V?$CUtlMemory@VCUtlSymbol@@H@@@@IAEXH@Z 100674b0 f i bugreporter.obj
 0002:0000f5d0       ?ShiftElementsRight@?$CUtlVector@VCUtlSymbol@@V?$CUtlMemory@VCUtlSymbol@@H@@@@IAEXHH@Z 100675d0 f i bugreporter.obj
 0002:0000f790       ??A?$CUtlMemory@U?$UtlRBTreeNode_t@UNode_t@?$CUtlMap@VCUtlSymbol@@PAV?$CUtlVector@VCUtlSymbol@@V?$CUtlMemory@VCUtlSymbol@@H@@@@G@@G@@G@@QBEABU?$UtlRBTreeNode_t@UNode_t@?$CUtlMap@VCUtlSymbol@@PAV?$CUtlVector@VCUtlSymbol@@V?$CUtlMemory@VCUtlSymbol@@H@@@@G@@G@@G@Z 10067790 f i bugreporter.obj
 0002:0000f8e0       ?Purge@?$CUtlMemory@U?$UtlRBTreeNode_t@UNode_t@?$CUtlMap@VCUtlSymbol@@PAV?$CUtlVector@VCUtlSymbol@@V?$CUtlMemory@VCUtlSymbol@@H@@@@G@@G@@G@@QAEXXZ 100678e0 f i bugreporter.obj
 0002:0000f990       ?IsReadOnly@?$CUtlMemory@U?$UtlRBTreeNode_t@UNode_t@?$CUtlMap@VCUtlSymbol@@PAV?$CUtlVector@VCUtlSymbol@@V?$CUtlMemory@VCUtlSymbol@@H@@@@G@@G@@G@@QBE_NXZ 10067990 f i bugreporter.obj
 0002:0000f9e0       ?Root@?$CUtlRBTree@UNode_t@?$CUtlMap@VCUtlSymbol@@PAV?$CUtlVector@VCUtlSymbol@@V?$CUtlMemory@VCUtlSymbol@@H@@@@G@@GVCKeyLess@2@V?$CUtlMemory@U?$UtlRBTreeNode_t@UNode_t@?$CUtlMap@VCUtlSymbol@@PAV?$CUtlVector@VCUtlSymbol@@V?$CUtlMemory@VCUtlSymbol@@H@@@@G@@G@@G@@@@QBEGXZ 100679e0 f i bugreporter.obj
 0002:0000fa20       ?Parent@?$CUtlRBTree@UNode_t@?$CUtlMap@VCUtlSymbol@@PAV?$CUtlVector@VCUtlSymbol@@V?$CUtlMemory@VCUtlSymbol@@H@@@@G@@GVCKeyLess@2@V?$CUtlMemory@U?$UtlRBTreeNode_t@UNode_t@?$CUtlMap@VCUtlSymbol@@PAV?$CUtlVector@VCUtlSymbol@@V?$CUtlMemory@VCUtlSymbol@@H@@@@G@@G@@G@@@@QBEGG@Z 10067a20 f i bugreporter.obj
 0002:0000fa80       ?NewNode@?$CUtlRBTree@UNode_t@?$CUtlMap@VCUtlSymbol@@PAV?$CUtlVector@VCUtlSymbol@@V?$CUtlMemory@VCUtlSymbol@@H@@@@G@@GVCKeyLess@2@V?$CUtlMemory@U?$UtlRBTreeNode_t@UNode_t@?$CUtlMap@VCUtlSymbol@@PAV?$CUtlVector@VCUtlSymbol@@V?$CUtlMemory@VCUtlSymbol@@H@@@@G@@G@@G@@@@QAEGXZ 10067a80 f i bugreporter.obj
 0002:000100b0       ?LinkToParent@?$CUtlRBTree@UNode_t@?$CUtlMap@VCUtlSymbol@@PAV?$CUtlVector@VCUtlSymbol@@V?$CUtlMemory@VCUtlSymbol@@H@@@@G@@GVCKeyLess@2@V?$CUtlMemory@U?$UtlRBTreeNode_t@UNode_t@?$CUtlMap@VCUtlSymbol@@PAV?$CUtlVector@VCUtlSymbol@@V?$CUtlMemory@VCUtlSymbol@@H@@@@G@@G@@G@@@@IAEXGG_N@Z 100680b0 f i bugreporter.obj
 0002:000101c0       ?Links@?$CUtlRBTree@UNode_t@?$CUtlMap@VCUtlSymbol@@PAV?$CUtlVector@VCUtlSymbol@@V?$CUtlMemory@VCUtlSymbol@@H@@@@G@@GVCKeyLess@2@V?$CUtlMemory@U?$UtlRBTreeNode_t@UNode_t@?$CUtlMap@VCUtlSymbol@@PAV?$CUtlVector@VCUtlSymbol@@V?$CUtlMemory@VCUtlSymbol@@H@@@@G@@G@@G@@@@IAEAAU?$UtlRBTreeLinks_t@G@@G@Z 100681c0 f i bugreporter.obj
 0002:00010310       ?Links@?$CUtlRBTree@UNode_t@?$CUtlMap@VCUtlSymbol@@PAV?$CUtlVector@VCUtlSymbol@@V?$CUtlMemory@VCUtlSymbol@@H@@@@G@@GVCKeyLess@2@V?$CUtlMemory@U?$UtlRBTreeNode_t@UNode_t@?$CUtlMap@VCUtlSymbol@@PAV?$CUtlVector@VCUtlSymbol@@V?$CUtlMemory@VCUtlSymbol@@H@@@@G@@G@@G@@@@IBEABU?$UtlRBTreeLinks_t@G@@G@Z 10068310 f i bugreporter.obj
 0002:00010400       ??$CopyConstruct@Uincfile@CBug@@@@YAXPAUincfile@CBug@@ABU01@@Z 10068400 f i bugreporter.obj
 0002:000104a0       ??$Destruct@Uincfile@CBug@@@@YAXPAUincfile@CBug@@@Z 100684a0 f i bugreporter.obj
 0002:00010500       ??$CopyConstruct@VCUtlSymbol@@@@YAXPAVCUtlSymbol@@ABV0@@Z 10068500 f i bugreporter.obj
 0002:00010590       ??$Destruct@VCUtlSymbol@@@@YAXPAVCUtlSymbol@@@Z 10068590 f i bugreporter.obj
 0002:000105f0       ?IsValidIterator@?$CUtlMemory@U?$UtlRBTreeNode_t@UNode_t@?$CUtlMap@VCUtlSymbol@@PAV?$CUtlVector@VCUtlSymbol@@V?$CUtlMemory@VCUtlSymbol@@H@@@@G@@G@@G@@QBE_NABVIterator_t@1@@Z 100685f0 f i bugreporter.obj
 0002:00010650       ??A?$CUtlMemory@Uincfile@CBug@@H@@QAEAAUincfile@CBug@@H@Z 10068650 f i bugreporter.obj
 0002:00010890       ?NumAllocated@?$CUtlMemory@Uincfile@CBug@@H@@QBEHXZ 10068890 f i bugreporter.obj
 0002:000108d0       ?Grow@?$CUtlMemory@Uincfile@CBug@@H@@QAEXH@Z 100688d0 f i bugreporter.obj
 0002:00011000       ?UtlMemory_CalcNewAllocationCount@@YAHHHHH@Z 10069000 f i bugreporter.obj
 0002:00011090       ?NumAllocated@?$CUtlMemory@VCUtlSymbol@@H@@QBEHXZ 10069090 f i bugreporter.obj
 0002:000110d0       ?Grow@?$CUtlMemory@VCUtlSymbol@@H@@QAEXH@Z 100690d0 f i bugreporter.obj
 0002:000117f0       ?Grow@?$CUtlMemory@U?$UtlRBTreeNode_t@UNode_t@?$CUtlMap@VCUtlSymbol@@PAV?$CUtlVector@VCUtlSymbol@@V?$CUtlMemory@VCUtlSymbol@@H@@@@G@@G@@G@@QAEXH@Z 100697f0 f i bugreporter.obj
 0002:00011f20       ?IsExternallyAllocated@?$CUtlMemory@U?$UtlRBTreeNode_t@UNode_t@?$CUtlMap@VCUtlSymbol@@PAV?$CUtlVector@VCUtlSymbol@@V?$CUtlMemory@VCUtlSymbol@@H@@@@G@@G@@G@@QBE_NXZ 10069f20 f i bugreporter.obj
 0002:00011f70       ?InsertRebalance@?$CUtlRBTree@UNode_t@?$CUtlMap@VCUtlSymbol@@PAV?$CUtlVector@VCUtlSymbol@@V?$CUtlMemory@VCUtlSymbol@@H@@@@G@@GVCKeyLess@2@V?$CUtlMemory@U?$UtlRBTreeNode_t@UNode_t@?$CUtlMap@VCUtlSymbol@@PAV?$CUtlVector@VCUtlSymbol@@V?$CUtlMemory@VCUtlSymbol@@H@@@@G@@G@@G@@@@IAEXG@Z 10069f70 f i bugreporter.obj
 0002:00012280       ??$Construct@UNode_t@?$CUtlMap@VCUtlSymbol@@PAV?$CUtlVector@VCUtlSymbol@@V?$CUtlMemory@VCUtlSymbol@@H@@@@G@@@@YAXPAUNode_t@?$CUtlMap@VCUtlSymbol@@PAV?$CUtlVector@VCUtlSymbol@@V?$CUtlMemory@VCUtlSymbol@@H@@@@G@@@Z 1006a280 f i bugreporter.obj
 0002:00012310       ?IsIdxValid@?$CUtlMemory@Uincfile@CBug@@H@@QBE_NH@Z 1006a310 f i bugreporter.obj
 0002:00012380       ?IsLeftChild@?$CUtlRBTree@UNode_t@?$CUtlMap@VCUtlSymbol@@PAV?$CUtlVector@VCUtlSymbol@@V?$CUtlMemory@VCUtlSymbol@@H@@@@G@@GVCKeyLess@2@V?$CUtlMemory@U?$UtlRBTreeNode_t@UNode_t@?$CUtlMap@VCUtlSymbol@@PAV?$CUtlVector@VCUtlSymbol@@V?$CUtlMemory@VCUtlSymbol@@H@@@@G@@G@@G@@@@QBE_NG@Z 1006a380 f i bugreporter.obj
 0002:00012400       ?IsRightChild@?$CUtlRBTree@UNode_t@?$CUtlMap@VCUtlSymbol@@PAV?$CUtlVector@VCUtlSymbol@@V?$CUtlMemory@VCUtlSymbol@@H@@@@G@@GVCKeyLess@2@V?$CUtlMemory@U?$UtlRBTreeNode_t@UNode_t@?$CUtlMap@VCUtlSymbol@@PAV?$CUtlVector@VCUtlSymbol@@V?$CUtlMemory@VCUtlSymbol@@H@@@@G@@G@@G@@@@QBE_NG@Z 1006a400 f i bugreporter.obj
 0002:00012480       ?IsRoot@?$CUtlRBTree@UNode_t@?$CUtlMap@VCUtlSymbol@@PAV?$CUtlVector@VCUtlSymbol@@V?$CUtlMemory@VCUtlSymbol@@H@@@@G@@GVCKeyLess@2@V?$CUtlMemory@U?$UtlRBTreeNode_t@UNode_t@?$CUtlMap@VCUtlSymbol@@PAV?$CUtlVector@VCUtlSymbol@@V?$CUtlMemory@VCUtlSymbol@@H@@@@G@@G@@G@@@@QBE_NG@Z 1006a480 f i bugreporter.obj
 0002:000124d0       ?IsRed@?$CUtlRBTree@UNode_t@?$CUtlMap@VCUtlSymbol@@PAV?$CUtlVector@VCUtlSymbol@@V?$CUtlMemory@VCUtlSymbol@@H@@@@G@@GVCKeyLess@2@V?$CUtlMemory@U?$UtlRBTreeNode_t@UNode_t@?$CUtlMap@VCUtlSymbol@@PAV?$CUtlVector@VCUtlSymbol@@V?$CUtlMemory@VCUtlSymbol@@H@@@@G@@G@@G@@@@IBE_NG@Z 1006a4d0 f i bugreporter.obj
 0002:00012540       ?Color@?$CUtlRBTree@UNode_t@?$CUtlMap@VCUtlSymbol@@PAV?$CUtlVector@VCUtlSymbol@@V?$CUtlMemory@VCUtlSymbol@@H@@@@G@@GVCKeyLess@2@V?$CUtlMemory@U?$UtlRBTreeNode_t@UNode_t@?$CUtlMap@VCUtlSymbol@@PAV?$CUtlVector@VCUtlSymbol@@V?$CUtlMemory@VCUtlSymbol@@H@@@@G@@G@@G@@@@IBE?AW4NodeColor_t@1@G@Z 1006a540 f i bugreporter.obj
 0002:000125a0       ?SetColor@?$CUtlRBTree@UNode_t@?$CUtlMap@VCUtlSymbol@@PAV?$CUtlVector@VCUtlSymbol@@V?$CUtlMemory@VCUtlSymbol@@H@@@@G@@GVCKeyLess@2@V?$CUtlMemory@U?$UtlRBTreeNode_t@UNode_t@?$CUtlMap@VCUtlSymbol@@PAV?$CUtlVector@VCUtlSymbol@@V?$CUtlMemory@VCUtlSymbol@@H@@@@G@@G@@G@@@@IAEXGW4NodeColor_t@1@@Z 1006a5a0 f i bugreporter.obj
 0002:00012610       ?RotateLeft@?$CUtlRBTree@UNode_t@?$CUtlMap@VCUtlSymbol@@PAV?$CUtlVector@VCUtlSymbol@@V?$CUtlMemory@VCUtlSymbol@@H@@@@G@@GVCKeyLess@2@V?$CUtlMemory@U?$UtlRBTreeNode_t@UNode_t@?$CUtlMap@VCUtlSymbol@@PAV?$CUtlVector@VCUtlSymbol@@V?$CUtlMemory@VCUtlSymbol@@H@@@@G@@G@@G@@@@IAEXG@Z 1006a610 f i bugreporter.obj
 0002:000127e0       ?RotateRight@?$CUtlRBTree@UNode_t@?$CUtlMap@VCUtlSymbol@@PAV?$CUtlVector@VCUtlSymbol@@V?$CUtlMemory@VCUtlSymbol@@H@@@@G@@GVCKeyLess@2@V?$CUtlMemory@U?$UtlRBTreeNode_t@UNode_t@?$CUtlMap@VCUtlSymbol@@PAV?$CUtlVector@VCUtlSymbol@@V?$CUtlMemory@VCUtlSymbol@@H@@@@G@@G@@G@@@@IAEXG@Z 1006a7e0 f i bugreporter.obj
 0002:000129b0       ?SetParent@?$CUtlRBTree@UNode_t@?$CUtlMap@VCUtlSymbol@@PAV?$CUtlVector@VCUtlSymbol@@V?$CUtlMemory@VCUtlSymbol@@H@@@@G@@GVCKeyLess@2@V?$CUtlMemory@U?$UtlRBTreeNode_t@UNode_t@?$CUtlMap@VCUtlSymbol@@PAV?$CUtlVector@VCUtlSymbol@@V?$CUtlMemory@VCUtlSymbol@@H@@@@G@@G@@G@@@@IAEXGG@Z 1006a9b0 f i bugreporter.obj
 0002:00012a20       ??0Vector2D@@QAE@MM@Z      1006aa20 f i bugreporter.obj
 0002:00012b80       ?IsValid@Vector2D@@QBE_NXZ 1006ab80 f i bugreporter.obj
 0002:00012c30       ?IsFinite@@YA_NM@Z         1006ac30 f i bugreporter.obj
 0002:00012ca0       ?FloatBits@@YAAAKAAM@Z     1006aca0 f i bugreporter.obj
 0002:00012d20       _BuiltDebug                1006ad20 f   memoverride.obj
 0002:00012d50       ?MakeModuleFileName@@YAPBDXZ 1006ad50 f   memoverride.obj
 0002:00012ed0       ?strrchr@@YAPADPADH@Z      1006aed0 f i memoverride.obj
 0002:00012f30       _malloc                    1006af30 f   memoverride.obj
 0002:00013060       _free                      1006b060 f   memoverride.obj
 0002:000130d0       _realloc                   1006b0d0 f   memoverride.obj
 0002:00013220       _calloc                    1006b220 f   memoverride.obj
 0002:000132a0       __malloc_base              1006b2a0 f   memoverride.obj
 0002:000132f0       __calloc_base              1006b2f0 f   memoverride.obj
 0002:00013360       __realloc_base             1006b360 f   memoverride.obj
 0002:000133c0       __recalloc_base            1006b3c0 f   memoverride.obj
 0002:00013430       __free_base                1006b430 f   memoverride.obj
 0002:000134a0       __expand_base              1006b4a0 f   memoverride.obj
 0002:000135e0       __malloc_crt               1006b5e0 f   memoverride.obj
 0002:00013630       __calloc_crt               1006b630 f   memoverride.obj
 0002:00013690       __realloc_crt              1006b690 f   memoverride.obj
 0002:000136f0       __recalloc_crt             1006b6f0 f   memoverride.obj
 0002:00013750       __recalloc                 1006b750 f   memoverride.obj
 0002:000137d0       __msize_base               1006b7d0 f   memoverride.obj
 0002:00013840       __msize                    1006b840 f   memoverride.obj
 0002:00013890       _msize                     1006b890 f   memoverride.obj
 0002:00013900       __heap_alloc               1006b900 f   memoverride.obj
 0002:00013950       __nh_malloc                1006b950 f   memoverride.obj
 0002:000139a0       __expand                   1006b9a0 f   memoverride.obj
 0002:00013ae0       __get_sbh_threshold        1006bae0 f   memoverride.obj
 0002:00013b10       __set_sbh_threshold        1006bb10 f   memoverride.obj
 0002:00013b40       __heapchk                  1006bb40 f   memoverride.obj
 0002:00013bb0       __heapmin                  1006bbb0 f   memoverride.obj
 0002:00013bf0       __heapadd                  1006bbf0 f   memoverride.obj
 0002:00013c20       __heapset                  1006bc20 f   memoverride.obj
 0002:00013c50       __heapused                 1006bc50 f   memoverride.obj
 0002:00013c80       __heapwalk                 1006bc80 f   memoverride.obj
 0002:00013cb0       _malloc_db                 1006bcb0 f   memoverride.obj
 0002:00013d30       _free_db                   1006bd30 f   memoverride.obj
 0002:00013db0       _realloc_db                1006bdb0 f   memoverride.obj
 0002:00013e30       __heap_init                1006be30 f   memoverride.obj
 0002:00013e80       __heap_term                1006be80 f   memoverride.obj
 0002:00013eb0       ??2@YAPAXI@Z               1006beb0 f   memoverride.obj
 0002:00013f00       ??2@YAPAXIHPBDH@Z          1006bf00 f   memoverride.obj
 0002:00013f80       ??3@YAXPAX@Z               1006bf80 f   memoverride.obj
 0002:00013ff0       ??_U@YAPAXI@Z              1006bff0 f   memoverride.obj
 0002:00014040       ??_U@YAPAXIHPBDH@Z         1006c040 f   memoverride.obj
 0002:000140c0       ??_V@YAXPAX@Z              1006c0c0 f   memoverride.obj
 0002:00014130       __nh_malloc_dbg            1006c130 f   memoverride.obj
 0002:00014210       ??0CAttibCRT@@QAE@H@Z      1006c210 f i memoverride.obj
 0002:000142b0       ??1CAttibCRT@@QAE@XZ       1006c2b0 f i memoverride.obj
 0002:00014330       __malloc_dbg               1006c330 f   memoverride.obj
 0002:00014410       __calloc_dbg               1006c410 f   memoverride.obj
 0002:00014510       __realloc_dbg              1006c510 f   memoverride.obj
 0002:000145f0       __expand_dbg               1006c5f0 f   memoverride.obj
 0002:00014730       __free_dbg                 1006c730 f   memoverride.obj
 0002:000147f0       __msize_dbg                1006c7f0 f   memoverride.obj
 0002:00014840       __aligned_malloc_base      1006c840 f   memoverride.obj
 0002:000148a0       ?MemAlloc_AllocAligned@@YAPAXII@Z 1006c8a0 f i memoverride.obj
 0002:000149a0       ?IsPowerOfTwo@@YA_NH@Z     1006c9a0 f i memoverride.obj
 0002:000149f0       __aligned_realloc_base     1006c9f0 f   memoverride.obj
 0002:00014a50       ?MemAlloc_ReallocAligned@@YAPAXPAXII@Z 1006ca50 f i memoverride.obj
 0002:00014bc0       __aligned_recalloc_base    1006cbc0 f   memoverride.obj
 0002:00014c20       __aligned_free_base        1006cc20 f   memoverride.obj
 0002:00014c70       ?MemAlloc_FreeAligned@@YAXPAX@Z 1006cc70 f i memoverride.obj
 0002:00014d10       __aligned_malloc           1006cd10 f   memoverride.obj
 0002:00014d70       __aligned_realloc          1006cd70 f   memoverride.obj
 0002:00014dd0       __aligned_recalloc         1006cdd0 f   memoverride.obj
 0002:00014e30       __aligned_free             1006ce30 f   memoverride.obj
 0002:00014e80       __aligned_offset_malloc_base 1006ce80 f   memoverride.obj
 0002:00014fb0       __aligned_offset_realloc_base 1006cfb0 f   memoverride.obj
 0002:000150e0       __aligned_offset_recalloc_base 1006d0e0 f   memoverride.obj
 0002:00015210       __aligned_offset_malloc    1006d210 f   memoverride.obj
 0002:00015270       __aligned_offset_realloc   1006d270 f   memoverride.obj
 0002:000152d0       __aligned_offset_recalloc  1006d2d0 f   memoverride.obj
 0002:00015340       __CrtDumpMemoryLeaks       1006d340 f   memoverride.obj
 0002:00015370       __CrtSetDumpClient         1006d370 f   memoverride.obj
 0002:000153a0       __CrtSetDbgFlag            1006d3a0 f   memoverride.obj
 0002:00015410       ___p__crtDbgFlag           1006d410 f   memoverride.obj
 0002:00015450       ___p__crtBreakAlloc        1006d450 f   memoverride.obj
 0002:00015490       __CrtSetDbgBlockType       1006d490 f   memoverride.obj
 0002:000154d0       __CrtSetAllocHook          1006d4d0 f   memoverride.obj
 0002:00015520       __CrtSetBreakAlloc         1006d520 f   memoverride.obj
 0002:00015590       __CrtIsValidHeapPointer    1006d590 f   memoverride.obj
 0002:00015600       __CrtIsValidPointer        1006d600 f   memoverride.obj
 0002:00015680       __CrtCheckMemory           1006d680 f   memoverride.obj
 0002:000156f0       __CrtIsMemoryBlock         1006d6f0 f   memoverride.obj
 0002:00015740       __CrtMemDifference         1006d740 f   memoverride.obj
 0002:00015790       __CrtMemDumpStatistics     1006d790 f   memoverride.obj
 0002:000157d0       __CrtMemCheckpoint         1006d7d0 f   memoverride.obj
 0002:00015840       __CrtMemDumpAllObjectsSince 1006d840 f   memoverride.obj
 0002:00015880       __CrtDoForAllClientObjects 1006d880 f   memoverride.obj
 0002:000158c0       __CrtSetReportMode         1006d8c0 f   memoverride.obj
 0002:00015930       __CrtSetReportFile         1006d930 f   memoverride.obj
 0002:000159a0       __CrtSetReportHook         1006d9a0 f   memoverride.obj
 0002:00015a10       __CrtDbgReport             1006da10 f   memoverride.obj
 0002:00015ac0       __invalid_parameter_noinfo 1006dac0 f   memoverride.obj
 0002:00015c00       ___crtMessageWindowW       1006dc00 f   memoverride.obj
 0002:00015d40       __CrtDbgReportV            1006dd40 f   memoverride.obj
 0002:00015e80       __CrtDbgReportW            1006de80 f   memoverride.obj
 0002:00015fc0       __VCrtDbgReportA           1006dfc0 f   memoverride.obj
 0002:00016100       __CrtSetReportHook2        1006e100 f   memoverride.obj
 0002:00016150       __CrtSetCheckCount         1006e150 f   memoverride.obj
 0002:00016190       __CrtGetCheckCount         1006e190 f   memoverride.obj
 0002:000161d0       __aligned_offset_recalloc_dbg 1006e1d0 f   memoverride.obj
 0002:00016340       __aligned_recalloc_dbg     1006e340 f   memoverride.obj
 0002:000163b0       __recalloc_dbg             1006e3b0 f   memoverride.obj
 0002:00016420       __CrtGetReportHook         1006e420 f   memoverride.obj
 0002:00016450       __CrtReportBlockType       1006e450 f   memoverride.obj
 0002:00016480       __heap_alloc_base          1006e480 f   memoverride.obj
 0002:000164f0       __heap_alloc_dbg           1006e4f0 f   memoverride.obj
 0002:00016540       __free_nolock              1006e540 f   memoverride.obj
 0002:00016590       __free_dbg_nolock          1006e590 f   memoverride.obj
 0002:000165e0       __CrtGetAllocHook          1006e5e0 f   memoverride.obj
 0002:00016650       __CrtGetDumpClient         1006e650 f   memoverride.obj
 0002:000166c0       __aligned_malloc_dbg       1006e6c0 f   memoverride.obj
 0002:00016720       __aligned_realloc_dbg      1006e720 f   memoverride.obj
 0002:00016780       __aligned_offset_malloc_dbg 1006e780 f   memoverride.obj
 0002:000167e0       __aligned_offset_realloc_dbg 1006e7e0 f   memoverride.obj
 0002:00016840       __aligned_free_dbg         1006e840 f   memoverride.obj
 0002:00016890       __CrtSetDebugFillThreshold 1006e890 f   memoverride.obj
 0002:00016900       __strdup                   1006e900 f   memoverride.obj
 0002:00016990       __wcsdup_dbg               1006e990 f   memoverride.obj
 0002:00016ad0       __wcsdup                   1006ead0 f   memoverride.obj
 0002:00016c04       _Sleep@4                   1006ec04 f   kernel32:KERNEL32.dll
 0002:00016c0a       _GetModuleFileNameA@12     1006ec0a f   kernel32:KERNEL32.dll
 0002:00016c10       _VirtualQuery@12           1006ec10 f   kernel32:KERNEL32.dll
 0002:00016c16       _HeapAlloc@12              1006ec16 f   kernel32:KERNEL32.dll
 0002:00016c1c       _GetProcessHeap@0          1006ec1c f   kernel32:KERNEL32.dll
 0002:00016c22       _RandomInt                 1006ec22 f   vstdlib:vstdlib.dll
 0002:00016c30       ?Initialize@CUtlSymbol@@KAXXZ 1006ec30 f   tier1:utlsymbol.obj
 0002:00016de0       ??0CUtlSymbolTableMT@@QAE@HH_N@Z 1006ede0 f i tier1:utlsymbol.obj
 0002:00016e60       ?CurrTable@CUtlSymbol@@KAPAVCUtlSymbolTableMT@@XZ 1006ee60 f   tier1:utlsymbol.obj
 0002:00016eb0       ??0CUtlSymbol@@QAE@PBD@Z   1006eeb0 f   tier1:utlsymbol.obj
 0002:00016f30       ??BCUtlSymbol@@QBE?BGXZ    1006ef30 f i tier1:utlsymbol.obj
 0002:00016f70       ?AddString@CUtlSymbolTableMT@@QAE?AVCUtlSymbol@@PBD@Z 1006ef70 f i tier1:utlsymbol.obj
 0002:00017050       ?String@CUtlSymbol@@QBEPBDXZ 1006f050 f   tier1:utlsymbol.obj
 0002:000170c0       ??0CUtlSymbol@@QAE@G@Z     1006f0c0 f i tier1:utlsymbol.obj
 0002:00017110       ?String@CUtlSymbolTableMT@@QBEPBDVCUtlSymbol@@@Z 1006f110 f i tier1:utlsymbol.obj
 0002:000171b0       ?DisableStaticSymbolTable@CUtlSymbol@@SAXXZ 1006f1b0 f   tier1:utlsymbol.obj
 0002:000171f0       ??8CUtlSymbol@@QBE_NPBD@Z  1006f1f0 f   tier1:utlsymbol.obj
 0002:00017270       ??RCLess@CUtlSymbolTable@@QBE_NABVCStringPoolIndex@1@0@Z 1006f270 f   tier1:utlsymbol.obj
 0002:000173e0       ??0CStringPoolIndex@CUtlSymbolTable@@QAE@GG@Z 1006f3e0 f i tier1:utlsymbol.obj
 0002:00017440       ??8CStringPoolIndex@CUtlSymbolTable@@QBE_NABV01@@Z 1006f440 f i tier1:utlsymbol.obj
 0002:000174d0       ?StringFromIndex@CUtlSymbolTable@@ABEPBDABVCStringPoolIndex@1@@Z 1006f4d0 f i tier1:utlsymbol.obj
 0002:00017750       ??0CUtlSymbolTable@@QAE@HH_N@Z 1006f750 f   tier1:utlsymbol.obj
 0002:000177d0       ??0CTree@CUtlSymbolTable@@QAE@HH@Z 1006f7d0 f i tier1:utlsymbol.obj
 0002:00017850       ??0CLess@CUtlSymbolTable@@QAE@H@Z 1006f850 f i tier1:utlsymbol.obj
 0002:00017890       ??1CUtlSymbolTable@@QAE@XZ 1006f890 f   tier1:utlsymbol.obj
 0002:00017900       ??1CTree@CUtlSymbolTable@@QAE@XZ 1006f900 f i tier1:utlsymbol.obj
 0002:00017950       ?Find@CUtlSymbolTable@@QBE?AVCUtlSymbol@@PBD@Z 1006f950 f   tier1:utlsymbol.obj
 0002:00017a10       ?FindPoolWithSpace@CUtlSymbolTable@@ABEHH@Z 1006fa10 f   tier1:utlsymbol.obj
 0002:00017ac0       ?AddString@CUtlSymbolTable@@QAE?AVCUtlSymbol@@PBD@Z 1006fac0 f   tier1:utlsymbol.obj
 0002:00017e40       ??0CStringPoolIndex@CUtlSymbolTable@@QAE@XZ 1006fe40 f i tier1:utlsymbol.obj
 0002:00017e80       ?String@CUtlSymbolTable@@QBEPBDVCUtlSymbol@@@Z 1006fe80 f   tier1:utlsymbol.obj
 0002:00018010       ?RemoveAll@CUtlSymbolTable@@QAEXXZ 10070010 f   tier1:utlsymbol.obj
 0002:000180e0       ?FindOrAddFileName@CUtlFilenameSymbolTable@@QAEPAXPBD@Z 100700e0 f   tier1:utlsymbol.obj
 0002:00018390       ??0FileNameHandleInternal_t@CUtlFilenameSymbolTable@@QAE@XZ 10070390 f i tier1:utlsymbol.obj
 0002:000183e0       ?FindFileName@CUtlFilenameSymbolTable@@QAEPAXPBD@Z 100703e0 f   tier1:utlsymbol.obj
 0002:00018610       ?String@CUtlFilenameSymbolTable@@QAE_NABQAXPADH@Z 10070610 f   tier1:utlsymbol.obj
 0002:00018730       ?RemoveAll@CUtlFilenameSymbolTable@@QAEXXZ 10070730 f   tier1:utlsymbol.obj
 0002:00018780       ?SpewStrings@CUtlFilenameSymbolTable@@QAEXXZ 10070780 f   tier1:utlsymbol.obj
 0002:00018810       ??0?$CUtlRBTree@VCStringPoolIndex@CUtlSymbolTable@@GVCLess@2@V?$CUtlMemory@U?$UtlRBTreeNode_t@VCStringPoolIndex@CUtlSymbolTable@@G@@G@@@@QAE@HHABVCLess@CUtlSymbolTable@@@Z 10070810 f i tier1:utlsymbol.obj
 0002:000188c0       ??1?$CUtlRBTree@VCStringPoolIndex@CUtlSymbolTable@@GVCLess@2@V?$CUtlMemory@U?$UtlRBTreeNode_t@VCStringPoolIndex@CUtlSymbolTable@@G@@G@@@@QAE@XZ 100708c0 f i tier1:utlsymbol.obj
 0002:00018920       ??A?$CUtlRBTree@VCStringPoolIndex@CUtlSymbolTable@@GVCLess@2@V?$CUtlMemory@U?$UtlRBTreeNode_t@VCStringPoolIndex@CUtlSymbolTable@@G@@G@@@@QBEABVCStringPoolIndex@CUtlSymbolTable@@G@Z 10070920 f i tier1:utlsymbol.obj
 0002:00018980       ?IsValidIndex@?$CUtlRBTree@VCStringPoolIndex@CUtlSymbolTable@@GVCLess@2@V?$CUtlMemory@U?$UtlRBTreeNode_t@VCStringPoolIndex@CUtlSymbolTable@@G@@G@@@@QBE_NG@Z 10070980 f i tier1:utlsymbol.obj
 0002:00018a40       ?Insert@?$CUtlRBTree@VCStringPoolIndex@CUtlSymbolTable@@GVCLess@2@V?$CUtlMemory@U?$UtlRBTreeNode_t@VCStringPoolIndex@CUtlSymbolTable@@G@@G@@@@QAEGABVCStringPoolIndex@CUtlSymbolTable@@@Z 10070a40 f i tier1:utlsymbol.obj
 0002:00018b40       ?Find@?$CUtlRBTree@VCStringPoolIndex@CUtlSymbolTable@@GVCLess@2@V?$CUtlMemory@U?$UtlRBTreeNode_t@VCStringPoolIndex@CUtlSymbolTable@@G@@G@@@@QBEGABVCStringPoolIndex@CUtlSymbolTable@@@Z 10070b40 f i tier1:utlsymbol.obj
 0002:00018d30       ??7CLess@CUtlSymbolTable@@QBE_NXZ 10070d30 f i tier1:utlsymbol.obj
 0002:00018d70       ?Purge@?$CUtlRBTree@VCStringPoolIndex@CUtlSymbolTable@@GVCLess@2@V?$CUtlMemory@U?$UtlRBTreeNode_t@VCStringPoolIndex@CUtlSymbolTable@@G@@G@@@@QAEXXZ 10070d70 f i tier1:utlsymbol.obj
 0002:00018e00       ??0?$CUtlVector@PAUStringPool_t@CUtlSymbolTable@@V?$CUtlMemory@PAUStringPool_t@CUtlSymbolTable@@H@@@@QAE@HH@Z 10070e00 f i tier1:utlsymbol.obj
 0002:00018e80       ??1?$CUtlVector@PAUStringPool_t@CUtlSymbolTable@@V?$CUtlMemory@PAUStringPool_t@CUtlSymbolTable@@H@@@@QAE@XZ 10070e80 f i tier1:utlsymbol.obj
 0002:00018ee0       ??A?$CUtlVector@PAUStringPool_t@CUtlSymbolTable@@V?$CUtlMemory@PAUStringPool_t@CUtlSymbolTable@@H@@@@QBEABQAUStringPool_t@CUtlSymbolTable@@H@Z 10070ee0 f i tier1:utlsymbol.obj
 0002:00018f40       ??A?$CUtlVector@PAUStringPool_t@CUtlSymbolTable@@V?$CUtlMemory@PAUStringPool_t@CUtlSymbolTable@@H@@@@QAEAAPAUStringPool_t@CUtlSymbolTable@@H@Z 10070f40 f i tier1:utlsymbol.obj
 0002:00018fa0       ?Count@?$CUtlVector@PAUStringPool_t@CUtlSymbolTable@@V?$CUtlMemory@PAUStringPool_t@CUtlSymbolTable@@H@@@@QBEHXZ 10070fa0 f i tier1:utlsymbol.obj
 0002:00018fe0       ?AddToTail@?$CUtlVector@PAUStringPool_t@CUtlSymbolTable@@V?$CUtlMemory@PAUStringPool_t@CUtlSymbolTable@@H@@@@QAEHABQAUStringPool_t@CUtlSymbolTable@@@Z 10070fe0 f i tier1:utlsymbol.obj
 0002:00019170       ?RemoveAll@?$CUtlVector@PAUStringPool_t@CUtlSymbolTable@@V?$CUtlMemory@PAUStringPool_t@CUtlSymbolTable@@H@@@@QAEXXZ 10071170 f i tier1:utlsymbol.obj
 0002:00019200       ?ResetDbgInfo@?$CUtlRBTree@VCStringPoolIndex@CUtlSymbolTable@@GVCLess@2@V?$CUtlMemory@U?$UtlRBTreeNode_t@VCStringPoolIndex@CUtlSymbolTable@@G@@G@@@@IAEXXZ 10071200 f i tier1:utlsymbol.obj
 0002:00019260       ?IsIdxAfter@?$CUtlMemory@U?$UtlRBTreeNode_t@VCStringPoolIndex@CUtlSymbolTable@@G@@G@@QBE_NGABVIterator_t@1@@Z 10071260 f i tier1:utlsymbol.obj
 0002:000192b0       ?InvalidIterator@?$CUtlMemory@U?$UtlRBTreeNode_t@VCStringPoolIndex@CUtlSymbolTable@@G@@G@@QBE?AVIterator_t@1@XZ 100712b0 f i tier1:utlsymbol.obj
 0002:00019310       ?Base@?$CUtlVector@PAUStringPool_t@CUtlSymbolTable@@V?$CUtlMemory@PAUStringPool_t@CUtlSymbolTable@@H@@@@QAEPAPAUStringPool_t@CUtlSymbolTable@@XZ 10071310 f i tier1:utlsymbol.obj
 0002:00019360       ?ResetDbgInfo@?$CUtlVector@PAUStringPool_t@CUtlSymbolTable@@V?$CUtlMemory@PAUStringPool_t@CUtlSymbolTable@@H@@@@IAEXXZ 10071360 f i tier1:utlsymbol.obj
 0002:000193c0       ?InvalidIndex@?$CUtlMemory@U?$UtlRBTreeNode_t@VCStringPoolIndex@CUtlSymbolTable@@G@@G@@SAGXZ 100713c0 f i tier1:utlsymbol.obj
 0002:00019400       ??0Iterator_t@?$CUtlMemory@U?$UtlRBTreeNode_t@VCStringPoolIndex@CUtlSymbolTable@@G@@G@@QAE@G@Z 10071400 f i tier1:utlsymbol.obj
 0002:00019450       ??0?$CUtlMemory@U?$UtlRBTreeNode_t@VCStringPoolIndex@CUtlSymbolTable@@G@@G@@QAE@HH@Z 10071450 f i tier1:utlsymbol.obj
 0002:00019680       ??1?$CUtlMemory@U?$UtlRBTreeNode_t@VCStringPoolIndex@CUtlSymbolTable@@G@@G@@QAE@XZ 10071680 f i tier1:utlsymbol.obj
 0002:000196d0       ?IsIdxValid@?$CUtlMemory@U?$UtlRBTreeNode_t@VCStringPoolIndex@CUtlSymbolTable@@G@@G@@QBE_NG@Z 100716d0 f i tier1:utlsymbol.obj
 0002:00019750       ?Base@?$CUtlMemory@U?$UtlRBTreeNode_t@VCStringPoolIndex@CUtlSymbolTable@@G@@G@@QAEPAU?$UtlRBTreeNode_t@VCStringPoolIndex@CUtlSymbolTable@@G@@XZ 10071750 f i tier1:utlsymbol.obj
 0002:00019890       ?Purge@?$CUtlMemory@U?$UtlRBTreeNode_t@VCStringPoolIndex@CUtlSymbolTable@@G@@G@@QAEXXZ 10071890 f i tier1:utlsymbol.obj
 0002:00019940       ?Element@?$CUtlRBTree@VCStringPoolIndex@CUtlSymbolTable@@GVCLess@2@V?$CUtlMemory@U?$UtlRBTreeNode_t@VCStringPoolIndex@CUtlSymbolTable@@G@@G@@@@QBEABVCStringPoolIndex@CUtlSymbolTable@@G@Z 10071940 f i tier1:utlsymbol.obj
 0002:000199a0       ?Element@?$CUtlRBTree@VCStringPoolIndex@CUtlSymbolTable@@GVCLess@2@V?$CUtlMemory@U?$UtlRBTreeNode_t@VCStringPoolIndex@CUtlSymbolTable@@G@@G@@@@QAEAAVCStringPoolIndex@CUtlSymbolTable@@G@Z 100719a0 f i tier1:utlsymbol.obj
 0002:00019a00       ?LeftChild@?$CUtlRBTree@VCStringPoolIndex@CUtlSymbolTable@@GVCLess@2@V?$CUtlMemory@U?$UtlRBTreeNode_t@VCStringPoolIndex@CUtlSymbolTable@@G@@G@@@@QBEGG@Z 10071a00 f i tier1:utlsymbol.obj
 0002:00019a60       ?RightChild@?$CUtlRBTree@VCStringPoolIndex@CUtlSymbolTable@@GVCLess@2@V?$CUtlMemory@U?$UtlRBTreeNode_t@VCStringPoolIndex@CUtlSymbolTable@@G@@G@@@@QBEGG@Z 10071a60 f i tier1:utlsymbol.obj
 0002:00019ac0       ?InvalidIndex@?$CUtlRBTree@VCStringPoolIndex@CUtlSymbolTable@@GVCLess@2@V?$CUtlMemory@U?$UtlRBTreeNode_t@VCStringPoolIndex@CUtlSymbolTable@@G@@G@@@@SAGXZ 10071ac0 f i tier1:utlsymbol.obj
 0002:00019b10       ?RemoveAll@?$CUtlRBTree@VCStringPoolIndex@CUtlSymbolTable@@GVCLess@2@V?$CUtlMemory@U?$UtlRBTreeNode_t@VCStringPoolIndex@CUtlSymbolTable@@G@@G@@@@QAEXXZ 10071b10 f i tier1:utlsymbol.obj
 0002:0001a0c0       ?InsertAt@?$CUtlRBTree@VCStringPoolIndex@CUtlSymbolTable@@GVCLess@2@V?$CUtlMemory@U?$UtlRBTreeNode_t@VCStringPoolIndex@CUtlSymbolTable@@G@@G@@@@IAEGG_N@Z 100720c0 f i tier1:utlsymbol.obj
 0002:0001a240       ?FindInsertionPosition@?$CUtlRBTree@VCStringPoolIndex@CUtlSymbolTable@@GVCLess@2@V?$CUtlMemory@U?$UtlRBTreeNode_t@VCStringPoolIndex@CUtlSymbolTable@@G@@G@@@@IAEXABVCStringPoolIndex@CUtlSymbolTable@@AAGAA_N@Z 10072240 f i tier1:utlsymbol.obj
 0002:0001a420       ??0?$CUtlMemory@PAUStringPool_t@CUtlSymbolTable@@H@@QAE@HH@Z 10072420 f i tier1:utlsymbol.obj
 0002:0001a650       ??1?$CUtlMemory@PAUStringPool_t@CUtlSymbolTable@@H@@QAE@XZ 10072650 f i tier1:utlsymbol.obj
 0002:0001a6a0       ??A?$CUtlMemory@PAUStringPool_t@CUtlSymbolTable@@H@@QBEABQAUStringPool_t@CUtlSymbolTable@@H@Z 100726a0 f i tier1:utlsymbol.obj
 0002:0001a7f0       ??A?$CUtlMemory@PAUStringPool_t@CUtlSymbolTable@@H@@QAEAAPAUStringPool_t@CUtlSymbolTable@@H@Z 100727f0 f i tier1:utlsymbol.obj
 0002:0001aa30       ?Base@?$CUtlMemory@PAUStringPool_t@CUtlSymbolTable@@H@@QAEPAPAUStringPool_t@CUtlSymbolTable@@XZ 10072a30 f i tier1:utlsymbol.obj
 0002:0001ab70       ?Element@?$CUtlVector@PAUStringPool_t@CUtlSymbolTable@@V?$CUtlMemory@PAUStringPool_t@CUtlSymbolTable@@H@@@@QAEAAPAUStringPool_t@CUtlSymbolTable@@H@Z 10072b70 f i tier1:utlsymbol.obj
 0002:0001abd0       ?InsertBefore@?$CUtlVector@PAUStringPool_t@CUtlSymbolTable@@V?$CUtlMemory@PAUStringPool_t@CUtlSymbolTable@@H@@@@QAEHHABQAUStringPool_t@CUtlSymbolTable@@@Z 10072bd0 f i tier1:utlsymbol.obj
 0002:0001ae90       ?Purge@?$CUtlVector@PAUStringPool_t@CUtlSymbolTable@@V?$CUtlMemory@PAUStringPool_t@CUtlSymbolTable@@H@@@@QAEXXZ 10072e90 f i tier1:utlsymbol.obj
 0002:0001af00       ??$CopyConstruct@VCStringPoolIndex@CUtlSymbolTable@@@@YAXPAVCStringPoolIndex@CUtlSymbolTable@@ABV01@@Z 10072f00 f i tier1:utlsymbol.obj
 0002:0001afa0       ??$Destruct@PAUStringPool_t@CUtlSymbolTable@@@@YAXPAPAUStringPool_t@CUtlSymbolTable@@@Z 10072fa0 f i tier1:utlsymbol.obj
 0002:0001b000       ?First@?$CUtlMemory@U?$UtlRBTreeNode_t@VCStringPoolIndex@CUtlSymbolTable@@G@@G@@QBE?AVIterator_t@1@XZ 10073000 f i tier1:utlsymbol.obj
 0002:0001b0a0       ?Next@?$CUtlMemory@U?$UtlRBTreeNode_t@VCStringPoolIndex@CUtlSymbolTable@@G@@G@@QBE?AVIterator_t@1@ABV21@@Z 100730a0 f i tier1:utlsymbol.obj
 0002:0001b150       ?GetIndex@?$CUtlMemory@U?$UtlRBTreeNode_t@VCStringPoolIndex@CUtlSymbolTable@@G@@G@@QBEGABVIterator_t@1@@Z 10073150 f i tier1:utlsymbol.obj
 0002:0001b190       ?ValidateGrowSize@?$CUtlMemory@U?$UtlRBTreeNode_t@VCStringPoolIndex@CUtlSymbolTable@@G@@G@@IAEXXZ 10073190 f i tier1:utlsymbol.obj
 0002:0001b1d0       ??8Iterator_t@?$CUtlMemory@U?$UtlRBTreeNode_t@VCStringPoolIndex@CUtlSymbolTable@@G@@G@@QBE_NV01@@Z 100731d0 f i tier1:utlsymbol.obj
 0002:0001b220       ??9Iterator_t@?$CUtlMemory@U?$UtlRBTreeNode_t@VCStringPoolIndex@CUtlSymbolTable@@G@@G@@QBE_NV01@@Z 10073220 f i tier1:utlsymbol.obj
 0002:0001b270       ?ValidateGrowSize@?$CUtlMemory@PAUStringPool_t@CUtlSymbolTable@@H@@IAEXXZ 10073270 f i tier1:utlsymbol.obj
 0002:0001b2b0       ??A?$CUtlMemory@U?$UtlRBTreeNode_t@VCStringPoolIndex@CUtlSymbolTable@@G@@G@@QBEABU?$UtlRBTreeNode_t@VCStringPoolIndex@CUtlSymbolTable@@G@@G@Z 100732b0 f i tier1:utlsymbol.obj
 0002:0001b400       ??A?$CUtlMemory@U?$UtlRBTreeNode_t@VCStringPoolIndex@CUtlSymbolTable@@G@@G@@QAEAAU?$UtlRBTreeNode_t@VCStringPoolIndex@CUtlSymbolTable@@G@@G@Z 10073400 f i tier1:utlsymbol.obj
 0002:0001b640       ?IsExternallyAllocated@?$CUtlMemory@U?$UtlRBTreeNode_t@VCStringPoolIndex@CUtlSymbolTable@@G@@G@@QBE_NXZ 10073640 f i tier1:utlsymbol.obj
 0002:0001b690       ?IsReadOnly@?$CUtlMemory@U?$UtlRBTreeNode_t@VCStringPoolIndex@CUtlSymbolTable@@G@@G@@QBE_NXZ 10073690 f i tier1:utlsymbol.obj
 0002:0001b6e0       ?IsValid@?$CUtlRBTree@VCStringPoolIndex@CUtlSymbolTable@@GVCLess@2@V?$CUtlMemory@U?$UtlRBTreeNode_t@VCStringPoolIndex@CUtlSymbolTable@@G@@G@@@@QBE_NXZ 100736e0 f i tier1:utlsymbol.obj
 0002:0001b7d0       ?Count@?$CUtlRBTree@VCStringPoolIndex@CUtlSymbolTable@@GVCLess@2@V?$CUtlMemory@U?$UtlRBTreeNode_t@VCStringPoolIndex@CUtlSymbolTable@@G@@G@@@@QBEIXZ 100737d0 f i tier1:utlsymbol.obj
 0002:0001b810       ?NewNode@?$CUtlRBTree@VCStringPoolIndex@CUtlSymbolTable@@GVCLess@2@V?$CUtlMemory@U?$UtlRBTreeNode_t@VCStringPoolIndex@CUtlSymbolTable@@G@@G@@@@QAEGXZ 10073810 f i tier1:utlsymbol.obj
 0002:0001be40       ?SetLeftChild@?$CUtlRBTree@VCStringPoolIndex@CUtlSymbolTable@@GVCLess@2@V?$CUtlMemory@U?$UtlRBTreeNode_t@VCStringPoolIndex@CUtlSymbolTable@@G@@G@@@@IAEXGG@Z 10073e40 f i tier1:utlsymbol.obj
 0002:0001bea0       ?SetRightChild@?$CUtlRBTree@VCStringPoolIndex@CUtlSymbolTable@@GVCLess@2@V?$CUtlMemory@U?$UtlRBTreeNode_t@VCStringPoolIndex@CUtlSymbolTable@@G@@G@@@@IAEXGG@Z 10073ea0 f i tier1:utlsymbol.obj
 0002:0001bf10       ?LinkToParent@?$CUtlRBTree@VCStringPoolIndex@CUtlSymbolTable@@GVCLess@2@V?$CUtlMemory@U?$UtlRBTreeNode_t@VCStringPoolIndex@CUtlSymbolTable@@G@@G@@@@IAEXGG_N@Z 10073f10 f i tier1:utlsymbol.obj
 0002:0001c020       ?Links@?$CUtlRBTree@VCStringPoolIndex@CUtlSymbolTable@@GVCLess@2@V?$CUtlMemory@U?$UtlRBTreeNode_t@VCStringPoolIndex@CUtlSymbolTable@@G@@G@@@@IBEABU?$UtlRBTreeLinks_t@G@@G@Z 10074020 f i tier1:utlsymbol.obj
 0002:0001c110       ?IsIdxValid@?$CUtlMemory@PAUStringPool_t@CUtlSymbolTable@@H@@QBE_NH@Z 10074110 f i tier1:utlsymbol.obj
 0002:0001c180       ?Purge@?$CUtlMemory@PAUStringPool_t@CUtlSymbolTable@@H@@QAEXXZ 10074180 f i tier1:utlsymbol.obj
 0002:0001c230       ?IsReadOnly@?$CUtlMemory@PAUStringPool_t@CUtlSymbolTable@@H@@QBE_NXZ 10074230 f i tier1:utlsymbol.obj
 0002:0001c280       ?IsValidIndex@?$CUtlVector@PAUStringPool_t@CUtlSymbolTable@@V?$CUtlMemory@PAUStringPool_t@CUtlSymbolTable@@H@@@@QBE_NH@Z 10074280 f i tier1:utlsymbol.obj
 0002:0001c2f0       ?GrowVector@?$CUtlVector@PAUStringPool_t@CUtlSymbolTable@@V?$CUtlMemory@PAUStringPool_t@CUtlSymbolTable@@H@@@@IAEXH@Z 100742f0 f i tier1:utlsymbol.obj
 0002:0001c410       ?ShiftElementsRight@?$CUtlVector@PAUStringPool_t@CUtlSymbolTable@@V?$CUtlMemory@PAUStringPool_t@CUtlSymbolTable@@H@@@@IAEXHH@Z 10074410 f i tier1:utlsymbol.obj
 0002:0001c5d0       ??$Destruct@VCStringPoolIndex@CUtlSymbolTable@@@@YAXPAVCStringPoolIndex@CUtlSymbolTable@@@Z 100745d0 f i tier1:utlsymbol.obj
 0002:0001c630       ??$CopyConstruct@PAUStringPool_t@CUtlSymbolTable@@@@YAXPAPAUStringPool_t@CUtlSymbolTable@@ABQAU01@@Z 10074630 f i tier1:utlsymbol.obj
 0002:0001c6d0       ?IsValidIterator@?$CUtlMemory@U?$UtlRBTreeNode_t@VCStringPoolIndex@CUtlSymbolTable@@G@@G@@QBE_NABVIterator_t@1@@Z 100746d0 f i tier1:utlsymbol.obj
 0002:0001c730       ?Grow@?$CUtlMemory@U?$UtlRBTreeNode_t@VCStringPoolIndex@CUtlSymbolTable@@G@@G@@QAEXH@Z 10074730 f i tier1:utlsymbol.obj
 0002:0001ce60       ?Root@?$CUtlRBTree@VCStringPoolIndex@CUtlSymbolTable@@GVCLess@2@V?$CUtlMemory@U?$UtlRBTreeNode_t@VCStringPoolIndex@CUtlSymbolTable@@G@@G@@@@QBEGXZ 10074e60 f i tier1:utlsymbol.obj
 0002:0001cea0       ?Parent@?$CUtlRBTree@VCStringPoolIndex@CUtlSymbolTable@@GVCLess@2@V?$CUtlMemory@U?$UtlRBTreeNode_t@VCStringPoolIndex@CUtlSymbolTable@@G@@G@@@@QBEGG@Z 10074ea0 f i tier1:utlsymbol.obj
 0002:0001cf00       ?Links@?$CUtlRBTree@VCStringPoolIndex@CUtlSymbolTable@@GVCLess@2@V?$CUtlMemory@U?$UtlRBTreeNode_t@VCStringPoolIndex@CUtlSymbolTable@@G@@G@@@@IAEAAU?$UtlRBTreeLinks_t@G@@G@Z 10074f00 f i tier1:utlsymbol.obj
 0002:0001d050       ?InsertRebalance@?$CUtlRBTree@VCStringPoolIndex@CUtlSymbolTable@@GVCLess@2@V?$CUtlMemory@U?$UtlRBTreeNode_t@VCStringPoolIndex@CUtlSymbolTable@@G@@G@@@@IAEXG@Z 10075050 f i tier1:utlsymbol.obj
 0002:0001d360       ?NumAllocated@?$CUtlMemory@PAUStringPool_t@CUtlSymbolTable@@H@@QBEHXZ 10075360 f i tier1:utlsymbol.obj
 0002:0001d3a0       ?Grow@?$CUtlMemory@PAUStringPool_t@CUtlSymbolTable@@H@@QAEXH@Z 100753a0 f i tier1:utlsymbol.obj
 0002:0001dac0       ?IsExternallyAllocated@?$CUtlMemory@PAUStringPool_t@CUtlSymbolTable@@H@@QBE_NXZ 10075ac0 f i tier1:utlsymbol.obj
 0002:0001db10       ??$Construct@VCStringPoolIndex@CUtlSymbolTable@@@@YAXPAVCStringPoolIndex@CUtlSymbolTable@@@Z 10075b10 f i tier1:utlsymbol.obj
 0002:0001dba0       ?IsLeftChild@?$CUtlRBTree@VCStringPoolIndex@CUtlSymbolTable@@GVCLess@2@V?$CUtlMemory@U?$UtlRBTreeNode_t@VCStringPoolIndex@CUtlSymbolTable@@G@@G@@@@QBE_NG@Z 10075ba0 f i tier1:utlsymbol.obj
 0002:0001dc20       ?IsRightChild@?$CUtlRBTree@VCStringPoolIndex@CUtlSymbolTable@@GVCLess@2@V?$CUtlMemory@U?$UtlRBTreeNode_t@VCStringPoolIndex@CUtlSymbolTable@@G@@G@@@@QBE_NG@Z 10075c20 f i tier1:utlsymbol.obj
 0002:0001dca0       ?IsRoot@?$CUtlRBTree@VCStringPoolIndex@CUtlSymbolTable@@GVCLess@2@V?$CUtlMemory@U?$UtlRBTreeNode_t@VCStringPoolIndex@CUtlSymbolTable@@G@@G@@@@QBE_NG@Z 10075ca0 f i tier1:utlsymbol.obj
 0002:0001dcf0       ?IsRed@?$CUtlRBTree@VCStringPoolIndex@CUtlSymbolTable@@GVCLess@2@V?$CUtlMemory@U?$UtlRBTreeNode_t@VCStringPoolIndex@CUtlSymbolTable@@G@@G@@@@IBE_NG@Z 10075cf0 f i tier1:utlsymbol.obj
 0002:0001dd60       ?Color@?$CUtlRBTree@VCStringPoolIndex@CUtlSymbolTable@@GVCLess@2@V?$CUtlMemory@U?$UtlRBTreeNode_t@VCStringPoolIndex@CUtlSymbolTable@@G@@G@@@@IBE?AW4NodeColor_t@1@G@Z 10075d60 f i tier1:utlsymbol.obj
 0002:0001ddc0       ?SetColor@?$CUtlRBTree@VCStringPoolIndex@CUtlSymbolTable@@GVCLess@2@V?$CUtlMemory@U?$UtlRBTreeNode_t@VCStringPoolIndex@CUtlSymbolTable@@G@@G@@@@IAEXGW4NodeColor_t@1@@Z 10075dc0 f i tier1:utlsymbol.obj
 0002:0001de30       ?RotateLeft@?$CUtlRBTree@VCStringPoolIndex@CUtlSymbolTable@@GVCLess@2@V?$CUtlMemory@U?$UtlRBTreeNode_t@VCStringPoolIndex@CUtlSymbolTable@@G@@G@@@@IAEXG@Z 10075e30 f i tier1:utlsymbol.obj
 0002:0001e000       ?RotateRight@?$CUtlRBTree@VCStringPoolIndex@CUtlSymbolTable@@GVCLess@2@V?$CUtlMemory@U?$UtlRBTreeNode_t@VCStringPoolIndex@CUtlSymbolTable@@G@@G@@@@IAEXG@Z 10076000 f i tier1:utlsymbol.obj
 0002:0001e1d0       ?SetParent@?$CUtlRBTree@VCStringPoolIndex@CUtlSymbolTable@@GVCLess@2@V?$CUtlMemory@U?$UtlRBTreeNode_t@VCStringPoolIndex@CUtlSymbolTable@@G@@G@@@@IAEXGG@Z 100761d0 f i tier1:utlsymbol.obj
 0002:0001e240       ??1CCleanupUtlSymbolTable@@QAE@XZ 10076240 f i tier1:utlsymbol.obj
 0002:0001e2e0       ??_GCUtlSymbolTableMT@@QAEPAXI@Z 100762e0 f i tier1:utlsymbol.obj
 0002:0001e350       ??1CUtlSymbolTableMT@@QAE@XZ 10076350 f i tier1:utlsymbol.obj
 0002:0001e3a0       ??0KeyValues@@QAE@PBD@Z    100763a0 f   tier1:KeyValues.obj
 0002:0001e410       ??0KeyValues@@QAE@PBD00@Z  10076410 f   tier1:KeyValues.obj
 0002:0001e490       ??0KeyValues@@QAE@PBD0PB_W@Z 10076490 f   tier1:KeyValues.obj
 0002:0001e510       ??0KeyValues@@QAE@PBD0H@Z  10076510 f   tier1:KeyValues.obj
 0002:0001e590       ??0KeyValues@@QAE@PBD0000@Z 10076590 f   tier1:KeyValues.obj
 0002:0001e620       ??0KeyValues@@QAE@PBD0H0H@Z 10076620 f   tier1:KeyValues.obj
 0002:0001e6b0       ?Init@KeyValues@@AAEXXZ    100766b0 f   tier1:KeyValues.obj
 0002:0001e780       ??1KeyValues@@AAE@XZ       10076780 f   tier1:KeyValues.obj
 0002:0001e7d0       ?RemoveEverything@KeyValues@@AAEXXZ 100767d0 f   tier1:KeyValues.obj
 0002:0001e990       ??_GKeyValues@@AAEPAXI@Z   10076990 f i tier1:KeyValues.obj
 0002:0001ea00       ?RecursiveSaveToFile@KeyValues@@QAEXAAVCUtlBuffer@@H@Z 10076a00 f   tier1:KeyValues.obj
 0002:0001ea60       ?ChainKeyValue@KeyValues@@QAEXPAV1@@Z 10076a60 f   tier1:KeyValues.obj
 0002:0001eab0       ?GetName@KeyValues@@QBEPBDXZ 10076ab0 f   tier1:KeyValues.obj
 0002:0001eb40       ?GetNameSymbol@KeyValues@@QBEHXZ 10076b40 f   tier1:KeyValues.obj
 0002:0001eb80       ?ReadToken@KeyValues@@AAEPBDAAVCUtlBuffer@@AA_N1@Z 10076b80 f   tier1:KeyValues.obj
 0002:0001ee50       ?IsValid@CUtlBuffer@@QBE_NXZ 10076e50 f i tier1:KeyValues.obj
 0002:0001eea0       ?ReportError@CKeyValuesErrorStack@@QAEXPBD@Z 10076ea0 f i tier1:KeyValues.obj
 0002:0001f060       ?UsesEscapeSequences@KeyValues@@QAEX_N@Z 10077060 f   tier1:KeyValues.obj
 0002:0001f0b0       ?LoadFromFile@KeyValues@@QAE_NPAVIBaseFileSystem@@PBD1@Z 100770b0 f   tier1:KeyValues.obj
 0002:0001f610       ?GetOptimalReadSize@IFileSystem@@QAEIPAXI@Z 10077610 f i tier1:KeyValues.obj
 0002:0001f6f0       ?SaveToFile@KeyValues@@QAE_NPAVIBaseFileSystem@@PBD1@Z 100776f0 f   tier1:KeyValues.obj
 0002:0001f830       ?WriteIndents@KeyValues@@AAEXPAVIBaseFileSystem@@PAXPAVCUtlBuffer@@H@Z 10077830 f   tier1:KeyValues.obj
 0002:0001f8c0       ?WriteConvertedString@KeyValues@@AAEXPAVIBaseFileSystem@@PAXPAVCUtlBuffer@@PBD@Z 100778c0 f   tier1:KeyValues.obj
 0002:0001fab0       ?InternalWrite@KeyValues@@AAEXPAVIBaseFileSystem@@PAXPAVCUtlBuffer@@PBXH@Z 10077ab0 f   tier1:KeyValues.obj
 0002:0001fb50       ?RecursiveSaveToFile@KeyValues@@AAEXPAVIBaseFileSystem@@PAXPAVCUtlBuffer@@H@Z 10077b50 f   tier1:KeyValues.obj
 0002:00020510       ?FindKey@KeyValues@@QBEPAV1@H@Z 10078510 f   tier1:KeyValues.obj
 0002:00020580       ?FindKey@KeyValues@@QAEPAV1@PBD_N@Z 10078580 f   tier1:KeyValues.obj
 0002:000208b0       ?CreateNewKey@KeyValues@@QAEPAV1@XZ 100788b0 f   tier1:KeyValues.obj
 0002:000209b0       ?CreateKey@KeyValues@@AAEPAV1@PBD@Z 100789b0 f   tier1:KeyValues.obj
 0002:00020a80       ?AddSubKey@KeyValues@@QAEXPAV1@@Z 10078a80 f   tier1:KeyValues.obj
 0002:00020c10       ?RemoveSubKey@KeyValues@@QAEXPAV1@@Z 10078c10 f   tier1:KeyValues.obj
 0002:00020cc0       ?GetFirstSubKey@KeyValues@@QAEPAV1@XZ 10078cc0 f   tier1:KeyValues.obj
 0002:00020d00       ?GetNextKey@KeyValues@@QAEPAV1@XZ 10078d00 f   tier1:KeyValues.obj
 0002:00020d40       ?SetNextKey@KeyValues@@QAEXPAV1@@Z 10078d40 f   tier1:KeyValues.obj
 0002:00020d90       ?GetFirstTrueSubKey@KeyValues@@QAEPAV1@XZ 10078d90 f   tier1:KeyValues.obj
 0002:00020e00       ?GetNextTrueSubKey@KeyValues@@QAEPAV1@XZ 10078e00 f   tier1:KeyValues.obj
 0002:00020e70       ?GetFirstValue@KeyValues@@QAEPAV1@XZ 10078e70 f   tier1:KeyValues.obj
 0002:00020ee0       ?GetNextValue@KeyValues@@QAEPAV1@XZ 10078ee0 f   tier1:KeyValues.obj
 0002:00020f50       ?GetInt@KeyValues@@QAEHPBDH@Z 10078f50 f   tier1:KeyValues.obj
 0002:00021170       ?GetUint64@KeyValues@@QAE_KPBD_K@Z 10079170 f   tier1:KeyValues.obj
 0002:000212a0       ?GetPtr@KeyValues@@QAEPAXPBDPAX@Z 100792a0 f   tier1:KeyValues.obj
 0002:00021340       ?GetFloat@KeyValues@@QAEMPBDM@Z 10079340 f   tier1:KeyValues.obj
 0002:000214f0       ?GetString@KeyValues@@QAEPBDPBD0@Z 100794f0 f   tier1:KeyValues.obj
 0002:00021750       ?GetWString@KeyValues@@QAEPB_WPBDPB_W@Z 10079750 f   tier1:KeyValues.obj
 0002:000219a0       ?swprintf@@YAHPA_WPB_WZZ   100799a0 f i tier1:KeyValues.obj
 0002:00021a10       ?GetColor@KeyValues@@QAE?AVColor@@PBD@Z 10079a10 f   tier1:KeyValues.obj
 0002:00021da0       ??0Color@@QAE@HHHH@Z       10079da0 f i tier1:KeyValues.obj
 0002:00021e10       ?SetColor@Color@@QAEXHHHH@Z 10079e10 f i tier1:KeyValues.obj
 0002:00021e80       ??AColor@@QAEAAEH@Z        10079e80 f i tier1:KeyValues.obj
 0002:00021ec0       ?SetColor@KeyValues@@QAEXPBDVColor@@@Z 10079ec0 f   tier1:KeyValues.obj
 0002:00021f90       ?SetStringValue@KeyValues@@QAEXPBD@Z 10079f90 f   tier1:KeyValues.obj
 0002:000220d0       ?SetString@KeyValues@@QAEXPBD0@Z 1007a0d0 f   tier1:KeyValues.obj
 0002:00022230       ?SetWString@KeyValues@@QAEXPBDPB_W@Z 1007a230 f   tier1:KeyValues.obj
 0002:00022390       ?SetInt@KeyValues@@QAEXPBDH@Z 1007a390 f   tier1:KeyValues.obj
 0002:00022410       ?SetUint64@KeyValues@@QAEXPBD_K@Z 1007a410 f   tier1:KeyValues.obj
 0002:00022510       ?SetFloat@KeyValues@@QAEXPBDM@Z 1007a510 f   tier1:KeyValues.obj
 0002:00022590       ?SetName@KeyValues@@QAEXPBD@Z 1007a590 f   tier1:KeyValues.obj
 0002:00022630       ?SetPtr@KeyValues@@QAEXPBDPAX@Z 1007a630 f   tier1:KeyValues.obj
 0002:000226b0       ?RecursiveCopyKeyValues@KeyValues@@AAEXAAV1@@Z 1007a6b0 f   tier1:KeyValues.obj
 0002:00022c70       ??4KeyValues@@QAEAAV0@AAV0@@Z 1007ac70 f   tier1:KeyValues.obj
 0002:00022ce0       ?CopySubkeys@KeyValues@@QBEXPAV1@@Z 1007ace0 f   tier1:KeyValues.obj
 0002:00022da0       ?MakeCopy@KeyValues@@QBEPAV1@XZ 1007ada0 f   tier1:KeyValues.obj
 0002:000231d0       ?IsEmpty@KeyValues@@QAE_NPBD@Z 1007b1d0 f   tier1:KeyValues.obj
 0002:00023260       ?Clear@KeyValues@@QAEXXZ   1007b260 f   tier1:KeyValues.obj
 0002:00023310       ?GetDataType@KeyValues@@QAE?AW4types_t@1@PBD@Z 1007b310 f   tier1:KeyValues.obj
 0002:00023390       ?deleteThis@KeyValues@@QAEXXZ 1007b390 f   tier1:KeyValues.obj
 0002:00023430       ?AppendIncludedKeys@KeyValues@@AAEXAAV?$CUtlVector@PAVKeyValues@@V?$CUtlMemory@PAVKeyValues@@H@@@@@Z 1007b430 f   tier1:KeyValues.obj
 0002:000235f0       ?ParseIncludedKeys@KeyValues@@AAEXPBD0PAVIBaseFileSystem@@0AAV?$CUtlVector@PAVKeyValues@@V?$CUtlMemory@PAVKeyValues@@H@@@@@Z 1007b5f0 f   tier1:KeyValues.obj
 0002:00023b40       ?MergeBaseKeys@KeyValues@@AAEXAAV?$CUtlVector@PAVKeyValues@@V?$CUtlMemory@PAVKeyValues@@H@@@@@Z 1007bb40 f   tier1:KeyValues.obj
 0002:00023ce0       ?RecursiveMergeKeyValues@KeyValues@@AAEXPAV1@@Z 1007bce0 f   tier1:KeyValues.obj
 0002:00023ef0       ?EvaluateConditional@@YA_NPBD@Z 1007bef0 f   tier1:KeyValues.obj
 0002:00023fc0       ?LoadFromBuffer@KeyValues@@QAE_NPBDAAVCUtlBuffer@@PAVIBaseFileSystem@@0@Z 1007bfc0 f   tier1:KeyValues.obj
 0002:00024660       ?SetFilename@CKeyValuesErrorStack@@QAEXPBD@Z 1007c660 f i tier1:KeyValues.obj
 0002:000246c0       ?LoadFromBuffer@KeyValues@@QAE_NPBD0PAVIBaseFileSystem@@0@Z 1007c6c0 f   tier1:KeyValues.obj
 0002:000247c0       ?RecursiveLoadFromBuffer@KeyValues@@AAEXPBDAAVCUtlBuffer@@@Z 1007c7c0 f   tier1:KeyValues.obj
 0002:00024e80       ?TellGet@CUtlBuffer@@QBEHXZ 1007ce80 f i tier1:KeyValues.obj
 0002:00024ec0       ??0CKeyErrorContext@@QAE@PAVKeyValues@@@Z 1007cec0 f i tier1:KeyValues.obj
 0002:00024f20       ??1CKeyErrorContext@@QAE@XZ 1007cf20 f i tier1:KeyValues.obj
 0002:00024f80       ?Pop@CKeyValuesErrorStack@@QAEXXZ 1007cf80 f i tier1:KeyValues.obj
 0002:000250c0       ??0CKeyErrorContext@@QAE@H@Z 1007d0c0 f i tier1:KeyValues.obj
 0002:00025120       ?Reset@CKeyErrorContext@@QAEXH@Z 1007d120 f i tier1:KeyValues.obj
 0002:00025180       ?Reset@CKeyValuesErrorStack@@QAEXHH@Z 1007d180 f i tier1:KeyValues.obj
 0002:000252c0       ?Init@CKeyErrorContext@@AAEXH@Z 1007d2c0 f i tier1:KeyValues.obj
 0002:00025320       ?Push@CKeyValuesErrorStack@@QAEHH@Z 1007d320 f i tier1:KeyValues.obj
 0002:00025410       ?WriteAsBinary@KeyValues@@QAE_NAAVCUtlBuffer@@@Z 1007d410 f   tier1:KeyValues.obj
 0002:00025760       ?PutUnsignedChar@CUtlBuffer@@QAEXE@Z 1007d760 f i tier1:KeyValues.obj
 0002:000257c0       ?PutInt@CUtlBuffer@@QAEXH@Z 1007d7c0 f i tier1:KeyValues.obj
 0002:00025820       ?PutUnsignedInt@CUtlBuffer@@QAEXI@Z 1007d820 f i tier1:KeyValues.obj
 0002:00025880       ?PutFloat@CUtlBuffer@@QAEXM@Z 1007d880 f i tier1:KeyValues.obj
 0002:000258e0       ?PutDouble@CUtlBuffer@@QAEXN@Z 1007d8e0 f i tier1:KeyValues.obj
 0002:00025950       ?IsText@CUtlBuffer@@QBE_NXZ 1007d950 f i tier1:KeyValues.obj
 0002:000259a0       ?ReadAsBinary@KeyValues@@QAE_NAAVCUtlBuffer@@@Z 1007d9a0 f   tier1:KeyValues.obj
 0002:00025f30       ?GetUnsignedChar@CUtlBuffer@@QAEEXZ 1007df30 f i tier1:KeyValues.obj
 0002:00025fc0       ?GetInt@CUtlBuffer@@QAEHXZ 1007dfc0 f i tier1:KeyValues.obj
 0002:00026050       ?GetUnsignedInt@CUtlBuffer@@QAEIXZ 1007e050 f i tier1:KeyValues.obj
 0002:000260e0       ?GetFloat@CUtlBuffer@@QAEMXZ 1007e0e0 f i tier1:KeyValues.obj
 0002:00026170       ?GetDouble@CUtlBuffer@@QAENXZ 1007e170 f i tier1:KeyValues.obj
 0002:00026200       ??2KeyValues@@SAPAXI@Z     1007e200 f   tier1:KeyValues.obj
 0002:00026310       ??2KeyValues@@SAPAXIHPBDH@Z 1007e310 f   tier1:KeyValues.obj
 0002:00026400       ??3KeyValues@@SAXPAX@Z     1007e400 f   tier1:KeyValues.obj
 0002:00026480       ??3KeyValues@@SAXPAXHPBDH@Z 1007e480 f   tier1:KeyValues.obj
 0002:00026500       ?UnpackIntoStructure@KeyValues@@QAEXPBUKeyValuesUnpackStructure@@PAX@Z 1007e500 f   tier1:KeyValues.obj
 0002:000269e0       ?Init@Vector@@QAEXMMM@Z    1007e9e0 f i tier1:KeyValues.obj
 0002:00026a40       ??XVector@@QAEAAV0@M@Z     1007ea40 f i tier1:KeyValues.obj
 0002:00026ab0       ?r@Color@@QBEHXZ           1007eab0 f i tier1:KeyValues.obj
 0002:00026af0       ?g@Color@@QBEHXZ           1007eaf0 f i tier1:KeyValues.obj
 0002:00026b30       ?b@Color@@QBEHXZ           1007eb30 f i tier1:KeyValues.obj
 0002:00026b70       ?ProcessResolutionKeys@KeyValues@@QAE_NPBD@Z 1007eb70 f   tier1:KeyValues.obj
 0002:00026d60       ??0?$CUtlVector@PAVKeyValues@@V?$CUtlMemory@PAVKeyValues@@H@@@@QAE@HH@Z 1007ed60 f i tier1:KeyValues.obj
 0002:00026de0       ??1?$CUtlVector@PAVKeyValues@@V?$CUtlMemory@PAVKeyValues@@H@@@@QAE@XZ 1007ede0 f i tier1:KeyValues.obj
 0002:00026e40       ??A?$CUtlVector@PAVKeyValues@@V?$CUtlMemory@PAVKeyValues@@H@@@@QAEAAPAVKeyValues@@H@Z 1007ee40 f i tier1:KeyValues.obj
 0002:00026ea0       ?Count@?$CUtlVector@PAVKeyValues@@V?$CUtlMemory@PAVKeyValues@@H@@@@QBEHXZ 1007eea0 f i tier1:KeyValues.obj
 0002:00026ee0       ?AddToTail@?$CUtlVector@PAVKeyValues@@V?$CUtlMemory@PAVKeyValues@@H@@@@QAEHABQAVKeyValues@@@Z 1007eee0 f i tier1:KeyValues.obj
 0002:00027070       ??$AlignValue@I@@YAIII@Z   1007f070 f i tier1:KeyValues.obj
 0002:000270c0       ??$GetType@E@CUtlBuffer@@IAEXAAEPBD@Z 1007f0c0 f i tier1:KeyValues.obj
 0002:00027150       ??$GetType@H@CUtlBuffer@@IAEXAAHPBD@Z 1007f150 f i tier1:KeyValues.obj
 0002:000271e0       ??$GetType@I@CUtlBuffer@@IAEXAAIPBD@Z 1007f1e0 f i tier1:KeyValues.obj
 0002:00027270       ??$GetType@M@CUtlBuffer@@IAEXAAMPBD@Z 1007f270 f i tier1:KeyValues.obj
 0002:00027300       ??$GetTypeBin@M@CUtlBuffer@@IAEXAAM@Z 1007f300 f i tier1:KeyValues.obj
 0002:00027410       ?IsSwappingBytes@CByteswap@@QAE_NXZ 1007f410 f i tier1:KeyValues.obj
 0002:00027450       ?PeekGet@CUtlBuffer@@QBEPBXH@Z 1007f450 f i tier1:KeyValues.obj
 0002:000274c0       ??A?$CUtlMemory@EH@@QBEABEH@Z 1007f4c0 f i tier1:KeyValues.obj
 0002:00027610       ??$SwapBufferToTargetEndian@M@CByteswap@@QAEXPAM0H@Z 1007f610 f i tier1:KeyValues.obj
 0002:00027750       ??$GetType@N@CUtlBuffer@@IAEXAANPBD@Z 1007f750 f i tier1:KeyValues.obj
 0002:000277e0       ??$PutType@E@CUtlBuffer@@IAEXEPBD@Z 1007f7e0 f i tier1:KeyValues.obj
 0002:00027870       ??$PutType@H@CUtlBuffer@@IAEXHPBD@Z 1007f870 f i tier1:KeyValues.obj
 0002:00027900       ??$PutType@I@CUtlBuffer@@IAEXIPBD@Z 1007f900 f i tier1:KeyValues.obj
 0002:00027990       ??$PutType@M@CUtlBuffer@@IAEXMPBD@Z 1007f990 f i tier1:KeyValues.obj
 0002:00027a20       ??$PutType@N@CUtlBuffer@@IAEXNPBD@Z 1007fa20 f i tier1:KeyValues.obj
 0002:00027ac0       ?Base@?$CUtlVector@PAVKeyValues@@V?$CUtlMemory@PAVKeyValues@@H@@@@QAEPAPAVKeyValues@@XZ 1007fac0 f i tier1:KeyValues.obj
 0002:00027b10       ?ResetDbgInfo@?$CUtlVector@PAVKeyValues@@V?$CUtlMemory@PAVKeyValues@@H@@@@IAEXXZ 1007fb10 f i tier1:KeyValues.obj
 0002:00027b70       ??0?$CUtlMemory@PAVKeyValues@@H@@QAE@HH@Z 1007fb70 f i tier1:KeyValues.obj
[...]
 0004:0000351c       ??_B?1??Links@?$CUtlRBTree@UNode_t@?$CUtlMap@VCUtlSymbol@@PAV?$CUtlVector@VCUtlSymbol@@V?$CUtlMemory@VCUtlSymbol@@H@@@@G@@GVCKeyLess@2@V?$CUtlMemory@U?$UtlRBTreeNode_t@UNode_t@?$CUtlMap@VCUtlSymbol@@PAV?$CUtlVector@VCUtlSymbol@@V?$CUtlMemory@VCUtlSymbol@@H@@@@G@@G@@G@@@@IBEABU?$UtlRBTreeLinks_t@G@@G@Z@51 1012551c     bugreporter.obj
 0004:00003520       __crtBreakAlloc            10125520     memoverride.obj
 0004:00003938       ___crtDebugCheckCount      10125938     memoverride.obj
 0004:00003a10       ?s_pSymbolTable@CUtlSymbol@@1PAVCUtlSymbolTableMT@@A 10125a10     tier1:utlsymbol.obj
 0004:00003a2c       ?s_Sentinel@?1??Links@?$CUtlRBTree@VCStringPoolIndex@CUtlSymbolTable@@GVCLess@2@V?$CUtlMemory@U?$UtlRBTreeNode_t@VCStringPoolIndex@CUtlSymbolTable@@G@@G@@@@IBEABU?$UtlRBTreeLinks_t@G@@G@Z@4U3@A 10125a2c     tier1:utlsymbol.obj
 0004:00003a38       ??_B?1??Links@?$CUtlRBTree@VCStringPoolIndex@CUtlSymbolTable@@GVCLess@2@V?$CUtlMemory@U?$UtlRBTreeNode_t@VCStringPoolIndex@CUtlSymbolTable@@G@@G@@@@IBEABU?$UtlRBTreeLinks_t@G@@G@Z@51 10125a38     tier1:utlsymbol.obj
 0004:00004650       ?g_KeyValuesErrorStack@@3VCKeyValuesErrorStack@@A 10126650     tier1:KeyValues.obj
 0004:00004c88       ?s_StringCharConversion@@3VCUtlCStringConversion@@A 10126c88     tier1:utlbuffer.obj
 0004:000056a0       ?s_NoEscConversion@@3VCUtlNoEscConversion@@A 101276a0     tier1:utlbuffer.obj
 0004:00006390       ?s_pInterfaceRegs@InterfaceReg@@2PAV1@A 10128390     tier1:interface.obj
 0004:00006394       ?s_Sentinel@?1??Links@?$CUtlRBTree@PBDGP6A_NABQBD0@ZV?$CUtlMemory@U?$UtlRBTreeNode_t@PBDG@@G@@@@IBEABU?$UtlRBTreeLinks_t@G@@G@Z@4U3@A 10128394     tier1:stringpool.obj
 0004:000063a0       ??_B?1??Links@?$CUtlRBTree@PBDGP6A_NABQBD0@ZV?$CUtlMemory@U?$UtlRBTreeNode_t@PBDG@@G@@@@IBEABU?$UtlRBTreeLinks_t@G@@G@Z@51 101283a0     tier1:stringpool.obj
 0004:000064e8       ?s_pConCommandBases@ConCommandBase@@1PAV1@A 101284e8     tier1:convar.obj
 0004:000064ec       ?s_pAccessor@ConCommandBase@@1PAVIConCommandBaseAccessor@@A 101284ec     tier1:convar.obj
 0004:000065a4       ?cvar@@3PAVICvar@@A        101285a4     tier1:tier1.obj
 0004:000065a8       ?g_pCVar@@3PAVICvar@@A     101285a8     tier1:tier1.obj
 0004:000065ac       ?g_pProcessUtils@@3PAVIProcessUtils@@A 101285ac     tier1:tier1.obj
 0004:000065cc       ?__type_info_root_node@@3U__type_info_node@@A 101285cc     LIBCMTD:tncleanup.obj
 0004:000065d8       ___fastflag                101285d8     LIBCMTD:fpinit.obj
 0004:000065dc       __adjust_fdiv              101285dc     LIBCMTD:fpinit.obj
 0004:000065e8       __aenvptr                  101285e8     LIBCMTD:dllcrt0.obj
 0004:000065ec       __wenvptr                  101285ec     LIBCMTD:dllcrt0.obj
 0004:000065f0       ___error_mode              101285f0     LIBCMTD:dllcrt0.obj
 0004:000065f4       ___app_type                101285f4     LIBCMTD:dllcrt0.obj
 0004:000065fc       ?wsprintffp@@3P6AHPADPBDZZA 101285fc     LIBCMTD:error.obj
 0004:000069cc       _gpFlsAlloc                101289cc     LIBCMTD:tidtable.obj
 0004:000069d0       _gpFlsGetValue             101289d0     LIBCMTD:tidtable.obj
 0004:000069d4       _gpFlsSetValue             101289d4     LIBCMTD:tidtable.obj
 0004:000069d8       _gpFlsFree                 101289d8     LIBCMTD:tidtable.obj
 0004:000069e8       ___pPurecall               101289e8     LIBCMTD:inithelp.obj
 0004:00006ba0       ___pInvalidArgHandler      10128ba0     LIBCMTD:invarg.obj
 0004:00006ba4       __umaskval                 10128ba4     LIBCMTD:crt0dat.obj
 0004:00006ba8       __osplatform               10128ba8     LIBCMTD:crt0dat.obj
 0004:00006bac       __osver                    10128bac     LIBCMTD:crt0dat.obj
 0004:00006bb0       __winver                   10128bb0     LIBCMTD:crt0dat.obj
 0004:00006bb4       __winmajor                 10128bb4     LIBCMTD:crt0dat.obj
 0004:00006bb8       __winminor                 10128bb8     LIBCMTD:crt0dat.obj
 0004:00006bbc       ___argc                    10128bbc     LIBCMTD:crt0dat.obj
 0004:00006bc0       ___argv                    10128bc0     LIBCMTD:crt0dat.obj
 0004:00006bc4       ___wargv                   10128bc4     LIBCMTD:crt0dat.obj
 0004:00006bc8       __environ                  10128bc8     LIBCMTD:crt0dat.obj
 0004:00006bcc       ___initenv                 10128bcc     LIBCMTD:crt0dat.obj
 0004:00006bd0       __wenviron                 10128bd0     LIBCMTD:crt0dat.obj
 0004:00006bd4       ___winitenv                10128bd4     LIBCMTD:crt0dat.obj
 0004:00006bd8       __pgmptr                   10128bd8     LIBCMTD:crt0dat.obj
 0004:00006bdc       __wpgmptr                  10128bdc     LIBCMTD:crt0dat.obj
 0004:00006be0       __exitflag                 10128be0     LIBCMTD:crt0dat.obj
 0004:00006be4       __C_Termination_Done       10128be4     LIBCMTD:crt0dat.obj
 0004:00006be8       __C_Exit_Done              10128be8     LIBCMTD:crt0dat.obj
 0004:00006c00       __cflush                   10128c00     LIBCMTD:_file.obj
 0004:00006c04       __stdbuf                   10128c04     LIBCMTD:_sftbuf.obj
 0004:00006d84       ___mbulinfo                10128d84     LIBCMTD:mbctype.obj
 0004:00006d90       ___mbcodepage              10128d90     LIBCMTD:mbctype.obj
 0004:00006d94       ___ismbcodepage            10128d94     LIBCMTD:mbctype.obj
 0004:00006d98       ___mblcid                  10128d98     LIBCMTD:mbctype.obj
 0004:00006da4       ___locale_changed          10128da4     LIBCMTD:setlocal.obj
 0004:00006da8       ___lc_handle               10128da8     LIBCMTD:nlsdata2.obj
 0004:00006dc0       ___lc_codepage             10128dc0     LIBCMTD:nlsdata2.obj
 0004:00006dc4       ___lc_collate_cp           10128dc4     LIBCMTD:nlsdata2.obj
 0004:00006df4       ?pArgList@UnDecorator@@0PAVReplicator@@A 10128df4     LIBCMTD:undname.obj
 0004:00006df8       ?pZNameList@UnDecorator@@0PAVReplicator@@A 10128df8     LIBCMTD:undname.obj
 0004:00006dfc       ?pTemplateArgList@UnDecorator@@0PAVReplicator@@A 10128dfc     LIBCMTD:undname.obj
 0004:00006e00       ?gName@UnDecorator@@0PBDB  10128e00     LIBCMTD:undname.obj
 0004:00006e04       ?name@UnDecorator@@0PBDB   10128e04     LIBCMTD:undname.obj
 0004:00006e08       ?outputString@UnDecorator@@0PADA 10128e08     LIBCMTD:undname.obj
 0004:00006e0c       ?maxStringLength@UnDecorator@@0HA 10128e0c     LIBCMTD:undname.obj
 0004:00006e10       ?disableFlags@UnDecorator@@0KA 10128e10     LIBCMTD:undname.obj
 0004:00006e14       ?m_pGetParameter@UnDecorator@@0P6APADJ@ZA 10128e14     LIBCMTD:undname.obj
 0004:00006e18       ?fExplicitTemplateParams@UnDecorator@@0_NA 10128e18     LIBCMTD:undname.obj
 0004:00006e19       ?fGetTemplateArgumentList@UnDecorator@@0_NA 10128e19     LIBCMTD:undname.obj
 0004:00006eb0       ?__pInconsistency@@3P6AXXZA 10128eb0     LIBCMTD:hooks.obj
 0004:00006eb8       ?_pnhHeap@@3P6AHI@ZA       10128eb8     LIBCMTD:handler.obj
 0004:00006ebc       __commode                  10128ebc     LIBCMTD:ncommode.obj
 0004:00007368       __outputformat             10129368     LIBCMTD:outputformat.obj
 0004:00007370       ___lconv_static_null       10129370     LIBCMTD:lconv.obj
 0004:00007380       __fmode                    10129380     LIBCMTD:txtmode.obj
 0004:00007384       __debugger_hook_dummy      10129384     <common>
 0004:00007390       ___setlc_active            10129390     <common>
 0004:000073a0       ___unguarded_readlc_active 101293a0     <common>
 0004:000073a4       ___use_sse2_mathfcns       101293a4     <common>
 0004:000073b4       ___sse2_available          101293b4     <common>
 0004:000073b8       __nhandle                  101293b8     <common>
 0004:00007400       ___pioinfo                 10129400     <common>
 0004:00007500       ___piob                    10129500     <common>
 0004:00007840       __bufin                    10129840     <common>
 0004:00008840       __nstream                  1012a840     <common>
 0004:00008844       ___env_initialized         1012a844     <common>
 0004:00008854       ___onexitend               1012a854     <common>
 0004:00008858       ___onexitbegin             1012a858     <common>
 0004:0000885c       ___mbctype_initialized     1012a85c     <common>
 0004:00008860       ___dyn_tls_init_callback   1012a860     <common>
 0004:00008864       __acmdln                   1012a864     <common>
 0005:00000000       __IMPORT_DESCRIPTOR_KERNEL32 1012b000     kernel32:KERNEL32.dll
 0005:00000014       __IMPORT_DESCRIPTOR_vstdlib 1012b014     vstdlib:vstdlib.dll
 0005:00000028       __IMPORT_DESCRIPTOR_tier0  1012b028     tier0:tier0.dll
 0005:0000003c       __NULL_IMPORT_DESCRIPTOR   1012b03c     kernel32:KERNEL32.dll
 0005:00000340       __imp__Sleep@4             1012b340     kernel32:KERNEL32.dll
 0005:00000344       __imp__GetModuleFileNameA@12 1012b344     kernel32:KERNEL32.dll
 0005:00000348       __imp__VirtualQuery@12     1012b348     kernel32:KERNEL32.dll
 0005:0000034c       __imp__HeapAlloc@12        1012b34c     kernel32:KERNEL32.dll
 0005:00000350       __imp__GetProcessHeap@0    1012b350     kernel32:KERNEL32.dll
 0005:00000354       __imp__SetEndOfFile@4      1012b354     kernel32:KERNEL32.dll
 0005:00000358       __imp__GetConsoleOutputCP@0 1012b358     kernel32:KERNEL32.dll
 0005:0000035c       __imp__WriteConsoleA@20    1012b35c     kernel32:KERNEL32.dll
 0005:00000360       __imp__GetUserDefaultLCID@0 1012b360     kernel32:KERNEL32.dll
 0005:00000364       __imp__EnumSystemLocalesA@8 1012b364     kernel32:KERNEL32.dll
 0005:00000368       __imp__IsValidCodePage@4   1012b368     kernel32:KERNEL32.dll
 0005:0000036c       __imp__IsValidLocale@8     1012b36c     kernel32:KERNEL32.dll
 0005:00000370       __imp__GetDateFormatA@24   1012b370     kernel32:KERNEL32.dll
 0005:00000374       __imp__GetTimeFormatA@24   1012b374     kernel32:KERNEL32.dll
 0005:00000378       __imp__GetStringTypeW@16   1012b378     kernel32:KERNEL32.dll
 0005:0000037c       __imp__GetStringTypeA@20   1012b37c     kernel32:KERNEL32.dll
 0005:00000380       __imp__GetTimeZoneInformation@4 1012b380     kernel32:KERNEL32.dll
 0005:00000384       __imp__CreateFileA@28      1012b384     kernel32:KERNEL32.dll
 0005:00000388       __imp__SetFilePointer@16   1012b388     kernel32:KERNEL32.dll
 0005:0000038c       __imp__GetConsoleMode@8    1012b38c     kernel32:KERNEL32.dll
 0005:00000390       __imp__GetConsoleCP@0      1012b390     kernel32:KERNEL32.dll
 0005:00000394       __imp__FlushFileBuffers@4  1012b394     kernel32:KERNEL32.dll
 0005:00000398       __imp__SetStdHandle@8      1012b398     kernel32:KERNEL32.dll
 0005:0000039c       __imp__InterlockedExchange@8 1012b39c     kernel32:KERNEL32.dll
 0005:000003a0       __imp__SetEnvironmentVariableA@8 1012b3a0     kernel32:KERNEL32.dll
 0005:000003a4       __imp__CompareStringW@24   1012b3a4     kernel32:KERNEL32.dll
 0005:000003a8       __imp__CompareStringA@24   1012b3a8     kernel32:KERNEL32.dll
 0005:000003ac       __imp__InitializeCriticalSection@4 1012b3ac     kernel32:KERNEL32.dll
 0005:000003b0       __imp__GetLocaleInfoW@16   1012b3b0     kernel32:KERNEL32.dll
 0005:000003b4       __imp__GetLocaleInfoA@16   1012b3b4     kernel32:KERNEL32.dll
 0005:000003b8       __imp__LCMapStringW@24     1012b3b8     kernel32:KERNEL32.dll
 0005:000003bc       __imp__LCMapStringA@24     1012b3bc     kernel32:KERNEL32.dll
 0005:000003c0       __imp__GetCPInfo@8         1012b3c0     kernel32:KERNEL32.dll
 0005:000003c4       __imp__GetOEMCP@0          1012b3c4     kernel32:KERNEL32.dll
 0005:000003c8       __imp__GetACP@0            1012b3c8     kernel32:KERNEL32.dll
 0005:000003cc       __imp__GetSystemTimeAsFileTime@4 1012b3cc     kernel32:KERNEL32.dll
 0005:000003d0       __imp__WideCharToMultiByte@32 1012b3d0     kernel32:KERNEL32.dll
 0005:000003d4       __imp__MultiByteToWideChar@24 1012b3d4     kernel32:KERNEL32.dll
 0005:000003d8       __imp__LoadLibraryExA@12   1012b3d8     kernel32:KERNEL32.dll
 0005:000003dc       __imp__LocalFree@4         1012b3dc     kernel32:KERNEL32.dll
 0005:000003e0       __imp__FormatMessageA@28   1012b3e0     kernel32:KERNEL32.dll
 0005:000003e4       __imp__GetLastError@0      1012b3e4     kernel32:KERNEL32.dll
 0005:000003e8       __imp__GetProcAddress@8    1012b3e8     kernel32:KERNEL32.dll
 0005:000003ec       __imp__FreeLibrary@4       1012b3ec     kernel32:KERNEL32.dll
 0005:000003f0       __imp__GetModuleHandleA@4  1012b3f0     kernel32:KERNEL32.dll
 0005:000003f4       __imp__FindClose@4         1012b3f4     kernel32:KERNEL32.dll
 0005:000003f8       __imp__FileTimeToSystemTime@8 1012b3f8     kernel32:KERNEL32.dll
 0005:000003fc       __imp__FileTimeToLocalFileTime@8 1012b3fc     kernel32:KERNEL32.dll
 0005:00000400       __imp__GetDriveTypeA@4     1012b400     kernel32:KERNEL32.dll
 0005:00000404       __imp__FindFirstFileA@8    1012b404     kernel32:KERNEL32.dll
 0005:00000408       __imp__CreateDirectoryA@8  1012b408     kernel32:KERNEL32.dll
 0005:0000040c       __imp__GetFileAttributesA@4 1012b40c     kernel32:KERNEL32.dll
 0005:00000410       __imp__GetModuleFileNameW@12 1012b410     kernel32:KERNEL32.dll
 0005:00000414       __imp__WriteConsoleW@20    1012b414     kernel32:KERNEL32.dll
 0005:00000418       __imp__GetFileType@4       1012b418     kernel32:KERNEL32.dll
 0005:0000041c       __imp__GetStdHandle@4      1012b41c     kernel32:KERNEL32.dll
 0005:00000420       __imp__GetCurrentThreadId@0 1012b420     kernel32:KERNEL32.dll
 0005:00000424       __imp__GetCommandLineA@0   1012b424     kernel32:KERNEL32.dll
 0005:00000428       __imp__HeapFree@12         1012b428     kernel32:KERNEL32.dll
 0005:0000042c       __imp__GetVersionExA@4     1012b42c     kernel32:KERNEL32.dll
 0005:00000430       __imp__GetFullPathNameA@16 1012b430     kernel32:KERNEL32.dll
 0005:00000434       __imp__RaiseException@16   1012b434     kernel32:KERNEL32.dll
 0005:00000438       __imp__DebugBreak@0        1012b438     kernel32:KERNEL32.dll
 0005:0000043c       __imp__IsDebuggerPresent@0 1012b43c     kernel32:KERNEL32.dll
 0005:00000440       __imp__lstrlenA@4          1012b440     kernel32:KERNEL32.dll
 0005:00000444       __imp__LoadLibraryA@4      1012b444     kernel32:KERNEL32.dll
 0005:00000448       __imp__UnhandledExceptionFilter@4 1012b448     kernel32:KERNEL32.dll
 0005:0000044c       __imp__SetUnhandledExceptionFilter@4 1012b44c     kernel32:KERNEL32.dll
 0005:00000450       __imp__WriteFile@20        1012b450     kernel32:KERNEL32.dll
 0005:00000454       __imp__TlsGetValue@4       1012b454     kernel32:KERNEL32.dll
 0005:00000458       __imp__TlsAlloc@0          1012b458     kernel32:KERNEL32.dll
 0005:0000045c       __imp__TlsSetValue@8       1012b45c     kernel32:KERNEL32.dll
 0005:00000460       __imp__TlsFree@4           1012b460     kernel32:KERNEL32.dll
 0005:00000464       __imp__InterlockedIncrement@4 1012b464     kernel32:KERNEL32.dll
 0005:00000468       __imp__SetLastError@4      1012b468     kernel32:KERNEL32.dll
 0005:0000046c       __imp__InterlockedDecrement@4 1012b46c     kernel32:KERNEL32.dll
 0005:00000470       __imp__GetCurrentThread@0  1012b470     kernel32:KERNEL32.dll
 0005:00000474       __imp__DeleteCriticalSection@4 1012b474     kernel32:KERNEL32.dll
 0005:00000478       __imp__EnterCriticalSection@4 1012b478     kernel32:KERNEL32.dll
 0005:0000047c       __imp__LeaveCriticalSection@4 1012b47c     kernel32:KERNEL32.dll
 0005:00000480       __imp__FatalAppExitA@8     1012b480     kernel32:KERNEL32.dll
 0005:00000484       __imp__TerminateProcess@8  1012b484     kernel32:KERNEL32.dll
 0005:00000488       __imp__GetCurrentProcess@0 1012b488     kernel32:KERNEL32.dll
 0005:0000048c       __imp__ExitProcess@4       1012b48c     kernel32:KERNEL32.dll
 0005:00000490       __imp__CloseHandle@4       1012b490     kernel32:KERNEL32.dll
 0005:00000494       __imp__ReadFile@20         1012b494     kernel32:KERNEL32.dll
 0005:00000498       __imp__RtlUnwind@16        1012b498     kernel32:KERNEL32.dll
 0005:0000049c       __imp__GetCurrentDirectoryA@8 1012b49c     kernel32:KERNEL32.dll
 0005:000004a0       __imp__SetCurrentDirectoryA@4 1012b4a0     kernel32:KERNEL32.dll
 0005:000004a4       __imp__SetHandleCount@4    1012b4a4     kernel32:KERNEL32.dll
 0005:000004a8       __imp__GetStartupInfoA@4   1012b4a8     kernel32:KERNEL32.dll
 0005:000004ac       __imp__SetConsoleCtrlHandler@8 1012b4ac     kernel32:KERNEL32.dll
 0005:000004b0       __imp__LoadLibraryW@4      1012b4b0     kernel32:KERNEL32.dll
 0005:000004b4       __imp__FreeEnvironmentStringsA@4 1012b4b4     kernel32:KERNEL32.dll
 0005:000004b8       __imp__GetEnvironmentStrings@0 1012b4b8     kernel32:KERNEL32.dll
 0005:000004bc       __imp__FreeEnvironmentStringsW@4 1012b4bc     kernel32:KERNEL32.dll
 0005:000004c0       __imp__GetEnvironmentStringsW@0 1012b4c0     kernel32:KERNEL32.dll
 0005:000004c4       __imp__QueryPerformanceCounter@4 1012b4c4     kernel32:KERNEL32.dll
 0005:000004c8       __imp__GetTickCount@0      1012b4c8     kernel32:KERNEL32.dll
 0005:000004cc       __imp__GetCurrentProcessId@0 1012b4cc     kernel32:KERNEL32.dll
 0005:000004d0       \177KERNEL32_NULL_THUNK_DATA 1012b4d0     kernel32:KERNEL32.dll
 0005:0000054c       __imp_?ConColorMsg@@YAXABVColor@@PBDZZ 1012b54c     tier0:tier0.dll
 0005:00000550       __imp_?ConMsg@@YAXPBDZZ    1012b550     tier0:tier0.dll
 0005:00000554       __imp__Msg                 1012b554     tier0:tier0.dll
 0005:00000558       __imp__CommandLine_Tier0   1012b558     tier0:tier0.dll
 0005:0000055c       __imp__ThreadWaitForObjects 1012b55c     tier0:tier0.dll
 0005:00000560       __imp__GetThreadedLoadLibraryFunc 1012b560     tier0:tier0.dll
 0005:00000564       __imp__CreateSimpleThread  1012b564     tier0:tier0.dll
 0005:00000568       __imp__ReleaseThreadHandle 1012b568     tier0:tier0.dll
 0005:0000056c       __imp__Plat_IsInDebugSession 1012b56c     tier0:tier0.dll
 0005:00000570       __imp___AssertValidReadPtr 1012b570     tier0:tier0.dll
 0005:00000574       __imp___AssertValidWritePtr 1012b574     tier0:tier0.dll
 0005:00000578       __imp__AssertValidStringPtr 1012b578     tier0:tier0.dll
 0005:0000057c       __imp_?DevMsg@@YAXPBDZZ    1012b57c     tier0:tier0.dll
 0005:00000580       __imp__DevMsg              1012b580     tier0:tier0.dll
 0005:00000584       __imp__Warning             1012b584     tier0:tier0.dll
 0005:00000588       __imp_?LockForRead@CThreadSpinRWLock@@QAEXXZ 1012b588     tier0:tier0.dll
 0005:0000058c       __imp_?UnlockRead@CThreadSpinRWLock@@QAEXXZ 1012b58c     tier0:tier0.dll
 0005:00000590       __imp_?LockForWrite@CThreadSpinRWLock@@QAEXXZ 1012b590     tier0:tier0.dll
 0005:00000594       __imp_?UnlockWrite@CThreadSpinRWLock@@QAEXXZ 1012b594     tier0:tier0.dll
 0005:00000598       __imp_??0CThreadSpinRWLock@@QAE@XZ 1012b598     tier0:tier0.dll
 0005:0000059c       __imp__Error               1012b59c     tier0:tier0.dll
 0005:000005a0       __imp__g_pMemAlloc         1012b5a0     tier0:tier0.dll
 0005:000005a4       __imp__g_pVCR              1012b5a4     tier0:tier0.dll
 0005:000005a8       __imp___SpewInfo           1012b5a8     tier0:tier0.dll
 0005:000005ac       __imp___SpewMessage        1012b5ac     tier0:tier0.dll
 0005:000005b0       __imp__ShouldUseNewAssertDialog 1012b5b0     tier0:tier0.dll
 0005:000005b4       __imp__DoNewAssertDialog   1012b5b4     tier0:tier0.dll
 0005:000005b8       __imp___ExitOnFatalAssert  1012b5b8     tier0:tier0.dll
 0005:000005bc       \177tier0_NULL_THUNK_DATA  1012b5bc     tier0:tier0.dll
 0005:000005fc       __imp__RandomInt           1012b5fc     vstdlib:vstdlib.dll
 0005:00000600       __imp__KeyValuesSystem     1012b600     vstdlib:vstdlib.dll
 0005:00000604       \177vstdlib_NULL_THUNK_DATA 1012b604     vstdlib:vstdlib.dll
 0006:00000000       ?DBG@@3PDDD                1012d000     memoverride.obj
 0006:00000004       ___crtDebugFillThreshold   1012d004     memoverride.obj

 entry point at        0002:0000111c

