 bugreporter_text

 Timestamp is 6286019a (Thu May 19 01:36:42 2022)

 Preferred load address is 10000000

 Start         Length     Name                   Class
 0001:00000000 00052365H .textbss                DATA
 0002:00000000 000a926aH .text                   CODE
 0002:000a9270 0000114dH .text$x                 CODE
 0002:000aa3c0 000019f4H .text$yc                CODE
 0002:000abdc0 0000113eH .text$yd                CODE
 0003:00000000 00000104H .CRT$XCA                DATA
 0003:00000104 00000186H .CRT$XCU                DATA
 0003:0000028c 00000104H .CRT$XCZ                DATA
 0003:00000390 00000104H .CRT$XIA                DATA
 0003:00000494 00000118H .CRT$XIC                DATA
 0003:000005ac 00000104H .CRT$XIY                DATA
 0003:000006b0 00000104H .CRT$XIZ                DATA
 0003:000007b4 00000104H .CRT$XPA                DATA
 0003:000008b8 00000109H .CRT$XPX                DATA
 0003:000009c4 00000104H .CRT$XPXA               DATA
 0003:00000ac8 00000104H .CRT$XPZ                DATA
 0003:00000bcc 00000104H .CRT$XTA                DATA
 0003:00000cd0 00000104H .CRT$XTB                DATA
 0003:00000dd4 00000104H .CRT$XTZ                DATA
 0003:00000ee0 000100a5H .rdata                  DATA
 0003:00010f88 00000191H .rdata$debug            DATA
 0003:0001111c 00000ad4H .rdata$r                DATA
 0003:00011bf0 00000104H .rtc$IAA                DATA
 0003:00011cf4 0000011cH .rtc$IMZ                DATA
 0003:00011e10 00000104H .rtc$IZZ                DATA
 0003:00011f14 00000104H .rtc$TAA                DATA
 0003:00012018 0000011cH .rtc$TMZ                DATA
 0003:00012134 00000104H .rtc$TZZ                DATA
 0003:00012238 00000fc5H .xdata$x                DATA
 0003:00013200 00000181H .edata                  DATA
 0004:00000000 00002cdbH .data                   DATA
 0004:00002ce0 00005944H .bss                    DATA
 0005:00000000 0000003cH .idata$2                DATA
 0005:0000003c 00000014H .idata$3                DATA
 0005:00000050 000002c0H .idata$4                DATA
 0005:00000310 000002c0H .idata$5                DATA
 0005:000005d0 00000b4bH .idata$6                DATA
 0006:00000000 00000109H ValveDBG                DATA

  Address         Publics by Value              Rva+Base       Lib:Object

 0000:00000000       __except_list              00000000     <absolute>
 0000:00000000       ___safe_se_handler_table   00000000     <absolute>
 0000:00000000       ___safe_se_handler_count   00000000     <absolute>
 0000:00000000       ___ImageBase               10000000     <linker-defined>
 0001:00000000       __enc$textbss$begin        10001000     <linker-defined>
 0001:00052365       __enc$textbss$end          10053365     <linker-defined>
 0002:00005430       ??_H@YGXPAXIHP6EPAX0@Z@Z   10059430 f i bugreporter.obj
 0002:000054a0       ??0CBugReporter@@QAE@XZ    100594a0 f   bugreporter.obj
 0002:000055e0       ??0CUtlSymbol@@QAE@XZ      100595e0 f i bugreporter.obj
 0002:00005630       ?IsPublicUI@CBugReporter@@UAE_NXZ 10059630 f i bugreporter.obj
 0002:00005670       ?GetLevelCount@CBugReporter@@UAEHH@Z 10059670 f i bugreporter.obj
 0002:000056b0       ?GetLevel@CBugReporter@@UAEPBDHH@Z 100596b0 f i bugreporter.obj
 0002:000056f0       ?SetZipAttachmentName@CBugReporter@@UAEXPBD@Z 100596f0 f i bugreporter.obj
 0002:00005730       ?SetCSERAddress@CBugReporter@@UAEXABUnetadr_s@@@Z 10059730 f i bugreporter.obj
 0002:00005770       ?SetExeName@CBugReporter@@UAEXPBD@Z 10059770 f i bugreporter.obj
 0002:000057b0       ?SetGameDirectory@CBugReporter@@UAEXPBD@Z 100597b0 f i bugreporter.obj
 0002:000057f0       ?SetRAM@CBugReporter@@UAEXH@Z 100597f0 f i bugreporter.obj
 0002:00005830       ?SetCPU@CBugReporter@@UAEXH@Z 10059830 f i bugreporter.obj
 0002:00005870       ?SetProcessor@CBugReporter@@UAEXPBD@Z 10059870 f i bugreporter.obj
 0002:000058b0       ?SetDXVersion@CBugReporter@@UAEXIIII@Z 100598b0 f i bugreporter.obj
 0002:000058f0       ?SetOSVersion@CBugReporter@@UAEXPBD@Z 100598f0 f i bugreporter.obj
 0002:00005930       ?SetSteamUserID@CBugReporter@@UAEXPAXH@Z 10059930 f i bugreporter.obj
 0002:00005970       ??_ECBugReporter@@UAEPAXI@Z 10059970 f i bugreporter.obj
 0002:00005970       ??_GCBugReporter@@UAEPAXI@Z 10059970 f i bugreporter.obj
 0002:000059e0       ??0IBugReporter@@QAE@XZ    100599e0 f i bugreporter.obj
 0002:00005a40       ??_EIBugReporter@@UAEPAXI@Z 10059a40 f i bugreporter.obj
 0002:00005a40       ??_GIBugReporter@@UAEPAXI@Z 10059a40 f i bugreporter.obj
 0002:00005ab0       ??1IBugReporter@@UAE@XZ    10059ab0 f i bugreporter.obj
 0002:00005b00       ??1IBaseInterface@@UAE@XZ  10059b00 f i bugreporter.obj
 0002:00005b40       ??_EIBaseInterface@@UAEPAXI@Z 10059b40 f i bugreporter.obj
 0002:00005b40       ??_GIBaseInterface@@UAEPAXI@Z 10059b40 f i bugreporter.obj
 0002:00005bb0       ??0IBaseInterface@@QAE@XZ  10059bb0 f i bugreporter.obj
 0002:00005c00       ??1CBugReporter@@UAE@XZ    10059c00 f   bugreporter.obj
 0002:00005d90       ??_GCBug@@QAEPAXI@Z        10059d90 f i bugreporter.obj
 0002:00005e00       ??1CBug@@QAE@XZ            10059e00 f i bugreporter.obj
 0002:00005e60       ?Init@CBugReporter@@UAE_NP6APAXPBDPAH@Z@Z 10059e60 f   bugreporter.obj
 0002:000061e0       ?Shutdown@CBugReporter@@UAEXXZ 1005a1e0 f   bugreporter.obj
 0002:00006220       ?GetUserNameA@CBugReporter@@UAEPBDXZ 1005a220 f   bugreporter.obj
 0002:00006290       ??0CUtlSymbol@@QAE@ABV0@@Z 1005a290 f i bugreporter.obj
 0002:000062e0       ?GetUserName_Display@CBugReporter@@UAEPBDXZ 1005a2e0 f   bugreporter.obj
 0002:00006360       ?GetNameCount@CBugReporter@@UAEHXZ 1005a360 f   bugreporter.obj
 0002:000063c0       ?GetName@CBugReporter@@UAEPBDH@Z 1005a3c0 f   bugreporter.obj
 0002:00006430       ?GetDisplayNameCount@CBugReporter@@UAEHXZ 1005a430 f   bugreporter.obj
 0002:00006490       ?GetDisplayName@CBugReporter@@UAEPBDH@Z 1005a490 f   bugreporter.obj
 0002:00006530       ?GetDisplayNameForUserName@CBugReporter@@UAEPBDPBD@Z 1005a530 f   bugreporter.obj
 0002:00006570       ?GetUserNameForDisplayName@CBugReporter@@UAEPBDPBD@Z 1005a570 f   bugreporter.obj
 0002:000065b0       ?GetSeverityCount@CBugReporter@@UAEHXZ 1005a5b0 f   bugreporter.obj
 0002:00006610       ?GetSeverity@CBugReporter@@UAEPBDH@Z 1005a610 f   bugreporter.obj
 0002:000066b0       ?GetPriorityCount@CBugReporter@@UAEHXZ 1005a6b0 f   bugreporter.obj
 0002:00006710       ?GetPriority@CBugReporter@@UAEPBDH@Z 1005a710 f   bugreporter.obj
 0002:000067b0       ?GetAreaCount@CBugReporter@@UAEHXZ 1005a7b0 f   bugreporter.obj
 0002:00006810       ?GetArea@CBugReporter@@UAEPBDH@Z 1005a810 f   bugreporter.obj
 0002:000068b0       ?GetAreaMapCount@CBugReporter@@UAEHXZ 1005a8b0 f   bugreporter.obj
 0002:00006910       ?GetAreaMap@CBugReporter@@UAEPBDH@Z 1005a910 f   bugreporter.obj
 0002:000069b0       ?GetMapNumberCount@CBugReporter@@UAEHXZ 1005a9b0 f   bugreporter.obj
 0002:00006a10       ?GetMapNumber@CBugReporter@@UAEPBDH@Z 1005aa10 f   bugreporter.obj
 0002:00006ab0       ?GetReportTypeCount@CBugReporter@@UAEHXZ 1005aab0 f   bugreporter.obj
 0002:00006b10       ?GetReportType@CBugReporter@@UAEPBDH@Z 1005ab10 f   bugreporter.obj
 0002:00006bb0       ?GetRepositoryURL@CBugReporter@@UAEPBDXZ 1005abb0 f   bugreporter.obj
 0002:00006bf0       ?GetSubmissionURL@CBugReporter@@UAEPBDXZ 1005abf0 f   bugreporter.obj
 0002:00006c30       ?StartNewBugReport@CBugReporter@@UAEXXZ 1005ac30 f   bugreporter.obj
 0002:00006dd0       ??0CBug@@QAE@XZ            1005add0 f i bugreporter.obj
 0002:00006e40       ?Clear@CBug@@QAEXXZ        1005ae40 f i bugreporter.obj
 0002:00007170       ?CancelNewBugReport@CBugReporter@@UAEXXZ 1005b170 f   bugreporter.obj
 0002:000071f0       ?SubstituteBugId@CBugReporter@@AAEXHPADHAAVCUtlBuffer@@@Z 1005b1f0 f   bugreporter.obj
 0002:000073e0       ?PeekGet@CUtlBuffer@@QBEPBXH@Z 1005b3e0 f i bugreporter.obj
 0002:00007450       ?TellPut@CUtlBuffer@@QBEHXZ 1005b450 f i bugreporter.obj
 0002:00007490       ?CommitBugReport@CBugReporter@@UAE_NAAH@Z 1005b490 f   bugreporter.obj
 0002:00007a60       ?PutChar@CUtlBuffer@@QAEXD@Z 1005ba60 f i bugreporter.obj
 0002:00007ae0       ?WasLastCharacterCR@CUtlBuffer@@IAE_NXZ 1005bae0 f i bugreporter.obj
 0002:00007b70       ?PeekPut@CUtlBuffer@@QAEPAXH@Z 1005bb70 f i bugreporter.obj
 0002:00007be0       ?PutTabs@CUtlBuffer@@IAEXXZ 1005bbe0 f i bugreporter.obj
 0002:00007c90       ?IsText@CUtlBuffer@@QBE_NXZ 1005bc90 f i bugreporter.obj
 0002:00007ce0       ?Clear@CUtlBuffer@@QAEXXZ  1005bce0 f i bugreporter.obj
 0002:00007d70       ??1CUtlBuffer@@QAE@XZ      1005bd70 f i bugreporter.obj
 0002:00007dc0       ?SetTitle@CBugReporter@@UAEXPBD@Z 1005bdc0 f   bugreporter.obj
 0002:00007f20       ?SetDescription@CBugReporter@@UAEXPBD@Z 1005bf20 f   bugreporter.obj
 0002:00008090       ?SetSubmitter@CBugReporter@@UAEXPBD@Z 1005c090 f   bugreporter.obj
 0002:00008220       ?SetOwner@CBugReporter@@UAEXPBD@Z 1005c220 f   bugreporter.obj
 0002:00008390       ?SetSeverity@CBugReporter@@UAEXPBD@Z 1005c390 f   bugreporter.obj
 0002:00008500       ?SetPriority@CBugReporter@@UAEXPBD@Z 1005c500 f   bugreporter.obj
 0002:00008670       ?SetArea@CBugReporter@@UAEXPBD@Z 1005c670 f   bugreporter.obj
 0002:000087e0       ?SetMapNumber@CBugReporter@@UAEXPBD@Z 1005c7e0 f   bugreporter.obj
 0002:00008950       ?SetReportType@CBugReporter@@UAEXPBD@Z 1005c950 f   bugreporter.obj
 0002:00008ac0       ?SetLevel@CBugReporter@@UAEXPBD@Z 1005cac0 f   bugreporter.obj
 0002:00008c30       ?SetDriverInfo@CBugReporter@@UAEXPBD@Z 1005cc30 f   bugreporter.obj
 0002:00008da0       ?SetMiscInfo@CBugReporter@@UAEXPBD@Z 1005cda0 f   bugreporter.obj
 0002:00008f10       ?SetPosition@CBugReporter@@UAEXPBD@Z 1005cf10 f   bugreporter.obj
 0002:00009080       ?SetOrientation@CBugReporter@@UAEXPBD@Z 1005d080 f   bugreporter.obj
 0002:000091f0       ?SetBuildNumber@CBugReporter@@UAEXPBD@Z 1005d1f0 f   bugreporter.obj
 0002:00009360       ?SetScreenShot@CBugReporter@@UAEXPBD@Z 1005d360 f   bugreporter.obj
 0002:000094d0       ?SetSaveGame@CBugReporter@@UAEXPBD@Z 1005d4d0 f   bugreporter.obj
 0002:00009640       ?SetBSPName@CBugReporter@@UAEXPBD@Z 1005d640 f   bugreporter.obj
 0002:000097b0       ?SetVMFName@CBugReporter@@UAEXPBD@Z 1005d7b0 f   bugreporter.obj
 0002:00009920       ?AddIncludedFile@CBugReporter@@UAEXPBD@Z 1005d920 f   bugreporter.obj
 0002:000099f0       ?ResetIncludedFiles@CBugReporter@@UAEXXZ 1005d9f0 f   bugreporter.obj
 0002:00009a50       ?PopulateChoiceList@CBugReporter@@AAE_NPBDAAV?$CUtlVector@VCUtlSymbol@@V?$CUtlMemory@VCUtlSymbol@@H@@@@@Z 1005da50 f   bugreporter.obj
 0002:00009b40       ?PopulateLists@CBugReporter@@AAE_NXZ 1005db40 f   bugreporter.obj
 0002:00009d80       ??1?$CUtlMemory@EH@@QAE@XZ 1005dd80 f i bugreporter.obj
 0002:00009dd0       ??A?$CUtlMemory@EH@@QBEABEH@Z 1005ddd0 f i bugreporter.obj
 0002:00009f20       ??A?$CUtlMemory@EH@@QAEAAEH@Z 1005df20 f i bugreporter.obj
 0002:0000a150       ?Purge@?$CUtlMemory@EH@@QAEXXZ 1005e150 f i bugreporter.obj
 0002:0000a200       ?IsExternallyAllocated@?$CUtlMemory@EH@@QBE_NXZ 1005e200 f i bugreporter.obj
 0002:0000a250       ??$PutTypeBin@D@CUtlBuffer@@IAEXD@Z 1005e250 f i bugreporter.obj
 0002:0000a330       ?IsSwappingBytes@CByteswap@@QAE_NXZ 1005e330 f i bugreporter.obj
 0002:0000a370       ??0?$CUtlVector@Uincfile@CBug@@V?$CUtlMemory@Uincfile@CBug@@H@@@@QAE@HH@Z 1005e370 f i bugreporter.obj
 0002:0000a3f0       ??1?$CUtlVector@Uincfile@CBug@@V?$CUtlMemory@Uincfile@CBug@@H@@@@QAE@XZ 1005e3f0 f i bugreporter.obj
 0002:0000a450       ??A?$CUtlVector@Uincfile@CBug@@V?$CUtlMemory@Uincfile@CBug@@H@@@@QAEAAUincfile@CBug@@H@Z 1005e450 f i bugreporter.obj
 0002:0000a4b0       ?Count@?$CUtlVector@Uincfile@CBug@@V?$CUtlMemory@Uincfile@CBug@@H@@@@QBEHXZ 1005e4b0 f i bugreporter.obj
 0002:0000a4f0       ?AddToTail@?$CUtlVector@Uincfile@CBug@@V?$CUtlMemory@Uincfile@CBug@@H@@@@QAEHABUincfile@CBug@@@Z 1005e4f0 f i bugreporter.obj
 0002:0000a680       ?Purge@?$CUtlVector@Uincfile@CBug@@V?$CUtlMemory@Uincfile@CBug@@H@@@@QAEXXZ 1005e680 f i bugreporter.obj
 0002:0000a6f0       ??0?$CUtlVector@VCUtlSymbol@@V?$CUtlMemory@VCUtlSymbol@@H@@@@QAE@HH@Z 1005e6f0 f i bugreporter.obj
 0002:0000a770       ??1?$CUtlVector@VCUtlSymbol@@V?$CUtlMemory@VCUtlSymbol@@H@@@@QAE@XZ 1005e770 f i bugreporter.obj
 0002:0000a7d0       ??A?$CUtlVector@VCUtlSymbol@@V?$CUtlMemory@VCUtlSymbol@@H@@@@QAEAAVCUtlSymbol@@H@Z 1005e7d0 f i bugreporter.obj
 0002:0000a830       ?Count@?$CUtlVector@VCUtlSymbol@@V?$CUtlMemory@VCUtlSymbol@@H@@@@QBEHXZ 1005e830 f i bugreporter.obj
 0002:0000a870       ?AddToTail@?$CUtlVector@VCUtlSymbol@@V?$CUtlMemory@VCUtlSymbol@@H@@@@QAEHABVCUtlSymbol@@@Z 1005e870 f i bugreporter.obj
 0002:0000aa00       ?Purge@?$CUtlVector@VCUtlSymbol@@V?$CUtlMemory@VCUtlSymbol@@H@@@@QAEXXZ 1005ea00 f i bugreporter.obj
 0002:0000aa70       ?Base@?$CUtlVector@Uincfile@CBug@@V?$CUtlMemory@Uincfile@CBug@@H@@@@QAEPAUincfile@CBug@@XZ 1005ea70 f i bugreporter.obj
 0002:0000aac0       ?ResetDbgInfo@?$CUtlVector@Uincfile@CBug@@V?$CUtlMemory@Uincfile@CBug@@H@@@@IAEXXZ 1005eac0 f i bugreporter.obj
 0002:0000ab20       ?Base@?$CUtlVector@VCUtlSymbol@@V?$CUtlMemory@VCUtlSymbol@@H@@@@QAEPAVCUtlSymbol@@XZ 1005eb20 f i bugreporter.obj
 0002:0000ab70       ?ResetDbgInfo@?$CUtlVector@VCUtlSymbol@@V?$CUtlMemory@VCUtlSymbol@@H@@@@IAEXXZ 1005eb70 f i bugreporter.obj
 0002:0000abd0       ?IsIdxValid@?$CUtlMemory@EH@@QBE_NH@Z 1005ebd0 f i bugreporter.obj
 0002:0000ac40       ?IsReadOnly@?$CUtlMemory@EH@@QBE_NXZ 1005ec40 f i bugreporter.obj
 0002:0000ac90       ??0?$CUtlMemory@Uincfile@CBug@@H@@QAE@HH@Z 1005ec90 f i bugreporter.obj
 0002:0000aec0       ??0CMemAllocAttributeAlloction@@QAE@PBDH@Z 1005eec0 f i bugreporter.obj
 0002:0000af40       ??1CMemAllocAttributeAlloction@@QAE@XZ 1005ef40 f i bugreporter.obj
 0002:0000afb0       ??1?$CUtlMemory@Uincfile@CBug@@H@@QAE@XZ 1005efb0 f i bugreporter.obj
 0002:0000b000       ??A?$CUtlMemory@Uincfile@CBug@@H@@QAEAAUincfile@CBug@@H@Z 1005f000 f i bugreporter.obj
 0002:0000b240       ?Base@?$CUtlMemory@Uincfile@CBug@@H@@QAEPAUincfile@CBug@@XZ 1005f240 f i bugreporter.obj
 0002:0000b380       ?Purge@?$CUtlMemory@Uincfile@CBug@@H@@QAEXXZ 1005f380 f i bugreporter.obj
 0002:0000b430       ?InsertBefore@?$CUtlVector@Uincfile@CBug@@V?$CUtlMemory@Uincfile@CBug@@H@@@@QAEHHABUincfile@CBug@@@Z 1005f430 f i bugreporter.obj
 0002:0000b6f0       ?RemoveAll@?$CUtlVector@Uincfile@CBug@@V?$CUtlMemory@Uincfile@CBug@@H@@@@QAEXXZ 1005f6f0 f i bugreporter.obj
 0002:0000b780       ??0?$CUtlMemory@VCUtlSymbol@@H@@QAE@HH@Z 1005f780 f i bugreporter.obj
 0002:0000b9b0       ??1?$CUtlMemory@VCUtlSymbol@@H@@QAE@XZ 1005f9b0 f i bugreporter.obj
 0002:0000ba00       ??A?$CUtlMemory@VCUtlSymbol@@H@@QAEAAVCUtlSymbol@@H@Z 1005fa00 f i bugreporter.obj
 0002:0000bc40       ?Base@?$CUtlMemory@VCUtlSymbol@@H@@QAEPAVCUtlSymbol@@XZ 1005fc40 f i bugreporter.obj
 0002:0000bd80       ?Purge@?$CUtlMemory@VCUtlSymbol@@H@@QAEXXZ 1005fd80 f i bugreporter.obj
 0002:0000be30       ?InsertBefore@?$CUtlVector@VCUtlSymbol@@V?$CUtlMemory@VCUtlSymbol@@H@@@@QAEHHABVCUtlSymbol@@@Z 1005fe30 f i bugreporter.obj
 0002:0000c0f0       ?RemoveAll@?$CUtlVector@VCUtlSymbol@@V?$CUtlMemory@VCUtlSymbol@@H@@@@QAEXXZ 100600f0 f i bugreporter.obj
 0002:0000c180       ??$SwapBufferToTargetEndian@D@CByteswap@@QAEXPAD0H@Z 10060180 f i bugreporter.obj
 0002:0000c2b0       ?ValidateGrowSize@?$CUtlMemory@Uincfile@CBug@@H@@IAEXXZ 100602b0 f i bugreporter.obj
 0002:0000c2f0       ?ValidateGrowSize@?$CUtlMemory@VCUtlSymbol@@H@@IAEXXZ 100602f0 f i bugreporter.obj
 0002:0000c330       ?IsIdxValid@?$CUtlMemory@Uincfile@CBug@@H@@QBE_NH@Z 10060330 f i bugreporter.obj
 0002:0000c3a0       ?IsExternallyAllocated@?$CUtlMemory@Uincfile@CBug@@H@@QBE_NXZ 100603a0 f i bugreporter.obj
 0002:0000c3f0       ?IsReadOnly@?$CUtlMemory@Uincfile@CBug@@H@@QBE_NXZ 100603f0 f i bugreporter.obj
 0002:0000c440       ?Element@?$CUtlVector@Uincfile@CBug@@V?$CUtlMemory@Uincfile@CBug@@H@@@@QAEAAUincfile@CBug@@H@Z 10060440 f i bugreporter.obj
 0002:0000c4a0       ?IsValidIndex@?$CUtlVector@Uincfile@CBug@@V?$CUtlMemory@Uincfile@CBug@@H@@@@QBE_NH@Z 100604a0 f i bugreporter.obj
 0002:0000c510       ?GrowVector@?$CUtlVector@Uincfile@CBug@@V?$CUtlMemory@Uincfile@CBug@@H@@@@IAEXH@Z 10060510 f i bugreporter.obj
 0002:0000c630       ?ShiftElementsRight@?$CUtlVector@Uincfile@CBug@@V?$CUtlMemory@Uincfile@CBug@@H@@@@IAEXHH@Z 10060630 f i bugreporter.obj
 0002:0000c7f0       ?IsIdxValid@?$CUtlMemory@VCUtlSymbol@@H@@QBE_NH@Z 100607f0 f i bugreporter.obj
 0002:0000c860       ?IsExternallyAllocated@?$CUtlMemory@VCUtlSymbol@@H@@QBE_NXZ 10060860 f i bugreporter.obj
 0002:0000c8b0       ?IsReadOnly@?$CUtlMemory@VCUtlSymbol@@H@@QBE_NXZ 100608b0 f i bugreporter.obj
 0002:0000c900       ?Element@?$CUtlVector@VCUtlSymbol@@V?$CUtlMemory@VCUtlSymbol@@H@@@@QAEAAVCUtlSymbol@@H@Z 10060900 f i bugreporter.obj
 0002:0000c960       ?IsValidIndex@?$CUtlVector@VCUtlSymbol@@V?$CUtlMemory@VCUtlSymbol@@H@@@@QBE_NH@Z 10060960 f i bugreporter.obj
 0002:0000c9d0       ?GrowVector@?$CUtlVector@VCUtlSymbol@@V?$CUtlMemory@VCUtlSymbol@@H@@@@IAEXH@Z 100609d0 f i bugreporter.obj
 0002:0000caf0       ?ShiftElementsRight@?$CUtlVector@VCUtlSymbol@@V?$CUtlMemory@VCUtlSymbol@@H@@@@IAEXHH@Z 10060af0 f i bugreporter.obj
 0002:0000ccb0       ??$CopyConstruct@Uincfile@CBug@@@@YAXPAUincfile@CBug@@ABU01@@Z 10060cb0 f i bugreporter.obj
 0002:0000cd50       ??2@YAPAXIPAX@Z            10060d50 f i bugreporter.obj
 0002:0000cd90       ??$Destruct@Uincfile@CBug@@@@YAXPAUincfile@CBug@@@Z 10060d90 f i bugreporter.obj
 0002:0000cdf0       ??$CopyConstruct@VCUtlSymbol@@@@YAXPAVCUtlSymbol@@ABV0@@Z 10060df0 f i bugreporter.obj
 0002:0000ce80       ??$Destruct@VCUtlSymbol@@@@YAXPAVCUtlSymbol@@@Z 10060e80 f i bugreporter.obj
 0002:0000cee0       ??$LowLevelByteSwap@D@CByteswap@@CAXPAD0@Z 10060ee0 f i bugreporter.obj
 0002:0000cfd0       ?NumAllocated@?$CUtlMemory@Uincfile@CBug@@H@@QBEHXZ 10060fd0 f i bugreporter.obj
 0002:0000d010       ?Grow@?$CUtlMemory@Uincfile@CBug@@H@@QAEXH@Z 10061010 f i bugreporter.obj
 0002:0000d740       ?UtlMemory_CalcNewAllocationCount@@YAHHHHH@Z 10061740 f i bugreporter.obj
 0002:0000d7d0       ?NumAllocated@?$CUtlMemory@VCUtlSymbol@@H@@QBEHXZ 100617d0 f i bugreporter.obj
 0002:0000d810       ?Grow@?$CUtlMemory@VCUtlSymbol@@H@@QAEXH@Z 10061810 f i bugreporter.obj
 0002:0000df30       ??0Vector2D@@QAE@MM@Z      10061f30 f i bugreporter.obj
 0002:0000e090       ?IsValid@Vector2D@@QBE_NXZ 10062090 f i bugreporter.obj
 0002:0000e140       ?IsFinite@@YA_NM@Z         10062140 f i bugreporter.obj
 0002:0000e1b0       ?FloatBits@@YAAAKAAM@Z     100621b0 f i bugreporter.obj
 0002:0000e230       _BuiltDebug                10062230 f   memoverride.obj
 0002:0000e260       ?MakeModuleFileName@@YAPBDXZ 10062260 f   memoverride.obj
 0002:0000e3e0       ?strrchr@@YAPADPADH@Z      100623e0 f i memoverride.obj
 0002:0000e440       _malloc                    10062440 f   memoverride.obj
 0002:0000e570       _free                      10062570 f   memoverride.obj
 0002:0000e5e0       _realloc                   100625e0 f   memoverride.obj
 0002:0000e730       _calloc                    10062730 f   memoverride.obj
 0002:0000e7b0       __malloc_base              100627b0 f   memoverride.obj
 0002:0000e800       __calloc_base              10062800 f   memoverride.obj
 0002:0000e870       __realloc_base             10062870 f   memoverride.obj
 0002:0000e8d0       __recalloc_base            100628d0 f   memoverride.obj
 0002:0000e940       __free_base                10062940 f   memoverride.obj
 0002:0000e9b0       __expand_base              100629b0 f   memoverride.obj
 0002:0000eaf0       __malloc_crt               10062af0 f   memoverride.obj
 0002:0000eb40       __calloc_crt               10062b40 f   memoverride.obj
 0002:0000eba0       __realloc_crt              10062ba0 f   memoverride.obj
 0002:0000ec00       __recalloc_crt             10062c00 f   memoverride.obj
 0002:0000ec60       __recalloc                 10062c60 f   memoverride.obj
 0002:0000ece0       __msize_base               10062ce0 f   memoverride.obj
 0002:0000ed50       __msize                    10062d50 f   memoverride.obj
 0002:0000eda0       _msize                     10062da0 f   memoverride.obj
 0002:0000ee10       __heap_alloc               10062e10 f   memoverride.obj
 0002:0000ee60       __nh_malloc                10062e60 f   memoverride.obj
 0002:0000eeb0       __expand                   10062eb0 f   memoverride.obj
 0002:0000eff0       __get_sbh_threshold        10062ff0 f   memoverride.obj
 0002:0000f020       __set_sbh_threshold        10063020 f   memoverride.obj
 0002:0000f050       __heapchk                  10063050 f   memoverride.obj
 0002:0000f0c0       __heapmin                  100630c0 f   memoverride.obj
 0002:0000f100       __heapadd                  10063100 f   memoverride.obj
 0002:0000f130       __heapset                  10063130 f   memoverride.obj
 0002:0000f160       __heapused                 10063160 f   memoverride.obj
 0002:0000f190       __heapwalk                 10063190 f   memoverride.obj
 0002:0000f1c0       _malloc_db                 100631c0 f   memoverride.obj
 0002:0000f240       _free_db                   10063240 f   memoverride.obj
 0002:0000f2c0       _realloc_db                100632c0 f   memoverride.obj
 0002:0000f340       __heap_init                10063340 f   memoverride.obj
 0002:0000f390       __heap_term                10063390 f   memoverride.obj
 0002:0000f3c0       ??2@YAPAXI@Z               100633c0 f   memoverride.obj
 0002:0000f410       ??2@YAPAXIHPBDH@Z          10063410 f   memoverride.obj
 0002:0000f490       ??3@YAXPAX@Z               10063490 f   memoverride.obj
 0002:0000f500       ??_U@YAPAXI@Z              10063500 f   memoverride.obj
 0002:0000f550       ??_U@YAPAXIHPBDH@Z         10063550 f   memoverride.obj
 0002:0000f5d0       ??_V@YAXPAX@Z              100635d0 f   memoverride.obj
 0002:0000f640       __nh_malloc_dbg            10063640 f   memoverride.obj
 0002:0000f720       ??0CAttibCRT@@QAE@H@Z      10063720 f i memoverride.obj
 0002:0000f7c0       ??1CAttibCRT@@QAE@XZ       100637c0 f i memoverride.obj
 0002:0000f840       __malloc_dbg               10063840 f   memoverride.obj
 0002:0000f920       __calloc_dbg               10063920 f   memoverride.obj
 0002:0000fa20       __realloc_dbg              10063a20 f   memoverride.obj
 0002:0000fb00       __expand_dbg               10063b00 f   memoverride.obj
 0002:0000fc40       __free_dbg                 10063c40 f   memoverride.obj
 0002:0000fd00       __msize_dbg                10063d00 f   memoverride.obj
 0002:0000fd50       __aligned_malloc_base      10063d50 f   memoverride.obj
 0002:0000fdb0       ?MemAlloc_AllocAligned@@YAPAXII@Z 10063db0 f i memoverride.obj
 0002:0000feb0       ?IsPowerOfTwo@@YA_NH@Z     10063eb0 f i memoverride.obj
 0002:0000ff00       __aligned_realloc_base     10063f00 f   memoverride.obj
 0002:0000ff60       ?MemAlloc_ReallocAligned@@YAPAXPAXII@Z 10063f60 f i memoverride.obj
 0002:000100d0       __aligned_recalloc_base    100640d0 f   memoverride.obj
 0002:00010130       __aligned_free_base        10064130 f   memoverride.obj
 0002:00010180       ?MemAlloc_FreeAligned@@YAXPAX@Z 10064180 f i memoverride.obj
 0002:00010220       __aligned_malloc           10064220 f   memoverride.obj
 0002:00010280       __aligned_realloc          10064280 f   memoverride.obj
 0002:000102e0       __aligned_recalloc         100642e0 f   memoverride.obj
 0002:00010340       __aligned_free             10064340 f   memoverride.obj
 0002:00010390       __aligned_offset_malloc_base 10064390 f   memoverride.obj
 0002:000104c0       __aligned_offset_realloc_base 100644c0 f   memoverride.obj
 0002:000105f0       __aligned_offset_recalloc_base 100645f0 f   memoverride.obj
 0002:00010720       __aligned_offset_malloc    10064720 f   memoverride.obj
 0002:00010780       __aligned_offset_realloc   10064780 f   memoverride.obj
 0002:000107e0       __aligned_offset_recalloc  100647e0 f   memoverride.obj
 0002:00010850       __CrtDumpMemoryLeaks       10064850 f   memoverride.obj
 0002:00010880       __CrtSetDumpClient         10064880 f   memoverride.obj
 0002:000108b0       __CrtSetDbgFlag            100648b0 f   memoverride.obj
 0002:00010920       ___p__crtDbgFlag           10064920 f   memoverride.obj
 0002:00010960       ___p__crtBreakAlloc        10064960 f   memoverride.obj
 0002:000109a0       __CrtSetDbgBlockType       100649a0 f   memoverride.obj
 0002:000109e0       __CrtSetAllocHook          100649e0 f   memoverride.obj
 0002:00010a30       __CrtSetBreakAlloc         10064a30 f   memoverride.obj
 0002:00010aa0       __CrtIsValidHeapPointer    10064aa0 f   memoverride.obj
 0002:00010b10       __CrtIsValidPointer        10064b10 f   memoverride.obj
 0002:00010b90       __CrtCheckMemory           10064b90 f   memoverride.obj
 0002:00010c00       __CrtIsMemoryBlock         10064c00 f   memoverride.obj
 0002:00010c50       __CrtMemDifference         10064c50 f   memoverride.obj
 0002:00010ca0       __CrtMemDumpStatistics     10064ca0 f   memoverride.obj
 0002:00010ce0       __CrtMemCheckpoint         10064ce0 f   memoverride.obj
 0002:00010d50       __CrtMemDumpAllObjectsSince 10064d50 f   memoverride.obj
 0002:00010d90       __CrtDoForAllClientObjects 10064d90 f   memoverride.obj
 0002:00010dd0       __CrtSetReportMode         10064dd0 f   memoverride.obj
 0002:00010e40       __CrtSetReportFile         10064e40 f   memoverride.obj
 0002:00010eb0       __CrtSetReportHook         10064eb0 f   memoverride.obj
 0002:00010f20       __CrtDbgReport             10064f20 f   memoverride.obj
 0002:00010fd0       __invalid_parameter_noinfo 10064fd0 f   memoverride.obj
 0002:00011110       ___crtMessageWindowW       10065110 f   memoverride.obj
 0002:00011250       __CrtDbgReportV            10065250 f   memoverride.obj
 0002:00011390       __CrtDbgReportW            10065390 f   memoverride.obj
 0002:000114d0       __VCrtDbgReportA           100654d0 f   memoverride.obj
 0002:00011610       __CrtSetReportHook2        10065610 f   memoverride.obj
 0002:00011660       __CrtSetCheckCount         10065660 f   memoverride.obj
 0002:000116a0       __CrtGetCheckCount         100656a0 f   memoverride.obj
 0002:000116e0       __aligned_offset_recalloc_dbg 100656e0 f   memoverride.obj
 0002:00011850       __aligned_recalloc_dbg     10065850 f   memoverride.obj
 0002:000118c0       __recalloc_dbg             100658c0 f   memoverride.obj
 0002:00011930       __CrtGetReportHook         10065930 f   memoverride.obj
 0002:00011960       __CrtReportBlockType       10065960 f   memoverride.obj
 0002:00011990       __heap_alloc_base          10065990 f   memoverride.obj
 0002:00011a00       __heap_alloc_dbg           10065a00 f   memoverride.obj
 0002:00011a50       __free_nolock              10065a50 f   memoverride.obj
 0002:00011aa0       __free_dbg_nolock          10065aa0 f   memoverride.obj
 0002:00011af0       __CrtGetAllocHook          10065af0 f   memoverride.obj
 0002:00011b60       __CrtGetDumpClient         10065b60 f   memoverride.obj
 0002:00011bd0       __aligned_malloc_dbg       10065bd0 f   memoverride.obj
 0002:00011c30       __aligned_realloc_dbg      10065c30 f   memoverride.obj
 0002:00011c90       __aligned_offset_malloc_dbg 10065c90 f   memoverride.obj
 0002:00011cf0       __aligned_offset_realloc_dbg 10065cf0 f   memoverride.obj
 0002:00011d50       __aligned_free_dbg         10065d50 f   memoverride.obj
 0002:00011da0       __CrtSetDebugFillThreshold 10065da0 f   memoverride.obj
 0002:00011e10       __strdup                   10065e10 f   memoverride.obj
 0002:00011ea0       __wcsdup_dbg               10065ea0 f   memoverride.obj
 0002:00011fe0       __wcsdup                   10065fe0 f   memoverride.obj
 0002:00012114       _GetModuleFileNameA@12     10066114 f   kernel32:KERNEL32.dll
 0002:0001211a       _VirtualQuery@12           1006611a f   kernel32:KERNEL32.dll
 0002:00012120       _HeapAlloc@12              10066120 f   kernel32:KERNEL32.dll
 0002:00012126       _GetProcessHeap@0          10066126 f   kernel32:KERNEL32.dll
 0002:00012130       ?Initialize@CUtlSymbol@@KAXXZ 10066130 f   tier1:utlsymbol.obj
 0002:000122e0       ??0CUtlSymbolTableMT@@QAE@HH_N@Z 100662e0 f i tier1:utlsymbol.obj
 0002:00012360       ?CurrTable@CUtlSymbol@@KAPAVCUtlSymbolTableMT@@XZ 10066360 f   tier1:utlsymbol.obj
 0002:000123b0       ??0CUtlSymbol@@QAE@PBD@Z   100663b0 f   tier1:utlsymbol.obj
 0002:00012430       ??BCUtlSymbol@@QBE?BGXZ    10066430 f i tier1:utlsymbol.obj
 0002:00012470       ?AddString@CUtlSymbolTableMT@@QAE?AVCUtlSymbol@@PBD@Z 10066470 f i tier1:utlsymbol.obj
 0002:00012550       ?String@CUtlSymbol@@QBEPBDXZ 10066550 f   tier1:utlsymbol.obj
 0002:000125c0       ??0CUtlSymbol@@QAE@G@Z     100665c0 f i tier1:utlsymbol.obj
 0002:00012610       ?String@CUtlSymbolTableMT@@QBEPBDVCUtlSymbol@@@Z 10066610 f i tier1:utlsymbol.obj
 0002:000126b0       ?DisableStaticSymbolTable@CUtlSymbol@@SAXXZ 100666b0 f   tier1:utlsymbol.obj
 0002:000126f0       ??8CUtlSymbol@@QBE_NPBD@Z  100666f0 f   tier1:utlsymbol.obj
 0002:00012770       ??RCLess@CUtlSymbolTable@@QBE_NABVCStringPoolIndex@1@0@Z 10066770 f   tier1:utlsymbol.obj
 0002:000128e0       ??0CStringPoolIndex@CUtlSymbolTable@@QAE@GG@Z 100668e0 f i tier1:utlsymbol.obj
 0002:00012940       ??8CStringPoolIndex@CUtlSymbolTable@@QBE_NABV01@@Z 10066940 f i tier1:utlsymbol.obj
 0002:000129d0       ?StringFromIndex@CUtlSymbolTable@@ABEPBDABVCStringPoolIndex@1@@Z 100669d0 f i tier1:utlsymbol.obj
 0002:00012c50       ??0CUtlSymbolTable@@QAE@HH_N@Z 10066c50 f   tier1:utlsymbol.obj
 0002:00012cd0       ??0CTree@CUtlSymbolTable@@QAE@HH@Z 10066cd0 f i tier1:utlsymbol.obj
 0002:00012d50       ??0CLess@CUtlSymbolTable@@QAE@H@Z 10066d50 f i tier1:utlsymbol.obj
 0002:00012d90       ??1CUtlSymbolTable@@QAE@XZ 10066d90 f   tier1:utlsymbol.obj
 0002:00012e00       ??1CTree@CUtlSymbolTable@@QAE@XZ 10066e00 f i tier1:utlsymbol.obj
 0002:00012e50       ?Find@CUtlSymbolTable@@QBE?AVCUtlSymbol@@PBD@Z 10066e50 f   tier1:utlsymbol.obj
 0002:00012f10       ?FindPoolWithSpace@CUtlSymbolTable@@ABEHH@Z 10066f10 f   tier1:utlsymbol.obj
 0002:00012fc0       ?AddString@CUtlSymbolTable@@QAE?AVCUtlSymbol@@PBD@Z 10066fc0 f   tier1:utlsymbol.obj
 0002:00013340       ?IsValid@CUtlSymbol@@QBE_NXZ 10067340 f i tier1:utlsymbol.obj
 0002:00013390       ??0CStringPoolIndex@CUtlSymbolTable@@QAE@XZ 10067390 f i tier1:utlsymbol.obj
 0002:000133d0       ?String@CUtlSymbolTable@@QBEPBDVCUtlSymbol@@@Z 100673d0 f   tier1:utlsymbol.obj
 0002:00013560       ?RemoveAll@CUtlSymbolTable@@QAEXXZ 10067560 f   tier1:utlsymbol.obj
 0002:00013630       ?FindOrAddFileName@CUtlFilenameSymbolTable@@QAEPAXPBD@Z 10067630 f   tier1:utlsymbol.obj
 0002:000138e0       ??0FileNameHandleInternal_t@CUtlFilenameSymbolTable@@QAE@XZ 100678e0 f i tier1:utlsymbol.obj
 0002:00013930       ?FindFileName@CUtlFilenameSymbolTable@@QAEPAXPBD@Z 10067930 f   tier1:utlsymbol.obj
 0002:00013b60       ?String@CUtlFilenameSymbolTable@@QAE_NABQAXPADH@Z 10067b60 f   tier1:utlsymbol.obj
 0002:00013c80       ?RemoveAll@CUtlFilenameSymbolTable@@QAEXXZ 10067c80 f   tier1:utlsymbol.obj
 0002:00013cd0       ?SpewStrings@CUtlFilenameSymbolTable@@QAEXXZ 10067cd0 f   tier1:utlsymbol.obj
 0002:00013d60       ??0?$CUtlRBTree@VCStringPoolIndex@CUtlSymbolTable@@GVCLess@2@V?$CUtlMemory@U?$UtlRBTreeNode_t@VCStringPoolIndex@CUtlSymbolTable@@G@@G@@@@QAE@HHABVCLess@CUtlSymbolTable@@@Z 10067d60 f i tier1:utlsymbol.obj
 0002:00013e10       ??1?$CUtlRBTree@VCStringPoolIndex@CUtlSymbolTable@@GVCLess@2@V?$CUtlMemory@U?$UtlRBTreeNode_t@VCStringPoolIndex@CUtlSymbolTable@@G@@G@@@@QAE@XZ 10067e10 f i tier1:utlsymbol.obj
 0002:00013e70       ??A?$CUtlRBTree@VCStringPoolIndex@CUtlSymbolTable@@GVCLess@2@V?$CUtlMemory@U?$UtlRBTreeNode_t@VCStringPoolIndex@CUtlSymbolTable@@G@@G@@@@QBEABVCStringPoolIndex@CUtlSymbolTable@@G@Z 10067e70 f i tier1:utlsymbol.obj
 0002:00013ed0       ?IsValidIndex@?$CUtlRBTree@VCStringPoolIndex@CUtlSymbolTable@@GVCLess@2@V?$CUtlMemory@U?$UtlRBTreeNode_t@VCStringPoolIndex@CUtlSymbolTable@@G@@G@@@@QBE_NG@Z 10067ed0 f i tier1:utlsymbol.obj
 0002:00013f90       ?Insert@?$CUtlRBTree@VCStringPoolIndex@CUtlSymbolTable@@GVCLess@2@V?$CUtlMemory@U?$UtlRBTreeNode_t@VCStringPoolIndex@CUtlSymbolTable@@G@@G@@@@QAEGABVCStringPoolIndex@CUtlSymbolTable@@@Z 10067f90 f i tier1:utlsymbol.obj
 0002:00014090       ?Find@?$CUtlRBTree@VCStringPoolIndex@CUtlSymbolTable@@GVCLess@2@V?$CUtlMemory@U?$UtlRBTreeNode_t@VCStringPoolIndex@CUtlSymbolTable@@G@@G@@@@QBEGABVCStringPoolIndex@CUtlSymbolTable@@@Z 10068090 f i tier1:utlsymbol.obj
 0002:00014280       ??7CLess@CUtlSymbolTable@@QBE_NXZ 10068280 f i tier1:utlsymbol.obj
 0002:000142c0       ?Purge@?$CUtlRBTree@VCStringPoolIndex@CUtlSymbolTable@@GVCLess@2@V?$CUtlMemory@U?$UtlRBTreeNode_t@VCStringPoolIndex@CUtlSymbolTable@@G@@G@@@@QAEXXZ 100682c0 f i tier1:utlsymbol.obj
 0002:00014350       ??0?$CUtlVector@PAUStringPool_t@CUtlSymbolTable@@V?$CUtlMemory@PAUStringPool_t@CUtlSymbolTable@@H@@@@QAE@HH@Z 10068350 f i tier1:utlsymbol.obj
 0002:000143d0       ??1?$CUtlVector@PAUStringPool_t@CUtlSymbolTable@@V?$CUtlMemory@PAUStringPool_t@CUtlSymbolTable@@H@@@@QAE@XZ 100683d0 f i tier1:utlsymbol.obj
 0002:00014430       ??A?$CUtlVector@PAUStringPool_t@CUtlSymbolTable@@V?$CUtlMemory@PAUStringPool_t@CUtlSymbolTable@@H@@@@QBEABQAUStringPool_t@CUtlSymbolTable@@H@Z 10068430 f i tier1:utlsymbol.obj
 0002:00014490       ??A?$CUtlVector@PAUStringPool_t@CUtlSymbolTable@@V?$CUtlMemory@PAUStringPool_t@CUtlSymbolTable@@H@@@@QAEAAPAUStringPool_t@CUtlSymbolTable@@H@Z 10068490 f i tier1:utlsymbol.obj
 0002:000144f0       ?Count@?$CUtlVector@PAUStringPool_t@CUtlSymbolTable@@V?$CUtlMemory@PAUStringPool_t@CUtlSymbolTable@@H@@@@QBEHXZ 100684f0 f i tier1:utlsymbol.obj
 0002:00014530       ?AddToTail@?$CUtlVector@PAUStringPool_t@CUtlSymbolTable@@V?$CUtlMemory@PAUStringPool_t@CUtlSymbolTable@@H@@@@QAEHABQAUStringPool_t@CUtlSymbolTable@@@Z 10068530 f i tier1:utlsymbol.obj
 0002:000146c0       ?RemoveAll@?$CUtlVector@PAUStringPool_t@CUtlSymbolTable@@V?$CUtlMemory@PAUStringPool_t@CUtlSymbolTable@@H@@@@QAEXXZ 100686c0 f i tier1:utlsymbol.obj
 0002:00014750       ?ResetDbgInfo@?$CUtlRBTree@VCStringPoolIndex@CUtlSymbolTable@@GVCLess@2@V?$CUtlMemory@U?$UtlRBTreeNode_t@VCStringPoolIndex@CUtlSymbolTable@@G@@G@@@@IAEXXZ 10068750 f i tier1:utlsymbol.obj
 0002:000147b0       ?IsIdxAfter@?$CUtlMemory@U?$UtlRBTreeNode_t@VCStringPoolIndex@CUtlSymbolTable@@G@@G@@QBE_NGABVIterator_t@1@@Z 100687b0 f i tier1:utlsymbol.obj
 0002:00014800       ?InvalidIterator@?$CUtlMemory@U?$UtlRBTreeNode_t@VCStringPoolIndex@CUtlSymbolTable@@G@@G@@QBE?AVIterator_t@1@XZ 10068800 f i tier1:utlsymbol.obj
 0002:00014860       ?Base@?$CUtlVector@PAUStringPool_t@CUtlSymbolTable@@V?$CUtlMemory@PAUStringPool_t@CUtlSymbolTable@@H@@@@QAEPAPAUStringPool_t@CUtlSymbolTable@@XZ 10068860 f i tier1:utlsymbol.obj
 0002:000148b0       ?ResetDbgInfo@?$CUtlVector@PAUStringPool_t@CUtlSymbolTable@@V?$CUtlMemory@PAUStringPool_t@CUtlSymbolTable@@H@@@@IAEXXZ 100688b0 f i tier1:utlsymbol.obj
 0002:00014910       ?InvalidIndex@?$CUtlMemory@U?$UtlRBTreeNode_t@VCStringPoolIndex@CUtlSymbolTable@@G@@G@@SAGXZ 10068910 f i tier1:utlsymbol.obj
 0002:00014950       ??0Iterator_t@?$CUtlMemory@U?$UtlRBTreeNode_t@VCStringPoolIndex@CUtlSymbolTable@@G@@G@@QAE@G@Z 10068950 f i tier1:utlsymbol.obj
 0002:000149a0       ??0?$CUtlMemory@U?$UtlRBTreeNode_t@VCStringPoolIndex@CUtlSymbolTable@@G@@G@@QAE@HH@Z 100689a0 f i tier1:utlsymbol.obj
 0002:00014bd0       ??1?$CUtlMemory@U?$UtlRBTreeNode_t@VCStringPoolIndex@CUtlSymbolTable@@G@@G@@QAE@XZ 10068bd0 f i tier1:utlsymbol.obj
 0002:00014c20       ?IsIdxValid@?$CUtlMemory@U?$UtlRBTreeNode_t@VCStringPoolIndex@CUtlSymbolTable@@G@@G@@QBE_NG@Z 10068c20 f i tier1:utlsymbol.obj
 0002:00014ca0       ?Base@?$CUtlMemory@U?$UtlRBTreeNode_t@VCStringPoolIndex@CUtlSymbolTable@@G@@G@@QAEPAU?$UtlRBTreeNode_t@VCStringPoolIndex@CUtlSymbolTable@@G@@XZ 10068ca0 f i tier1:utlsymbol.obj
 0002:00014de0       ?Purge@?$CUtlMemory@U?$UtlRBTreeNode_t@VCStringPoolIndex@CUtlSymbolTable@@G@@G@@QAEXXZ 10068de0 f i tier1:utlsymbol.obj
 0002:00014e90       ?Element@?$CUtlRBTree@VCStringPoolIndex@CUtlSymbolTable@@GVCLess@2@V?$CUtlMemory@U?$UtlRBTreeNode_t@VCStringPoolIndex@CUtlSymbolTable@@G@@G@@@@QBEABVCStringPoolIndex@CUtlSymbolTable@@G@Z 10068e90 f i tier1:utlsymbol.obj
 0002:00014ef0       ?Element@?$CUtlRBTree@VCStringPoolIndex@CUtlSymbolTable@@GVCLess@2@V?$CUtlMemory@U?$UtlRBTreeNode_t@VCStringPoolIndex@CUtlSymbolTable@@G@@G@@@@QAEAAVCStringPoolIndex@CUtlSymbolTable@@G@Z 10068ef0 f i tier1:utlsymbol.obj
 0002:00014f50       ?LeftChild@?$CUtlRBTree@VCStringPoolIndex@CUtlSymbolTable@@GVCLess@2@V?$CUtlMemory@U?$UtlRBTreeNode_t@VCStringPoolIndex@CUtlSymbolTable@@G@@G@@@@QBEGG@Z 10068f50 f i tier1:utlsymbol.obj
 0002:00014fb0       ?RightChild@?$CUtlRBTree@VCStringPoolIndex@CUtlSymbolTable@@GVCLess@2@V?$CUtlMemory@U?$UtlRBTreeNode_t@VCStringPoolIndex@CUtlSymbolTable@@G@@G@@@@QBEGG@Z 10068fb0 f i tier1:utlsymbol.obj
 0002:00015010       ?InvalidIndex@?$CUtlRBTree@VCStringPoolIndex@CUtlSymbolTable@@GVCLess@2@V?$CUtlMemory@U?$UtlRBTreeNode_t@VCStringPoolIndex@CUtlSymbolTable@@G@@G@@@@SAGXZ 10069010 f i tier1:utlsymbol.obj
 0002:00015060       ?RemoveAll@?$CUtlRBTree@VCStringPoolIndex@CUtlSymbolTable@@GVCLess@2@V?$CUtlMemory@U?$UtlRBTreeNode_t@VCStringPoolIndex@CUtlSymbolTable@@G@@G@@@@QAEXXZ 10069060 f i tier1:utlsymbol.obj
 0002:00015610       ?InsertAt@?$CUtlRBTree@VCStringPoolIndex@CUtlSymbolTable@@GVCLess@2@V?$CUtlMemory@U?$UtlRBTreeNode_t@VCStringPoolIndex@CUtlSymbolTable@@G@@G@@@@IAEGG_N@Z 10069610 f i tier1:utlsymbol.obj
 0002:00015790       ?FindInsertionPosition@?$CUtlRBTree@VCStringPoolIndex@CUtlSymbolTable@@GVCLess@2@V?$CUtlMemory@U?$UtlRBTreeNode_t@VCStringPoolIndex@CUtlSymbolTable@@G@@G@@@@IAEXABVCStringPoolIndex@CUtlSymbolTable@@AAGAA_N@Z 10069790 f i tier1:utlsymbol.obj
 0002:00015970       ??0?$CUtlMemory@PAUStringPool_t@CUtlSymbolTable@@H@@QAE@HH@Z 10069970 f i tier1:utlsymbol.obj
 0002:00015ba0       ??1?$CUtlMemory@PAUStringPool_t@CUtlSymbolTable@@H@@QAE@XZ 10069ba0 f i tier1:utlsymbol.obj
 0002:00015bf0       ??A?$CUtlMemory@PAUStringPool_t@CUtlSymbolTable@@H@@QBEABQAUStringPool_t@CUtlSymbolTable@@H@Z 10069bf0 f i tier1:utlsymbol.obj
 0002:00015d40       ??A?$CUtlMemory@PAUStringPool_t@CUtlSymbolTable@@H@@QAEAAPAUStringPool_t@CUtlSymbolTable@@H@Z 10069d40 f i tier1:utlsymbol.obj
 0002:00015f80       ?Base@?$CUtlMemory@PAUStringPool_t@CUtlSymbolTable@@H@@QAEPAPAUStringPool_t@CUtlSymbolTable@@XZ 10069f80 f i tier1:utlsymbol.obj
 0002:000160c0       ?Element@?$CUtlVector@PAUStringPool_t@CUtlSymbolTable@@V?$CUtlMemory@PAUStringPool_t@CUtlSymbolTable@@H@@@@QAEAAPAUStringPool_t@CUtlSymbolTable@@H@Z 1006a0c0 f i tier1:utlsymbol.obj
 0002:00016120       ?InsertBefore@?$CUtlVector@PAUStringPool_t@CUtlSymbolTable@@V?$CUtlMemory@PAUStringPool_t@CUtlSymbolTable@@H@@@@QAEHHABQAUStringPool_t@CUtlSymbolTable@@@Z 1006a120 f i tier1:utlsymbol.obj
 0002:000163e0       ?Purge@?$CUtlVector@PAUStringPool_t@CUtlSymbolTable@@V?$CUtlMemory@PAUStringPool_t@CUtlSymbolTable@@H@@@@QAEXXZ 1006a3e0 f i tier1:utlsymbol.obj
 0002:00016450       ??$CopyConstruct@VCStringPoolIndex@CUtlSymbolTable@@@@YAXPAVCStringPoolIndex@CUtlSymbolTable@@ABV01@@Z 1006a450 f i tier1:utlsymbol.obj
 0002:000164f0       ??$Destruct@PAUStringPool_t@CUtlSymbolTable@@@@YAXPAPAUStringPool_t@CUtlSymbolTable@@@Z 1006a4f0 f i tier1:utlsymbol.obj
 0002:00016550       ?First@?$CUtlMemory@U?$UtlRBTreeNode_t@VCStringPoolIndex@CUtlSymbolTable@@G@@G@@QBE?AVIterator_t@1@XZ 1006a550 f i tier1:utlsymbol.obj
 0002:000165f0       ?Next@?$CUtlMemory@U?$UtlRBTreeNode_t@VCStringPoolIndex@CUtlSymbolTable@@G@@G@@QBE?AVIterator_t@1@ABV21@@Z 1006a5f0 f i tier1:utlsymbol.obj
 0002:000166a0       ?GetIndex@?$CUtlMemory@U?$UtlRBTreeNode_t@VCStringPoolIndex@CUtlSymbolTable@@G@@G@@QBEGABVIterator_t@1@@Z 1006a6a0 f i tier1:utlsymbol.obj
 0002:000166e0       ?ValidateGrowSize@?$CUtlMemory@U?$UtlRBTreeNode_t@VCStringPoolIndex@CUtlSymbolTable@@G@@G@@IAEXXZ 1006a6e0 f i tier1:utlsymbol.obj
 0002:00016720       ??8Iterator_t@?$CUtlMemory@U?$UtlRBTreeNode_t@VCStringPoolIndex@CUtlSymbolTable@@G@@G@@QBE_NV01@@Z 1006a720 f i tier1:utlsymbol.obj
 0002:00016770       ??9Iterator_t@?$CUtlMemory@U?$UtlRBTreeNode_t@VCStringPoolIndex@CUtlSymbolTable@@G@@G@@QBE_NV01@@Z 1006a770 f i tier1:utlsymbol.obj
 0002:000167c0       ?ValidateGrowSize@?$CUtlMemory@PAUStringPool_t@CUtlSymbolTable@@H@@IAEXXZ 1006a7c0 f i tier1:utlsymbol.obj
 0002:00016800       ??A?$CUtlMemory@U?$UtlRBTreeNode_t@VCStringPoolIndex@CUtlSymbolTable@@G@@G@@QBEABU?$UtlRBTreeNode_t@VCStringPoolIndex@CUtlSymbolTable@@G@@G@Z 1006a800 f i tier1:utlsymbol.obj
 0002:00016950       ??A?$CUtlMemory@U?$UtlRBTreeNode_t@VCStringPoolIndex@CUtlSymbolTable@@G@@G@@QAEAAU?$UtlRBTreeNode_t@VCStringPoolIndex@CUtlSymbolTable@@G@@G@Z 1006a950 f i tier1:utlsymbol.obj
 0002:00016b90       ?IsExternallyAllocated@?$CUtlMemory@U?$UtlRBTreeNode_t@VCStringPoolIndex@CUtlSymbolTable@@G@@G@@QBE_NXZ 1006ab90 f i tier1:utlsymbol.obj
 0002:00016be0       ?IsReadOnly@?$CUtlMemory@U?$UtlRBTreeNode_t@VCStringPoolIndex@CUtlSymbolTable@@G@@G@@QBE_NXZ 1006abe0 f i tier1:utlsymbol.obj
 0002:00016c30       ?IsValid@?$CUtlRBTree@VCStringPoolIndex@CUtlSymbolTable@@GVCLess@2@V?$CUtlMemory@U?$UtlRBTreeNode_t@VCStringPoolIndex@CUtlSymbolTable@@G@@G@@@@QBE_NXZ 1006ac30 f i tier1:utlsymbol.obj
 0002:00016d20       ?Count@?$CUtlRBTree@VCStringPoolIndex@CUtlSymbolTable@@GVCLess@2@V?$CUtlMemory@U?$UtlRBTreeNode_t@VCStringPoolIndex@CUtlSymbolTable@@G@@G@@@@QBEIXZ 1006ad20 f i tier1:utlsymbol.obj
 0002:00016d60       ?NewNode@?$CUtlRBTree@VCStringPoolIndex@CUtlSymbolTable@@GVCLess@2@V?$CUtlMemory@U?$UtlRBTreeNode_t@VCStringPoolIndex@CUtlSymbolTable@@G@@G@@@@QAEGXZ 1006ad60 f i tier1:utlsymbol.obj
 0002:00017390       ?SetLeftChild@?$CUtlRBTree@VCStringPoolIndex@CUtlSymbolTable@@GVCLess@2@V?$CUtlMemory@U?$UtlRBTreeNode_t@VCStringPoolIndex@CUtlSymbolTable@@G@@G@@@@IAEXGG@Z 1006b390 f i tier1:utlsymbol.obj
 0002:000173f0       ?SetRightChild@?$CUtlRBTree@VCStringPoolIndex@CUtlSymbolTable@@GVCLess@2@V?$CUtlMemory@U?$UtlRBTreeNode_t@VCStringPoolIndex@CUtlSymbolTable@@G@@G@@@@IAEXGG@Z 1006b3f0 f i tier1:utlsymbol.obj
 0002:00017460       ?LinkToParent@?$CUtlRBTree@VCStringPoolIndex@CUtlSymbolTable@@GVCLess@2@V?$CUtlMemory@U?$UtlRBTreeNode_t@VCStringPoolIndex@CUtlSymbolTable@@G@@G@@@@IAEXGG_N@Z 1006b460 f i tier1:utlsymbol.obj
 0002:00017570       ?Links@?$CUtlRBTree@VCStringPoolIndex@CUtlSymbolTable@@GVCLess@2@V?$CUtlMemory@U?$UtlRBTreeNode_t@VCStringPoolIndex@CUtlSymbolTable@@G@@G@@@@IBEABU?$UtlRBTreeLinks_t@G@@G@Z 1006b570 f i tier1:utlsymbol.obj
 0002:00017660       ?IsIdxValid@?$CUtlMemory@PAUStringPool_t@CUtlSymbolTable@@H@@QBE_NH@Z 1006b660 f i tier1:utlsymbol.obj
 0002:000176d0       ?Purge@?$CUtlMemory@PAUStringPool_t@CUtlSymbolTable@@H@@QAEXXZ 1006b6d0 f i tier1:utlsymbol.obj
 0002:00017780       ?IsReadOnly@?$CUtlMemory@PAUStringPool_t@CUtlSymbolTable@@H@@QBE_NXZ 1006b780 f i tier1:utlsymbol.obj
 0002:000177d0       ?IsValidIndex@?$CUtlVector@PAUStringPool_t@CUtlSymbolTable@@V?$CUtlMemory@PAUStringPool_t@CUtlSymbolTable@@H@@@@QBE_NH@Z 1006b7d0 f i tier1:utlsymbol.obj
 0002:00017840       ?GrowVector@?$CUtlVector@PAUStringPool_t@CUtlSymbolTable@@V?$CUtlMemory@PAUStringPool_t@CUtlSymbolTable@@H@@@@IAEXH@Z 1006b840 f i tier1:utlsymbol.obj
 0002:00017960       ?ShiftElementsRight@?$CUtlVector@PAUStringPool_t@CUtlSymbolTable@@V?$CUtlMemory@PAUStringPool_t@CUtlSymbolTable@@H@@@@IAEXHH@Z 1006b960 f i tier1:utlsymbol.obj
 0002:00017b20       ??$Destruct@VCStringPoolIndex@CUtlSymbolTable@@@@YAXPAVCStringPoolIndex@CUtlSymbolTable@@@Z 1006bb20 f i tier1:utlsymbol.obj
 0002:00017b80       ??$CopyConstruct@PAUStringPool_t@CUtlSymbolTable@@@@YAXPAPAUStringPool_t@CUtlSymbolTable@@ABQAU01@@Z 1006bb80 f i tier1:utlsymbol.obj
 0002:00017c20       ?IsValidIterator@?$CUtlMemory@U?$UtlRBTreeNode_t@VCStringPoolIndex@CUtlSymbolTable@@G@@G@@QBE_NABVIterator_t@1@@Z 1006bc20 f i tier1:utlsymbol.obj
 0002:00017c80       ?Grow@?$CUtlMemory@U?$UtlRBTreeNode_t@VCStringPoolIndex@CUtlSymbolTable@@G@@G@@QAEXH@Z 1006bc80 f i tier1:utlsymbol.obj
 0002:000183b0       ?Root@?$CUtlRBTree@VCStringPoolIndex@CUtlSymbolTable@@GVCLess@2@V?$CUtlMemory@U?$UtlRBTreeNode_t@VCStringPoolIndex@CUtlSymbolTable@@G@@G@@@@QBEGXZ 1006c3b0 f i tier1:utlsymbol.obj
 0002:000183f0       ?Parent@?$CUtlRBTree@VCStringPoolIndex@CUtlSymbolTable@@GVCLess@2@V?$CUtlMemory@U?$UtlRBTreeNode_t@VCStringPoolIndex@CUtlSymbolTable@@G@@G@@@@QBEGG@Z 1006c3f0 f i tier1:utlsymbol.obj
 0002:00018450       ?Links@?$CUtlRBTree@VCStringPoolIndex@CUtlSymbolTable@@GVCLess@2@V?$CUtlMemory@U?$UtlRBTreeNode_t@VCStringPoolIndex@CUtlSymbolTable@@G@@G@@@@IAEAAU?$UtlRBTreeLinks_t@G@@G@Z 1006c450 f i tier1:utlsymbol.obj
 0002:000185a0       ?InsertRebalance@?$CUtlRBTree@VCStringPoolIndex@CUtlSymbolTable@@GVCLess@2@V?$CUtlMemory@U?$UtlRBTreeNode_t@VCStringPoolIndex@CUtlSymbolTable@@G@@G@@@@IAEXG@Z 1006c5a0 f i tier1:utlsymbol.obj
 0002:000188b0       ?NumAllocated@?$CUtlMemory@PAUStringPool_t@CUtlSymbolTable@@H@@QBEHXZ 1006c8b0 f i tier1:utlsymbol.obj
 0002:000188f0       ?Grow@?$CUtlMemory@PAUStringPool_t@CUtlSymbolTable@@H@@QAEXH@Z 1006c8f0 f i tier1:utlsymbol.obj
 0002:00019010       ?IsExternallyAllocated@?$CUtlMemory@PAUStringPool_t@CUtlSymbolTable@@H@@QBE_NXZ 1006d010 f i tier1:utlsymbol.obj
 0002:00019060       ??$Construct@VCStringPoolIndex@CUtlSymbolTable@@@@YAXPAVCStringPoolIndex@CUtlSymbolTable@@@Z 1006d060 f i tier1:utlsymbol.obj
 0002:000190f0       ?IsLeftChild@?$CUtlRBTree@VCStringPoolIndex@CUtlSymbolTable@@GVCLess@2@V?$CUtlMemory@U?$UtlRBTreeNode_t@VCStringPoolIndex@CUtlSymbolTable@@G@@G@@@@QBE_NG@Z 1006d0f0 f i tier1:utlsymbol.obj
 0002:00019170       ?IsRightChild@?$CUtlRBTree@VCStringPoolIndex@CUtlSymbolTable@@GVCLess@2@V?$CUtlMemory@U?$UtlRBTreeNode_t@VCStringPoolIndex@CUtlSymbolTable@@G@@G@@@@QBE_NG@Z 1006d170 f i tier1:utlsymbol.obj
 0002:000191f0       ?IsRoot@?$CUtlRBTree@VCStringPoolIndex@CUtlSymbolTable@@GVCLess@2@V?$CUtlMemory@U?$UtlRBTreeNode_t@VCStringPoolIndex@CUtlSymbolTable@@G@@G@@@@QBE_NG@Z 1006d1f0 f i tier1:utlsymbol.obj
 0002:00019240       ?IsRed@?$CUtlRBTree@VCStringPoolIndex@CUtlSymbolTable@@GVCLess@2@V?$CUtlMemory@U?$UtlRBTreeNode_t@VCStringPoolIndex@CUtlSymbolTable@@G@@G@@@@IBE_NG@Z 1006d240 f i tier1:utlsymbol.obj
 0002:000192b0       ?Color@?$CUtlRBTree@VCStringPoolIndex@CUtlSymbolTable@@GVCLess@2@V?$CUtlMemory@U?$UtlRBTreeNode_t@VCStringPoolIndex@CUtlSymbolTable@@G@@G@@@@IBE?AW4NodeColor_t@1@G@Z 1006d2b0 f i tier1:utlsymbol.obj
 0002:00019310       ?SetColor@?$CUtlRBTree@VCStringPoolIndex@CUtlSymbolTable@@GVCLess@2@V?$CUtlMemory@U?$UtlRBTreeNode_t@VCStringPoolIndex@CUtlSymbolTable@@G@@G@@@@IAEXGW4NodeColor_t@1@@Z 1006d310 f i tier1:utlsymbol.obj
 0002:00019380       ?RotateLeft@?$CUtlRBTree@VCStringPoolIndex@CUtlSymbolTable@@GVCLess@2@V?$CUtlMemory@U?$UtlRBTreeNode_t@VCStringPoolIndex@CUtlSymbolTable@@G@@G@@@@IAEXG@Z 1006d380 f i tier1:utlsymbol.obj
 0002:00019550       ?RotateRight@?$CUtlRBTree@VCStringPoolIndex@CUtlSymbolTable@@GVCLess@2@V?$CUtlMemory@U?$UtlRBTreeNode_t@VCStringPoolIndex@CUtlSymbolTable@@G@@G@@@@IAEXG@Z 1006d550 f i tier1:utlsymbol.obj
 0002:00019720       ?SetParent@?$CUtlRBTree@VCStringPoolIndex@CUtlSymbolTable@@GVCLess@2@V?$CUtlMemory@U?$UtlRBTreeNode_t@VCStringPoolIndex@CUtlSymbolTable@@G@@G@@@@IAEXGG@Z 1006d720 f i tier1:utlsymbol.obj
 0002:00019790       ??1CCleanupUtlSymbolTable@@QAE@XZ 1006d790 f i tier1:utlsymbol.obj
 0002:00019830       ??_GCUtlSymbolTableMT@@QAEPAXI@Z 1006d830 f i tier1:utlsymbol.obj
 0002:000198a0       ??1CUtlSymbolTableMT@@QAE@XZ 1006d8a0 f i tier1:utlsymbol.obj
 0002:000198f0       ??0KeyValues@@QAE@PBD@Z    1006d8f0 f   tier1:KeyValues.obj
 0002:00019960       ??0KeyValues@@QAE@PBD00@Z  1006d960 f   tier1:KeyValues.obj
 0002:000199e0       ??0KeyValues@@QAE@PBD0PB_W@Z 1006d9e0 f   tier1:KeyValues.obj
 0002:00019a60       ??0KeyValues@@QAE@PBD0H@Z  1006da60 f   tier1:KeyValues.obj
 0002:00019ae0       ??0KeyValues@@QAE@PBD0000@Z 1006dae0 f   tier1:KeyValues.obj
 0002:00019b70       ??0KeyValues@@QAE@PBD0H0H@Z 1006db70 f   tier1:KeyValues.obj
 0002:00019c00       ?Init@KeyValues@@AAEXXZ    1006dc00 f   tier1:KeyValues.obj
 0002:00019cd0       ??1KeyValues@@AAE@XZ       1006dcd0 f   tier1:KeyValues.obj
 0002:00019d20       ?RemoveEverything@KeyValues@@AAEXXZ 1006dd20 f   tier1:KeyValues.obj
 0002:00019ee0       ??_GKeyValues@@AAEPAXI@Z   1006dee0 f i tier1:KeyValues.obj
 0002:00019f50       ?RecursiveSaveToFile@KeyValues@@QAEXAAVCUtlBuffer@@H@Z 1006df50 f   tier1:KeyValues.obj
 0002:00019fb0       ?ChainKeyValue@KeyValues@@QAEXPAV1@@Z 1006dfb0 f   tier1:KeyValues.obj
 0002:0001a000       ?GetName@KeyValues@@QBEPBDXZ 1006e000 f   tier1:KeyValues.obj
 0002:0001a090       ?GetNameSymbol@KeyValues@@QBEHXZ 1006e090 f   tier1:KeyValues.obj
 0002:0001a0d0       ?ReadToken@KeyValues@@AAEPBDAAVCUtlBuffer@@AA_N1@Z 1006e0d0 f   tier1:KeyValues.obj
 0002:0001a3a0       ?IsValid@CUtlBuffer@@QBE_NXZ 1006e3a0 f i tier1:KeyValues.obj
 0002:0001a3f0       ?ReportError@CKeyValuesErrorStack@@QAEXPBD@Z 1006e3f0 f i tier1:KeyValues.obj
 0002:0001a5b0       ?UsesEscapeSequences@KeyValues@@QAEX_N@Z 1006e5b0 f   tier1:KeyValues.obj
 0002:0001a600       ?LoadFromFile@KeyValues@@QAE_NPAVIBaseFileSystem@@PBD1@Z 1006e600 f   tier1:KeyValues.obj
 0002:0001ab60       ?GetOptimalReadSize@IFileSystem@@QAEIPAXI@Z 1006eb60 f i tier1:KeyValues.obj
 0002:0001ac40       ?SaveToFile@KeyValues@@QAE_NPAVIBaseFileSystem@@PBD1@Z 1006ec40 f   tier1:KeyValues.obj
 0002:0001ad80       ?WriteIndents@KeyValues@@AAEXPAVIBaseFileSystem@@PAXPAVCUtlBuffer@@H@Z 1006ed80 f   tier1:KeyValues.obj
 0002:0001ae10       ?WriteConvertedString@KeyValues@@AAEXPAVIBaseFileSystem@@PAXPAVCUtlBuffer@@PBD@Z 1006ee10 f   tier1:KeyValues.obj
 0002:0001b000       ?InternalWrite@KeyValues@@AAEXPAVIBaseFileSystem@@PAXPAVCUtlBuffer@@PBXH@Z 1006f000 f   tier1:KeyValues.obj
 0002:0001b0a0       ?RecursiveSaveToFile@KeyValues@@AAEXPAVIBaseFileSystem@@PAXPAVCUtlBuffer@@H@Z 1006f0a0 f   tier1:KeyValues.obj
 0002:0001ba60       ?FindKey@KeyValues@@QBEPAV1@H@Z 1006fa60 f   tier1:KeyValues.obj
 0002:0001bad0       ?FindKey@KeyValues@@QAEPAV1@PBD_N@Z 1006fad0 f   tier1:KeyValues.obj
 0002:0001be00       ?CreateNewKey@KeyValues@@QAEPAV1@XZ 1006fe00 f   tier1:KeyValues.obj
 0002:0001bf00       ?CreateKey@KeyValues@@AAEPAV1@PBD@Z 1006ff00 f   tier1:KeyValues.obj
 0002:0001bfd0       ?AddSubKey@KeyValues@@QAEXPAV1@@Z 1006ffd0 f   tier1:KeyValues.obj
 0002:0001c160       ?RemoveSubKey@KeyValues@@QAEXPAV1@@Z 10070160 f   tier1:KeyValues.obj
 0002:0001c210       ?GetFirstSubKey@KeyValues@@QAEPAV1@XZ 10070210 f   tier1:KeyValues.obj
 0002:0001c250       ?GetNextKey@KeyValues@@QAEPAV1@XZ 10070250 f   tier1:KeyValues.obj
 0002:0001c290       ?SetNextKey@KeyValues@@QAEXPAV1@@Z 10070290 f   tier1:KeyValues.obj
 0002:0001c2e0       ?GetFirstTrueSubKey@KeyValues@@QAEPAV1@XZ 100702e0 f   tier1:KeyValues.obj
 0002:0001c350       ?GetNextTrueSubKey@KeyValues@@QAEPAV1@XZ 10070350 f   tier1:KeyValues.obj
 0002:0001c3c0       ?GetFirstValue@KeyValues@@QAEPAV1@XZ 100703c0 f   tier1:KeyValues.obj
 0002:0001c430       ?GetNextValue@KeyValues@@QAEPAV1@XZ 10070430 f   tier1:KeyValues.obj
 0002:0001c4a0       ?GetInt@KeyValues@@QAEHPBDH@Z 100704a0 f   tier1:KeyValues.obj
 0002:0001c6c0       ?GetUint64@KeyValues@@QAE_KPBD_K@Z 100706c0 f   tier1:KeyValues.obj
 0002:0001c7f0       ?GetPtr@KeyValues@@QAEPAXPBDPAX@Z 100707f0 f   tier1:KeyValues.obj
 0002:0001c890       ?GetFloat@KeyValues@@QAEMPBDM@Z 10070890 f   tier1:KeyValues.obj
 0002:0001ca40       ?GetString@KeyValues@@QAEPBDPBD0@Z 10070a40 f   tier1:KeyValues.obj
 0002:0001cca0       ?GetWString@KeyValues@@QAEPB_WPBDPB_W@Z 10070ca0 f   tier1:KeyValues.obj
 0002:0001cef0       ?swprintf@@YAHPA_WPB_WZZ   10070ef0 f i tier1:KeyValues.obj
 0002:0001cf60       ?GetColor@KeyValues@@QAE?AVColor@@PBD@Z 10070f60 f   tier1:KeyValues.obj
 0002:0001d2f0       ??0Color@@QAE@HHHH@Z       100712f0 f i tier1:KeyValues.obj
 0002:0001d360       ?SetColor@Color@@QAEXHHHH@Z 10071360 f i tier1:KeyValues.obj
 0002:0001d3d0       ??AColor@@QAEAAEH@Z        100713d0 f i tier1:KeyValues.obj
 0002:0001d410       ?SetColor@KeyValues@@QAEXPBDVColor@@@Z 10071410 f   tier1:KeyValues.obj
 0002:0001d4e0       ?SetStringValue@KeyValues@@QAEXPBD@Z 100714e0 f   tier1:KeyValues.obj
 0002:0001d620       ?SetString@KeyValues@@QAEXPBD0@Z 10071620 f   tier1:KeyValues.obj
 0002:0001d780       ?SetWString@KeyValues@@QAEXPBDPB_W@Z 10071780 f   tier1:KeyValues.obj
 0002:0001d8e0       ?SetInt@KeyValues@@QAEXPBDH@Z 100718e0 f   tier1:KeyValues.obj
 0002:0001d960       ?SetUint64@KeyValues@@QAEXPBD_K@Z 10071960 f   tier1:KeyValues.obj
 0002:0001da60       ?SetFloat@KeyValues@@QAEXPBDM@Z 10071a60 f   tier1:KeyValues.obj
 0002:0001dae0       ?SetName@KeyValues@@QAEXPBD@Z 10071ae0 f   tier1:KeyValues.obj
 0002:0001db80       ?SetPtr@KeyValues@@QAEXPBDPAX@Z 10071b80 f   tier1:KeyValues.obj
 0002:0001dc00       ?RecursiveCopyKeyValues@KeyValues@@AAEXAAV1@@Z 10071c00 f   tier1:KeyValues.obj
 0002:0001e1c0       ??4KeyValues@@QAEAAV0@AAV0@@Z 100721c0 f   tier1:KeyValues.obj
 0002:0001e230       ?CopySubkeys@KeyValues@@QBEXPAV1@@Z 10072230 f   tier1:KeyValues.obj
 0002:0001e2f0       ?MakeCopy@KeyValues@@QBEPAV1@XZ 100722f0 f   tier1:KeyValues.obj
 0002:0001e720       ?IsEmpty@KeyValues@@QAE_NPBD@Z 10072720 f   tier1:KeyValues.obj
 0002:0001e7b0       ?Clear@KeyValues@@QAEXXZ   100727b0 f   tier1:KeyValues.obj
 0002:0001e860       ?GetDataType@KeyValues@@QAE?AW4types_t@1@PBD@Z 10072860 f   tier1:KeyValues.obj
 0002:0001e8e0       ?deleteThis@KeyValues@@QAEXXZ 100728e0 f   tier1:KeyValues.obj
 0002:0001e980       ?AppendIncludedKeys@KeyValues@@AAEXAAV?$CUtlVector@PAVKeyValues@@V?$CUtlMemory@PAVKeyValues@@H@@@@@Z 10072980 f   tier1:KeyValues.obj
 0002:0001eb40       ?ParseIncludedKeys@KeyValues@@AAEXPBD0PAVIBaseFileSystem@@0AAV?$CUtlVector@PAVKeyValues@@V?$CUtlMemory@PAVKeyValues@@H@@@@@Z 10072b40 f   tier1:KeyValues.obj
 0002:0001f090       ?MergeBaseKeys@KeyValues@@AAEXAAV?$CUtlVector@PAVKeyValues@@V?$CUtlMemory@PAVKeyValues@@H@@@@@Z 10073090 f   tier1:KeyValues.obj
 0002:0001f230       ?RecursiveMergeKeyValues@KeyValues@@AAEXPAV1@@Z 10073230 f   tier1:KeyValues.obj
 0002:0001f440       ?EvaluateConditional@@YA_NPBD@Z 10073440 f   tier1:KeyValues.obj
 0002:0001f510       ?LoadFromBuffer@KeyValues@@QAE_NPBDAAVCUtlBuffer@@PAVIBaseFileSystem@@0@Z 10073510 f   tier1:KeyValues.obj
 0002:0001fbb0       ?SetFilename@CKeyValuesErrorStack@@QAEXPBD@Z 10073bb0 f i tier1:KeyValues.obj
 0002:0001fc10       ?LoadFromBuffer@KeyValues@@QAE_NPBD0PAVIBaseFileSystem@@0@Z 10073c10 f   tier1:KeyValues.obj
 0002:0001fd10       ?RecursiveLoadFromBuffer@KeyValues@@AAEXPBDAAVCUtlBuffer@@@Z 10073d10 f   tier1:KeyValues.obj
 0002:000203d0       ?TellGet@CUtlBuffer@@QBEHXZ 100743d0 f i tier1:KeyValues.obj
 0002:00020410       ??0CKeyErrorContext@@QAE@PAVKeyValues@@@Z 10074410 f i tier1:KeyValues.obj
 0002:00020470       ??1CKeyErrorContext@@QAE@XZ 10074470 f i tier1:KeyValues.obj
 0002:000204d0       ?Pop@CKeyValuesErrorStack@@QAEXXZ 100744d0 f i tier1:KeyValues.obj
 0002:00020610       ??0CKeyErrorContext@@QAE@H@Z 10074610 f i tier1:KeyValues.obj
 0002:00020670       ?Reset@CKeyErrorContext@@QAEXH@Z 10074670 f i tier1:KeyValues.obj
 0002:000206d0       ?Reset@CKeyValuesErrorStack@@QAEXHH@Z 100746d0 f i tier1:KeyValues.obj
 0002:00020810       ?Init@CKeyErrorContext@@AAEXH@Z 10074810 f i tier1:KeyValues.obj
 0002:00020870       ?Push@CKeyValuesErrorStack@@QAEHH@Z 10074870 f i tier1:KeyValues.obj
 0002:00020960       ?WriteAsBinary@KeyValues@@QAE_NAAVCUtlBuffer@@@Z 10074960 f   tier1:KeyValues.obj
 0002:00020cb0       ?PutUnsignedChar@CUtlBuffer@@QAEXE@Z 10074cb0 f i tier1:KeyValues.obj
 0002:00020d10       ?PutInt@CUtlBuffer@@QAEXH@Z 10074d10 f i tier1:KeyValues.obj
 0002:00020d70       ?PutUnsignedInt@CUtlBuffer@@QAEXI@Z 10074d70 f i tier1:KeyValues.obj
 0002:00020dd0       ?PutFloat@CUtlBuffer@@QAEXM@Z 10074dd0 f i tier1:KeyValues.obj
 0002:00020e30       ?PutDouble@CUtlBuffer@@QAEXN@Z 10074e30 f i tier1:KeyValues.obj
 0002:00020ea0       ?ReadAsBinary@KeyValues@@QAE_NAAVCUtlBuffer@@@Z 10074ea0 f   tier1:KeyValues.obj
 0002:00021430       ?GetUnsignedChar@CUtlBuffer@@QAEEXZ 10075430 f i tier1:KeyValues.obj
 0002:000214c0       ?GetInt@CUtlBuffer@@QAEHXZ 100754c0 f i tier1:KeyValues.obj
 0002:00021550       ?GetUnsignedInt@CUtlBuffer@@QAEIXZ 10075550 f i tier1:KeyValues.obj
 0002:000215e0       ?GetFloat@CUtlBuffer@@QAEMXZ 100755e0 f i tier1:KeyValues.obj
 0002:00021670       ?GetDouble@CUtlBuffer@@QAENXZ 10075670 f i tier1:KeyValues.obj
 0002:00021700       ??2KeyValues@@SAPAXI@Z     10075700 f   tier1:KeyValues.obj
 0002:00021810       ??2KeyValues@@SAPAXIHPBDH@Z 10075810 f   tier1:KeyValues.obj
 0002:00021900       ??3KeyValues@@SAXPAX@Z     10075900 f   tier1:KeyValues.obj
 0002:00021980       ??3KeyValues@@SAXPAXHPBDH@Z 10075980 f   tier1:KeyValues.obj
 0002:00021a00       ?UnpackIntoStructure@KeyValues@@QAEXPBUKeyValuesUnpackStructure@@PAX@Z 10075a00 f   tier1:KeyValues.obj
 0002:00021ee0       ?Init@Vector@@QAEXMMM@Z    10075ee0 f i tier1:KeyValues.obj
 0002:00021f40       ??XVector@@QAEAAV0@M@Z     10075f40 f i tier1:KeyValues.obj
 0002:00021fb0       ?r@Color@@QBEHXZ           10075fb0 f i tier1:KeyValues.obj
 0002:00021ff0       ?g@Color@@QBEHXZ           10075ff0 f i tier1:KeyValues.obj
 0002:00022030       ?b@Color@@QBEHXZ           10076030 f i tier1:KeyValues.obj
 0002:00022070       ?ProcessResolutionKeys@KeyValues@@QAE_NPBD@Z 10076070 f   tier1:KeyValues.obj
 0002:00022260       ??0?$CUtlVector@PAVKeyValues@@V?$CUtlMemory@PAVKeyValues@@H@@@@QAE@HH@Z 10076260 f i tier1:KeyValues.obj
 0002:000222e0       ??1?$CUtlVector@PAVKeyValues@@V?$CUtlMemory@PAVKeyValues@@H@@@@QAE@XZ 100762e0 f i tier1:KeyValues.obj
 0002:00022340       ??A?$CUtlVector@PAVKeyValues@@V?$CUtlMemory@PAVKeyValues@@H@@@@QAEAAPAVKeyValues@@H@Z 10076340 f i tier1:KeyValues.obj
 0002:000223a0       ?Count@?$CUtlVector@PAVKeyValues@@V?$CUtlMemory@PAVKeyValues@@H@@@@QBEHXZ 100763a0 f i tier1:KeyValues.obj
 0002:000223e0       ?AddToTail@?$CUtlVector@PAVKeyValues@@V?$CUtlMemory@PAVKeyValues@@H@@@@QAEHABQAVKeyValues@@@Z 100763e0 f i tier1:KeyValues.obj
 0002:00022570       ??$AlignValue@I@@YAIII@Z   10076570 f i tier1:KeyValues.obj
 0002:000225c0       ??$GetType@E@CUtlBuffer@@IAEXAAEPBD@Z 100765c0 f i tier1:KeyValues.obj
 0002:00022650       ??$GetType@H@CUtlBuffer@@IAEXAAHPBD@Z 10076650 f i tier1:KeyValues.obj
 0002:000226e0       ??$GetType@I@CUtlBuffer@@IAEXAAIPBD@Z 100766e0 f i tier1:KeyValues.obj
 0002:00022770       ??$GetType@M@CUtlBuffer@@IAEXAAMPBD@Z 10076770 f i tier1:KeyValues.obj
 0002:00022800       ??$GetTypeBin@M@CUtlBuffer@@IAEXAAM@Z 10076800 f i tier1:KeyValues.obj
 0002:00022910       ??$SwapBufferToTargetEndian@M@CByteswap@@QAEXPAM0H@Z 10076910 f i tier1:KeyValues.obj
 0002:00022a50       ??$GetType@N@CUtlBuffer@@IAEXAANPBD@Z 10076a50 f i tier1:KeyValues.obj
 0002:00022ae0       ??$PutType@E@CUtlBuffer@@IAEXEPBD@Z 10076ae0 f i tier1:KeyValues.obj
 0002:00022b70       ??$PutType@H@CUtlBuffer@@IAEXHPBD@Z 10076b70 f i tier1:KeyValues.obj
 0002:00022c00       ??$PutType@I@CUtlBuffer@@IAEXIPBD@Z 10076c00 f i tier1:KeyValues.obj
 0002:00022c90       ??$PutType@M@CUtlBuffer@@IAEXMPBD@Z 10076c90 f i tier1:KeyValues.obj
 0002:00022d20       ??$PutType@N@CUtlBuffer@@IAEXNPBD@Z 10076d20 f i tier1:KeyValues.obj
 0002:00022dc0       ?Base@?$CUtlVector@PAVKeyValues@@V?$CUtlMemory@PAVKeyValues@@H@@@@QAEPAPAVKeyValues@@XZ 10076dc0 f i tier1:KeyValues.obj
 0002:00022e10       ?ResetDbgInfo@?$CUtlVector@PAVKeyValues@@V?$CUtlMemory@PAVKeyValues@@H@@@@IAEXXZ 10076e10 f i tier1:KeyValues.obj
 0002:00022e70       ??0?$CUtlMemory@PAVKeyValues@@H@@QAE@HH@Z 10076e70 f i tier1:KeyValues.obj
 0002:000230a0       ??1?$CUtlMemory@PAVKeyValues@@H@@QAE@XZ 100770a0 f i tier1:KeyValues.obj
 0002:000230f0       ??A?$CUtlMemory@PAVKeyValues@@H@@QAEAAPAVKeyValues@@H@Z 100770f0 f i tier1:KeyValues.obj
 0002:00023330       ?Base@?$CUtlMemory@PAVKeyValues@@H@@QAEPAPAVKeyValues@@XZ 10077330 f i tier1:KeyValues.obj
 0002:00023470       ?InsertBefore@?$CUtlVector@PAVKeyValues@@V?$CUtlMemory@PAVKeyValues@@H@@@@QAEHHABQAVKeyValues@@@Z 10077470 f i tier1:KeyValues.obj
 0002:00023730       ?Purge@?$CUtlVector@PAVKeyValues@@V?$CUtlMemory@PAVKeyValues@@H@@@@QAEXXZ 10077730 f i tier1:KeyValues.obj
 0002:000237a0       ??$LowLevelByteSwap@M@CByteswap@@CAXPAM0@Z 100777a0 f i tier1:KeyValues.obj
 0002:00023890       ??$GetTypeBin@E@CUtlBuffer@@IAEXAAE@Z 10077890 f i tier1:KeyValues.obj
 0002:00023970       ??$GetTypeBin@H@CUtlBuffer@@IAEXAAH@Z 10077970 f i tier1:KeyValues.obj
 0002:00023a50       ??$GetTypeBin@I@CUtlBuffer@@IAEXAAI@Z 10077a50 f i tier1:KeyValues.obj
 0002:00023b30       ??$GetTypeBin@N@CUtlBuffer@@IAEXAAN@Z 10077b30 f i tier1:KeyValues.obj
 0002:00023c00       ??$PutTypeBin@E@CUtlBuffer@@IAEXE@Z 10077c00 f i tier1:KeyValues.obj
 0002:00023ce0       ??$PutTypeBin@H@CUtlBuffer@@IAEXH@Z 10077ce0 f i tier1:KeyValues.obj
 0002:00023db0       ??$PutTypeBin@I@CUtlBuffer@@IAEXI@Z 10077db0 f i tier1:KeyValues.obj
 0002:00023e80       ??$PutTypeBin@M@CUtlBuffer@@IAEXM@Z 10077e80 f i tier1:KeyValues.obj
 0002:00023f50       ??$PutTypeBin@N@CUtlBuffer@@IAEXN@Z 10077f50 f i tier1:KeyValues.obj
 0002:00024020       ?ValidateGrowSize@?$CUtlMemory@PAVKeyValues@@H@@IAEXXZ 10078020 f i tier1:KeyValues.obj
 0002:00024060       ?IsIdxValid@?$CUtlMemory@PAVKeyValues@@H@@QBE_NH@Z 10078060 f i tier1:KeyValues.obj
 0002:000240d0       ?Purge@?$CUtlMemory@PAVKeyValues@@H@@QAEXXZ 100780d0 f i tier1:KeyValues.obj
 0002:00024180       ?IsReadOnly@?$CUtlMemory@PAVKeyValues@@H@@QBE_NXZ 10078180 f i tier1:KeyValues.obj
 0002:000241d0       ?Element@?$CUtlVector@PAVKeyValues@@V?$CUtlMemory@PAVKeyValues@@H@@@@QAEAAPAVKeyValues@@H@Z 100781d0 f i tier1:KeyValues.obj
 0002:00024230       ?IsValidIndex@?$CUtlVector@PAVKeyValues@@V?$CUtlMemory@PAVKeyValues@@H@@@@QBE_NH@Z 10078230 f i tier1:KeyValues.obj
 0002:000242a0       ?RemoveAll@?$CUtlVector@PAVKeyValues@@V?$CUtlMemory@PAVKeyValues@@H@@@@QAEXXZ 100782a0 f i tier1:KeyValues.obj
 0002:00024330       ?GrowVector@?$CUtlVector@PAVKeyValues@@V?$CUtlMemory@PAVKeyValues@@H@@@@IAEXH@Z 10078330 f i tier1:KeyValues.obj
 0002:00024450       ?ShiftElementsRight@?$CUtlVector@PAVKeyValues@@V?$CUtlMemory@PAVKeyValues@@H@@@@IAEXHH@Z 10078450 f i tier1:KeyValues.obj
 0002:00024610       ??$CopyConstruct@PAVKeyValues@@@@YAXPAPAVKeyValues@@ABQAV0@@Z 10078610 f i tier1:KeyValues.obj
 0002:000246b0       ??$SwapBufferToTargetEndian@E@CByteswap@@QAEXPAE0H@Z 100786b0 f i tier1:KeyValues.obj
 0002:000247e0       ??$SwapBufferToTargetEndian@H@CByteswap@@QAEXPAH0H@Z 100787e0 f i tier1:KeyValues.obj
 0002:00024920       ??$SwapBufferToTargetEndian@I@CByteswap@@QAEXPAI0H@Z 10078920 f i tier1:KeyValues.obj
 0002:00024a60       ??$SwapBufferToTargetEndian@N@CByteswap@@QAEXPAN0H@Z 10078a60 f i tier1:KeyValues.obj
 0002:00024ba0       ?NumAllocated@?$CUtlMemory@PAVKeyValues@@H@@QBEHXZ 10078ba0 f i tier1:KeyValues.obj
 0002:00024be0       ?Grow@?$CUtlMemory@PAVKeyValues@@H@@QAEXH@Z 10078be0 f i tier1:KeyValues.obj
 0002:00025300       ?IsExternallyAllocated@?$CUtlMemory@PAVKeyValues@@H@@QBE_NXZ 10079300 f i tier1:KeyValues.obj
 0002:00025350       ??$Destruct@PAVKeyValues@@@@YAXPAPAVKeyValues@@@Z 10079350 f i tier1:KeyValues.obj
 0002:000253b0       ??$LowLevelByteSwap@E@CByteswap@@CAXPAE0@Z 100793b0 f i tier1:KeyValues.obj
 0002:000254a0       ??$LowLevelByteSwap@H@CByteswap@@CAXPAH0@Z 100794a0 f i tier1:KeyValues.obj
 0002:00025590       ??$LowLevelByteSwap@I@CByteswap@@CAXPAI0@Z 10079590 f i tier1:KeyValues.obj
 0002:00025680       ??$LowLevelByteSwap@N@CByteswap@@CAXPAN0@Z 10079680 f i tier1:KeyValues.obj
 0002:00025770       ??0CKeyValuesErrorStack@@QAE@XZ 10079770 f i tier1:KeyValues.obj
 0002:000257e0       ?_V_memset@@YAXPBDHPAXHH@Z 100797e0 f   tier1:strtools.obj
 0002:00025940       ?_V_memcpy@@YAXPBDHPAXPBXH@Z 10079940 f   tier1:strtools.obj
 0002:00025ab0       ?_V_memmove@@YAXPBDHPAXPBXH@Z 10079ab0 f   tier1:strtools.obj
 0002:00025c20       ?_V_memcmp@@YAHPBDHPBX1H@Z 10079c20 f   tier1:strtools.obj
 0002:00025d90       ?_V_strlen@@YAHPBDH0@Z     10079d90 f   tier1:strtools.obj
 0002:00025e00       ?_V_strcpy@@YAXPBDHPAD0@Z  10079e00 f   tier1:strtools.obj
 0002:00025e90       ?_V_wcslen@@YAHPBDHPB_W@Z  10079e90 f   tier1:strtools.obj
 0002:00025ee0       ?_V_strrchr@@YAPADPBDH0D@Z 10079ee0 f   tier1:strtools.obj
 0002:00025fc0       ?_V_strcmp@@YAHPBDH00@Z    10079fc0 f   tier1:strtools.obj
 0002:00026060       ?_V_wcscmp@@YAHPBDHPB_W1@Z 1007a060 f   tier1:strtools.obj
 0002:000260f0       ?_V_stricmp@@YAHPBDH00@Z   1007a0f0 f   tier1:strtools.obj
 0002:00026190       ?_V_strstr@@YAPADPBDH00@Z  1007a190 f   tier1:strtools.obj
 0002:00026230       ?_V_strupr@@YAPADPBDHPAD@Z 1007a230 f   tier1:strtools.obj
 0002:000262a0       ?_V_strlower@@YAPADPBDHPAD@Z 1007a2a0 f   tier1:strtools.obj
 0002:00026310       ?V_strncmp@@YAHPBD0H@Z     1007a310 f   tier1:strtools.obj
 0002:00026520       ?V_strnlwr@@YAPADPADI@Z    1007a520 f   tier1:strtools.obj
 0002:000266e0       ?V_strncasecmp@@YAHPBD0H@Z 1007a6e0 f   tier1:strtools.obj
 0002:00026940       ?V_strcasecmp@@YAHPBD0@Z   1007a940 f   tier1:strtools.obj
 0002:000269e0       ?V_strnicmp@@YAHPBD0H@Z    1007a9e0 f   tier1:strtools.obj
 0002:00026b70       ?StringAfterPrefix@@YAPBDPBD0@Z 1007ab70 f   tier1:strtools.obj
 0002:00026c70       ?StringAfterPrefixCaseSensitive@@YAPBDPBD0@Z 1007ac70 f   tier1:strtools.obj
 0002:00026d60       ?V_atoi@@YAHPBD@Z          1007ad60 f   tier1:strtools.obj
 0002:00027040       ?V_atof@@YAMPBD@Z          1007b040 f   tier1:strtools.obj
 0002:00027300       ?V_normalizeFloatString@@YAXPAD@Z 1007b300 f   tier1:strtools.obj
 0002:000273f0       ?strchr@@YAPADPADH@Z       1007b3f0 f i tier1:strtools.obj
 0002:00027450       ?V_stristr@@YAPBDPBD0@Z    1007b450 f   tier1:strtools.obj
 0002:000275e0       ?V_stristr@@YAPADPADPBD@Z  1007b5e0 f   tier1:strtools.obj
 0002:00027680       ?V_strnistr@@YAPBDPBD0H@Z  1007b680 f   tier1:strtools.obj
 0002:00027850       ?V_strnchr@@YAPBDPBDDH@Z   1007b850 f   tier1:strtools.obj
 0002:000278d0       ?V_strncpy@@YAXPADPBDH@Z   1007b8d0 f   tier1:strtools.obj
 0002:00027a70       ?V_wcsncpy@@YAXPA_WPB_WH@Z 1007ba70 f   tier1:strtools.obj
 0002:00027c00       ?V_snprintf@@YAHPADHPBDZZ  1007bc00 f   tier1:strtools.obj
 0002:00027dc0       ?V_vsnprintf@@YAHPADHPBD0@Z 1007bdc0 f   tier1:strtools.obj
 0002:00027f70       ?V_strncat@@YAPADPADPBDIH@Z 1007bf70 f   tier1:strtools.obj
 0002:000281b0       ?V_pretifymem@@YAPADMH_N@Z 1007c1b0 f   tier1:strtools.obj
 0002:00028550       ?strstr@@YAPADPADPBD@Z     1007c550 f i tier1:strtools.obj
 0002:000285b0       ?FloatMakePositive@@YAMM@Z 1007c5b0 f i tier1:strtools.obj
 0002:00028600       ?V_pretifynum@@YAPAD_J@Z   1007c600 f   tier1:strtools.obj
 0002:00028ac0       ?V_UTF8ToUnicode@@YAHPBDPA_WH@Z 1007cac0 f   tier1:strtools.obj
 0002:00028b90       ?V_UnicodeToUTF8@@YAHPB_WPADH@Z 1007cb90 f   tier1:strtools.obj
 0002:00028c50       ?V_hextobinary@@YAXPBDHPAEH@Z 1007cc50 f   tier1:strtools.obj
 0002:00028f20       ?V_binarytohex@@YAXPBEHPADH@Z 1007cf20 f   tier1:strtools.obj
 0002:00029100       ?V_FileBase@@YAXPBDPADH@Z  1007d100 f   tier1:strtools.obj
 0002:000295c0       ?V_StripTrailingSlash@@YAXPAD@Z 1007d5c0 f   tier1:strtools.obj
 0002:00029750       ?V_StripExtension@@YAXPBDPADH@Z 1007d750 f   tier1:strtools.obj
 0002:000298c0       ?V_DefaultExtension@@YAXPADPBDH@Z 1007d8c0 f   tier1:strtools.obj
 0002:00029d60       ?V_SetExtension@@YAXPADPBDH@Z 1007dd60 f   tier1:strtools.obj
 0002:00029dd0       ?V_StripFilename@@YAXPAD@Z 1007ddd0 f   tier1:strtools.obj
 0002:00029e90       ?V_FixSlashes@@YAXPADD@Z   1007de90 f   tier1:strtools.obj
 0002:00029f00       ?V_FixDoubleSlashes@@YAXPAD@Z 1007df00 f   tier1:strtools.obj
 0002:0002a020       ?V_StripLastDir@@YA_NPADH@Z 1007e020 f   tier1:strtools.obj
 0002:0002a2a0       ?V_UnqualifiedFileName@@YAPBDPBD@Z 1007e2a0 f   tier1:strtools.obj
 0002:0002a340       ?V_ComposeFileName@@YAXPBD0PADH@Z 1007e340 f   tier1:strtools.obj
 0002:0002a3e0       ?V_ExtractFilePath@@YA_NPBDPADH@Z 1007e3e0 f   tier1:strtools.obj
 0002:0002a620       ?V_ExtractFileExtension@@YAXPBDPADH@Z 1007e620 f   tier1:strtools.obj
 0002:0002a6a0       ?V_GetFileExtension@@YAPBDPBD@Z 1007e6a0 f   tier1:strtools.obj
 0002:0002a750       ?V_RemoveDotSlashes@@YA_NPADD@Z 1007e750 f   tier1:strtools.obj
 0002:0002aa90       ?V_AppendSlash@@YAXPADH@Z  1007ea90 f   tier1:strtools.obj
 0002:0002ab70       ?V_MakeAbsolutePath@@YAXPADHPBD1@Z 1007eb70 f   tier1:strtools.obj
 0002:0002ad10       ?V_MakeRelativePath@@YA_NPBD0PADH@Z 1007ed10 f   tier1:strtools.obj
 0002:0002afe0       ?V_IsAbsolutePath@@YA_NPBD@Z 1007efe0 f   tier1:strtools.obj
 0002:0002b0b0       ?V_StrSubst@@YA_NPBD00PADH_N@Z 1007f0b0 f   tier1:strtools.obj
 0002:0002b380       ?AllocString@@YAPADPBDH@Z  1007f380 f   tier1:strtools.obj
 0002:0002b470       ?V_SplitString2@@YAXPBDPAPBDHAAV?$CUtlVector@PADV?$CUtlMemory@PADH@@@@@Z 1007f470 f   tier1:strtools.obj
 0002:0002b600       ?V_SplitString@@YAXPBD0AAV?$CUtlVector@PADV?$CUtlMemory@PADH@@@@@Z 1007f600 f   tier1:strtools.obj
 0002:0002b660       ?V_StrSlice@@YAXPBDHHPADH@Z 1007f660 f   tier1:strtools.obj
 0002:0002b7b0       ?V_StrLeft@@YAXPBDHPADH@Z  1007f7b0 f   tier1:strtools.obj
 0002:0002b830       ?V_StrRight@@YAXPBDHPADH@Z 1007f830 f   tier1:strtools.obj
 0002:0002b8e0       ?V_strtowcs@@YAXPBDHPA_WH@Z 1007f8e0 f   tier1:strtools.obj
 0002:0002b960       ?V_wcstostr@@YAXPB_WHPADH@Z 1007f960 f   tier1:strtools.obj
 0002:0002b9e0       ?V_AddBackSlashesToSpecialChars@@YAPADPBD@Z 1007f9e0 f   tier1:strtools.obj
 0002:0002bba0       ?AddToTail@?$CUtlVector@PADV?$CUtlMemory@PADH@@@@QAEHABQAD@Z 1007fba0 f i tier1:strtools.obj
 0002:0002bd30       ?Purge@?$CUtlVector@PADV?$CUtlMemory@PADH@@@@QAEXXZ 1007fd30 f i tier1:strtools.obj
 0002:0002bda0       ??$AssertValidWritePtr@X@@YAXPAXH@Z 1007fda0 f i tier1:strtools.obj
 0002:0002be00       ??$AssertValidReadPtr@$$CBX@@YAXPBXH@Z 1007fe00 f i tier1:strtools.obj
 0002:0002be60       ??$AssertValidWritePtr@D@@YAXPADH@Z 1007fe60 f i tier1:strtools.obj
 0002:0002bec0       ??$AssertValidWritePtr@_W@@YAXPA_WH@Z 1007fec0 f i tier1:strtools.obj
 0002:0002bf20       ??$AssertValidReadPtr@$$CB_W@@YAXPB_WH@Z 1007ff20 f i tier1:strtools.obj
 0002:0002bf80       ?Base@?$CUtlVector@PADV?$CUtlMemory@PADH@@@@QAEPAPADXZ 1007ff80 f i tier1:strtools.obj
 0002:0002bfd0       ?ResetDbgInfo@?$CUtlVector@PADV?$CUtlMemory@PADH@@@@IAEXXZ 1007ffd0 f i tier1:strtools.obj
 0002:0002c030       ?Base@?$CUtlMemory@PADH@@QAEPAPADXZ 10080030 f i tier1:strtools.obj
 0002:0002c170       ?Purge@?$CUtlMemory@PADH@@QAEXXZ 10080170 f i tier1:strtools.obj
 0002:0002c220       ?Count@?$CUtlVector@PADV?$CUtlMemory@PADH@@@@QBEHXZ 10080220 f i tier1:strtools.obj
 0002:0002c260       ?InsertBefore@?$CUtlVector@PADV?$CUtlMemory@PADH@@@@QAEHHABQAD@Z 10080260 f i tier1:strtools.obj
 0002:0002c520       ?RemoveAll@?$CUtlVector@PADV?$CUtlMemory@PADH@@@@QAEXXZ 10080520 f i tier1:strtools.obj
 0002:0002c5b0       ?IsExternallyAllocated@?$CUtlMemory@PADH@@QBE_NXZ 100805b0 f i tier1:strtools.obj
 0002:0002c600       ?IsReadOnly@?$CUtlMemory@PADH@@QBE_NXZ 10080600 f i tier1:strtools.obj
 0002:0002c650       ?Element@?$CUtlVector@PADV?$CUtlMemory@PADH@@@@QAEAAPADH@Z 10080650 f i tier1:strtools.obj
 0002:0002c6b0       ?IsValidIndex@?$CUtlVector@PADV?$CUtlMemory@PADH@@@@QBE_NH@Z 100806b0 f i tier1:strtools.obj
 0002:0002c720       ?GrowVector@?$CUtlVector@PADV?$CUtlMemory@PADH@@@@IAEXH@Z 10080720 f i tier1:strtools.obj
 0002:0002c840       ?ShiftElementsRight@?$CUtlVector@PADV?$CUtlMemory@PADH@@@@IAEXHH@Z 10080840 f i tier1:strtools.obj
 0002:0002ca00       ??$CopyConstruct@PAD@@YAXPAPADABQAD@Z 10080a00 f i tier1:strtools.obj
 0002:0002caa0       ??$Destruct@PAD@@YAXPAPAD@Z 10080aa0 f i tier1:strtools.obj
 0002:0002cb00       ??A?$CUtlMemory@PADH@@QAEAAPADH@Z 10080b00 f i tier1:strtools.obj
 0002:0002cd40       ?NumAllocated@?$CUtlMemory@PADH@@QBEHXZ 10080d40 f i tier1:strtools.obj
 0002:0002cd80       ?Grow@?$CUtlMemory@PADH@@QAEXH@Z 10080d80 f i tier1:strtools.obj
 0002:0002d4a0       ?IsIdxValid@?$CUtlMemory@PADH@@QBE_NH@Z 100814a0 f i tier1:strtools.obj
 0002:0002d510       ?GetCStringCharConversion@@YAPAVCUtlCharConversion@@XZ 10081510 f   tier1:utlbuffer.obj
 0002:0002d550       ?GetNoEscCharConversion@@YAPAVCUtlCharConversion@@XZ 10081550 f   tier1:utlbuffer.obj
 0002:0002d590       ??0CUtlCStringConversion@@QAE@DPBDHPAUConversionArray_t@CUtlCharConversion@@@Z 10081590 f   tier1:utlbuffer.obj
 0002:0002d670       ?FindConversion@CUtlCStringConversion@@UAEDPBDPAH@Z 10081670 f   tier1:utlbuffer.obj
 0002:0002d6e0       ??0CUtlCharConversion@@QAE@DPBDHPAUConversionArray_t@0@@Z 100816e0 f   tier1:utlbuffer.obj
 0002:0002d960       ?GetEscapeChar@CUtlCharConversion@@QBEDXZ 10081960 f   tier1:utlbuffer.obj
 0002:0002d9a0       ?GetDelimiter@CUtlCharConversion@@QBEPBDXZ 100819a0 f   tier1:utlbuffer.obj
 0002:0002d9e0       ?GetDelimiterLength@CUtlCharConversion@@QBEHXZ 100819e0 f   tier1:utlbuffer.obj
 0002:0002da20       ?GetConversionString@CUtlCharConversion@@QBEPBDD@Z 10081a20 f   tier1:utlbuffer.obj
 0002:0002da70       ?GetConversionLength@CUtlCharConversion@@QBEHD@Z 10081a70 f   tier1:utlbuffer.obj
 0002:0002dac0       ?MaxConversionLength@CUtlCharConversion@@QBEHXZ 10081ac0 f   tier1:utlbuffer.obj
 0002:0002db00       ?FindConversion@CUtlCharConversion@@UAEDPBDPAH@Z 10081b00 f   tier1:utlbuffer.obj
 0002:0002dbf0       ??0CUtlBuffer@@QAE@HHH@Z   10081bf0 f   tier1:utlbuffer.obj
 0002:0002dd00       ??0CByteswap@@QAE@XZ       10081d00 f i tier1:utlbuffer.obj
 0002:0002dd60       ?IsMachineBigEndian@CByteswap@@SA_NXZ 10081d60 f i tier1:utlbuffer.obj
 0002:0002ddb0       ?SetTargetBigEndian@CByteswap@@QAEX_N@Z 10081db0 f i tier1:utlbuffer.obj
 0002:0002de50       ?IsReadOnly@CUtlBuffer@@QBE_NXZ 10081e50 f i tier1:utlbuffer.obj
 0002:0002dea0       ??0CUtlBuffer@@QAE@PBXHH@Z 10081ea0 f   tier1:utlbuffer.obj
 0002:0002e090       ?SetBufferType@CUtlBuffer@@QAEX_N0@Z 10082090 f   tier1:utlbuffer.obj
 0002:0002e490       ?TellMaxPut@CUtlBuffer@@QBEHXZ 10082490 f i tier1:utlbuffer.obj
 0002:0002e4d0       ?ContainsCRLF@CUtlBuffer@@QBE_NXZ 100824d0 f i tier1:utlbuffer.obj
 0002:0002e560       ?SetExternalBuffer@CUtlBuffer@@QAEXPAXHHH@Z 10082560 f   tier1:utlbuffer.obj
 0002:0002e620       ?AssumeMemory@CUtlBuffer@@QAEXPAXHHH@Z 10082620 f   tier1:utlbuffer.obj
 0002:0002e6e0       ?EnsureCapacity@CUtlBuffer@@QAEXH@Z 100826e0 f   tier1:utlbuffer.obj
 0002:0002e7a0       ?IsGrowable@CUtlBuffer@@QBE_NXZ 100827a0 f i tier1:utlbuffer.obj
 0002:0002e7f0       ?Get@CUtlBuffer@@QAEXPAXH@Z 100827f0 f   tier1:utlbuffer.obj
 0002:0002e8a0       ?GetUpTo@CUtlBuffer@@QAEHPAXH@Z 100828a0 f   tier1:utlbuffer.obj
 0002:0002e950       ?EatWhiteSpace@CUtlBuffer@@QAEXXZ 10082950 f   tier1:utlbuffer.obj
 0002:0002ea10       ?EatCPPComment@CUtlBuffer@@QAE_NXZ 10082a10 f   tier1:utlbuffer.obj
 0002:0002eb20       ?GetChar@CUtlBuffer@@QAEDXZ 10082b20 f i tier1:utlbuffer.obj
 0002:0002ebb0       ?PeekWhiteSpace@CUtlBuffer@@IAEHH@Z 10082bb0 f   tier1:utlbuffer.obj
 0002:0002ec80       ?PeekStringLength@CUtlBuffer@@QAEHXZ 10082c80 f   tier1:utlbuffer.obj
 0002:0002ee90       ?PeekLineLength@CUtlBuffer@@IAEHXZ 10082e90 f   tier1:utlbuffer.obj
 0002:0002f030       ?PeekStringMatch@CUtlBuffer@@IAE_NHPBDH@Z 10083030 f   tier1:utlbuffer.obj
 0002:0002f0d0       ?PeekDelimitedStringLength@CUtlBuffer@@QAEHPAVCUtlCharConversion@@_N@Z 100830d0 f   tier1:utlbuffer.obj
 0002:0002f350       ?GetString@CUtlBuffer@@QAEXPADH@Z 10083350 f   tier1:utlbuffer.obj
 0002:0002f600       ??0CDbgFmtMsg@@QAA@PBDZZ   10083600 f i tier1:utlbuffer.obj
 0002:0002f680       ??BCDbgFmtMsg@@QBEPBDXZ    10083680 f i tier1:utlbuffer.obj
 0002:0002f6c0       ?GetLine@CUtlBuffer@@QAEXPADH@Z 100836c0 f   tier1:utlbuffer.obj
 0002:0002f8f0       ?GetDelimitedCharInternal@CUtlBuffer@@IAEDPAVCUtlCharConversion@@@Z 100838f0 f   tier1:utlbuffer.obj
 0002:0002fa10       ?GetDelimitedChar@CUtlBuffer@@QAEDPAVCUtlCharConversion@@@Z 10083a10 f   tier1:utlbuffer.obj
 0002:0002fa90       ?GetDelimitedString@CUtlBuffer@@QAEXPAVCUtlCharConversion@@PADH@Z 10083a90 f   tier1:utlbuffer.obj
 0002:0002fc50       ?CheckGet@CUtlBuffer@@IAE_NH@Z 10083c50 f   tier1:utlbuffer.obj
 0002:0002fd50       ?CheckPeekGet@CUtlBuffer@@IAE_NHH@Z 10083d50 f   tier1:utlbuffer.obj
 0002:0002fde0       ?CheckArbitraryPeekGet@CUtlBuffer@@IAE_NHAAH@Z 10083de0 f   tier1:utlbuffer.obj
 0002:0002ff00       ?PeekGet@CUtlBuffer@@QAEPBXHH@Z 10083f00 f   tier1:utlbuffer.obj
 0002:0002ff90       ?SeekGet@CUtlBuffer@@QAEXW4SeekType_t@1@H@Z 10083f90 f   tier1:utlbuffer.obj
 0002:000300c0       ?Size@CUtlBuffer@@QBEHXZ   100840c0 f i tier1:utlbuffer.obj
 0002:00030110       ?VaScanf@CUtlBuffer@@QAEHPBDPAD@Z 10084110 f   tier1:utlbuffer.obj
 0002:00030920       ?Scanf@CUtlBuffer@@QAAHPBDZZ 10084920 f   tier1:utlbuffer.obj
 0002:00030990       ?GetToken@CUtlBuffer@@QAE_NPBD@Z 10084990 f   tier1:utlbuffer.obj
 0002:00030c30       ?ParseToken@CUtlBuffer@@QAE_NPBD0PADH@Z 10084c30 f   tier1:utlbuffer.obj
 0002:00030fd0       ?ParseToken@CUtlBuffer@@QAEHPAUcharacterset_t@@PADH_N@Z 10084fd0 f   tier1:utlbuffer.obj
 0002:00031330       ?Put@CUtlBuffer@@QAEXPBXH@Z 10085330 f   tier1:utlbuffer.obj
 0002:000313f0       ?PutString@CUtlBuffer@@QAEXPBD@Z 100853f0 f   tier1:utlbuffer.obj
 0002:000315e0       ?PutDelimitedChar@CUtlBuffer@@QAEXPAVCUtlCharConversion@@D@Z 100855e0 f   tier1:utlbuffer.obj
 0002:00031670       ?PutDelimitedCharInternal@CUtlBuffer@@IAEXPAVCUtlCharConversion@@D@Z 10085670 f i tier1:utlbuffer.obj
 0002:00031720       ?PutDelimitedString@CUtlBuffer@@QAEXPAVCUtlCharConversion@@PBD@Z 10085720 f   tier1:utlbuffer.obj
 0002:000318a0       ?VaPrintf@CUtlBuffer@@QAEXPBDPAD@Z 100858a0 f   tier1:utlbuffer.obj
 0002:00031a60       ?Printf@CUtlBuffer@@QAAXPBDZZ 10085a60 f   tier1:utlbuffer.obj
 0002:00031ad0       ?SetOverflowFuncs@CUtlBuffer@@IAEXP81@AE_NH@Z0@Z 10085ad0 f   tier1:utlbuffer.obj
 0002:00031b20       ?OnPutOverflow@CUtlBuffer@@IAE_NH@Z 10085b20 f   tier1:utlbuffer.obj
 0002:00031b90       ?OnGetOverflow@CUtlBuffer@@IAE_NH@Z 10085b90 f   tier1:utlbuffer.obj
 0002:00031c00       ?PutOverflow@CUtlBuffer@@IAE_NH@Z 10085c00 f   tier1:utlbuffer.obj
 0002:00031cc0       ?GetOverflow@CUtlBuffer@@IAE_NH@Z 10085cc0 f   tier1:utlbuffer.obj
 0002:00031d00       ?CheckPut@CUtlBuffer@@IAE_NH@Z 10085d00 f   tier1:utlbuffer.obj
 0002:00031de0       ?SeekPut@CUtlBuffer@@QAEXW4SeekType_t@1@H@Z 10085de0 f   tier1:utlbuffer.obj
 0002:00031ec0       ?ActivateByteSwapping@CUtlBuffer@@QAEX_N@Z 10085ec0 f   tier1:utlbuffer.obj
 0002:00031f20       ?ActivateByteSwapping@CByteswap@@QAEX_N@Z 10085f20 f i tier1:utlbuffer.obj
 0002:00031f90       ?SetBigEndian@CUtlBuffer@@QAEX_N@Z 10085f90 f   tier1:utlbuffer.obj
 0002:00031ff0       ?IsBigEndian@CUtlBuffer@@QAE_NXZ 10085ff0 f   tier1:utlbuffer.obj
 0002:00032050       ?IsTargetBigEndian@CByteswap@@QAE_NXZ 10086050 f i tier1:utlbuffer.obj
 0002:000320a0       ?AddNullTermination@CUtlBuffer@@IAEXXZ 100860a0 f   tier1:utlbuffer.obj
 0002:00032170       ?ConvertCRLF@CUtlBuffer@@QAE_NAAV1@@Z 10086170 f   tier1:utlbuffer.obj
 0002:00032580       ?Base@CUtlBuffer@@QAEPAXXZ 10086580 f i tier1:utlbuffer.obj
 0002:000325d0       ?Purge@CUtlBuffer@@QAEXXZ  100865d0 f i tier1:utlbuffer.obj
 0002:00032660       ??0CUtlInplaceBuffer@@QAE@HHH@Z 10086660 f   tier1:utlbuffer.obj
 0002:000326d0       ?InplaceGetLinePtr@CUtlInplaceBuffer@@QAE_NPAPADPAH@Z 100866d0 f   tier1:utlbuffer.obj
[...]
 0004:00002458       ___decimal_point           10117458     LIBCMTD:nlsdata1.obj
 0004:0000245c       ___decimal_point_length    1011745c     LIBCMTD:nlsdata1.obj
 0004:000024b0       __pow10pos                 101174b0     LIBCMTD:constpow.obj
 0004:00002610       __pow10neg                 10117610     LIBCMTD:constpow.obj
 0004:00002804       ??_R0?AVbad_exception@std@@@8 10117804     LIBCMTD:frame.obj
 0004:00002834       __NLG_Destination          10117834     LIBCMTD:exsup.obj
 0004:00002848       __timezone                 10117848     LIBCMTD:timeset.obj
 0004:0000284c       __daylight                 1011784c     LIBCMTD:timeset.obj
 0004:00002850       __dstbias                  10117850     LIBCMTD:timeset.obj
 0004:000028d8       __tzname                   101178d8     LIBCMTD:timeset.obj
 0004:0000291c       __lpdays                   1011791c     LIBCMTD:days.obj
 0004:00002950       __days                     10117950     LIBCMTD:days.obj
 0004:00002998       __lookuptrailbytes         10117998     LIBCMTD:read.obj
 0004:00002acc       __coninpfh                 10117acc     LIBCMTD:initcon.obj
 0004:00002ad0       __confh                    10117ad0     LIBCMTD:initcon.obj
 0004:00002ce0       ?g_filesystem@@3PAVIFileSystem@@A 10117ce0     bugreporter.obj
 0004:000032d8       __crtBreakAlloc            101182d8     memoverride.obj
 0004:000036f0       ___crtDebugCheckCount      101186f0     memoverride.obj
 0004:000037c8       ?s_pSymbolTable@CUtlSymbol@@1PAVCUtlSymbolTableMT@@A 101187c8     tier1:utlsymbol.obj
 0004:000037e4       ?s_Sentinel@?1??Links@?$CUtlRBTree@VCStringPoolIndex@CUtlSymbolTable@@GVCLess@2@V?$CUtlMemory@U?$UtlRBTreeNode_t@VCStringPoolIndex@CUtlSymbolTable@@G@@G@@@@IBEABU?$UtlRBTreeLinks_t@G@@G@Z@4U3@A 101187e4     tier1:utlsymbol.obj
 0004:000037f0       ??_B?1??Links@?$CUtlRBTree@VCStringPoolIndex@CUtlSymbolTable@@GVCLess@2@V?$CUtlMemory@U?$UtlRBTreeNode_t@VCStringPoolIndex@CUtlSymbolTable@@G@@G@@@@IBEABU?$UtlRBTreeLinks_t@G@@G@Z@51 101187f0     tier1:utlsymbol.obj
 0004:00004408       ?g_KeyValuesErrorStack@@3VCKeyValuesErrorStack@@A 10119408     tier1:KeyValues.obj
 0004:00004a40       ?s_StringCharConversion@@3VCUtlCStringConversion@@A 10119a40     tier1:utlbuffer.obj
 0004:00005458       ?s_NoEscConversion@@3VCUtlNoEscConversion@@A 1011a458     tier1:utlbuffer.obj
 0004:00006148       ?s_pInterfaceRegs@InterfaceReg@@2PAV1@A 1011b148     tier1:interface.obj
 0004:0000614c       ?s_Sentinel@?1??Links@?$CUtlRBTree@PBDGP6A_NABQBD0@ZV?$CUtlMemory@U?$UtlRBTreeNode_t@PBDG@@G@@@@IBEABU?$UtlRBTreeLinks_t@G@@G@Z@4U3@A 1011b14c     tier1:stringpool.obj
 0004:00006158       ??_B?1??Links@?$CUtlRBTree@PBDGP6A_NABQBD0@ZV?$CUtlMemory@U?$UtlRBTreeNode_t@PBDG@@G@@@@IBEABU?$UtlRBTreeLinks_t@G@@G@Z@51 1011b158     tier1:stringpool.obj
 0004:000062a0       ?s_pConCommandBases@ConCommandBase@@1PAV1@A 1011b2a0     tier1:convar.obj
 0004:000062a4       ?s_pAccessor@ConCommandBase@@1PAVIConCommandBaseAccessor@@A 1011b2a4     tier1:convar.obj
 0004:0000635c       ?cvar@@3PAVICvar@@A        1011b35c     tier1:tier1.obj
 0004:00006360       ?g_pCVar@@3PAVICvar@@A     1011b360     tier1:tier1.obj
 0004:00006364       ?g_pProcessUtils@@3PAVIProcessUtils@@A 1011b364     tier1:tier1.obj
 0004:00006384       ?__type_info_root_node@@3U__type_info_node@@A 1011b384     LIBCMTD:tncleanup.obj
 0004:00006390       ___fastflag                1011b390     LIBCMTD:fpinit.obj
 0004:00006394       __adjust_fdiv              1011b394     LIBCMTD:fpinit.obj
 0004:000063a0       __aenvptr                  1011b3a0     LIBCMTD:dllcrt0.obj
 0004:000063a4       __wenvptr                  1011b3a4     LIBCMTD:dllcrt0.obj
 0004:000063a8       ___error_mode              1011b3a8     LIBCMTD:dllcrt0.obj
 0004:000063ac       ___app_type                1011b3ac     LIBCMTD:dllcrt0.obj
 0004:000063b4       ?wsprintffp@@3P6AHPADPBDZZA 1011b3b4     LIBCMTD:error.obj
 0004:00006784       _gpFlsAlloc                1011b784     LIBCMTD:tidtable.obj
 0004:00006788       _gpFlsGetValue             1011b788     LIBCMTD:tidtable.obj
 0004:0000678c       _gpFlsSetValue             1011b78c     LIBCMTD:tidtable.obj
 0004:00006790       _gpFlsFree                 1011b790     LIBCMTD:tidtable.obj
 0004:000067a0       ___pPurecall               1011b7a0     LIBCMTD:inithelp.obj
 0004:000067a8       __umaskval                 1011b7a8     LIBCMTD:crt0dat.obj
 0004:000067ac       __osplatform               1011b7ac     LIBCMTD:crt0dat.obj
 0004:000067b0       __osver                    1011b7b0     LIBCMTD:crt0dat.obj
 0004:000067b4       __winver                   1011b7b4     LIBCMTD:crt0dat.obj
 0004:000067b8       __winmajor                 1011b7b8     LIBCMTD:crt0dat.obj
 0004:000067bc       __winminor                 1011b7bc     LIBCMTD:crt0dat.obj
 0004:000067c0       ___argc                    1011b7c0     LIBCMTD:crt0dat.obj
 0004:000067c4       ___argv                    1011b7c4     LIBCMTD:crt0dat.obj
 0004:000067c8       ___wargv                   1011b7c8     LIBCMTD:crt0dat.obj
 0004:000067cc       __environ                  1011b7cc     LIBCMTD:crt0dat.obj
 0004:000067d0       ___initenv                 1011b7d0     LIBCMTD:crt0dat.obj
 0004:000067d4       __wenviron                 1011b7d4     LIBCMTD:crt0dat.obj
 0004:000067d8       ___winitenv                1011b7d8     LIBCMTD:crt0dat.obj
 0004:000067dc       __pgmptr                   1011b7dc     LIBCMTD:crt0dat.obj
 0004:000067e0       __wpgmptr                  1011b7e0     LIBCMTD:crt0dat.obj
 0004:000067e4       __exitflag                 1011b7e4     LIBCMTD:crt0dat.obj
 0004:000067e8       __C_Termination_Done       1011b7e8     LIBCMTD:crt0dat.obj
 0004:000067ec       __C_Exit_Done              1011b7ec     LIBCMTD:crt0dat.obj
 0004:00006834       __cflush                   1011b834     LIBCMTD:_file.obj
 0004:00006838       ___pInvalidArgHandler      1011b838     LIBCMTD:invarg.obj
 0004:00006984       ___mbulinfo                1011b984     LIBCMTD:mbctype.obj
 0004:00006990       ___mbcodepage              1011b990     LIBCMTD:mbctype.obj
 0004:00006994       ___ismbcodepage            1011b994     LIBCMTD:mbctype.obj
 0004:00006998       ___mblcid                  1011b998     LIBCMTD:mbctype.obj
 0004:000069a4       ___locale_changed          1011b9a4     LIBCMTD:setlocal.obj
 0004:000069a8       ___lc_handle               1011b9a8     LIBCMTD:nlsdata2.obj
 0004:000069c0       ___lc_codepage             1011b9c0     LIBCMTD:nlsdata2.obj
 0004:000069c4       ___lc_collate_cp           1011b9c4     LIBCMTD:nlsdata2.obj
 0004:00006ba8       ?pArgList@UnDecorator@@0PAVReplicator@@A 1011bba8     LIBCMTD:undname.obj
 0004:00006bac       ?pZNameList@UnDecorator@@0PAVReplicator@@A 1011bbac     LIBCMTD:undname.obj
 0004:00006bb0       ?pTemplateArgList@UnDecorator@@0PAVReplicator@@A 1011bbb0     LIBCMTD:undname.obj
 0004:00006bb4       ?gName@UnDecorator@@0PBDB  1011bbb4     LIBCMTD:undname.obj
 0004:00006bb8       ?name@UnDecorator@@0PBDB   1011bbb8     LIBCMTD:undname.obj
 0004:00006bbc       ?outputString@UnDecorator@@0PADA 1011bbbc     LIBCMTD:undname.obj
 0004:00006bc0       ?maxStringLength@UnDecorator@@0HA 1011bbc0     LIBCMTD:undname.obj
 0004:00006bc4       ?disableFlags@UnDecorator@@0KA 1011bbc4     LIBCMTD:undname.obj
 0004:00006bc8       ?m_pGetParameter@UnDecorator@@0P6APADJ@ZA 1011bbc8     LIBCMTD:undname.obj
 0004:00006bcc       ?fExplicitTemplateParams@UnDecorator@@0_NA 1011bbcc     LIBCMTD:undname.obj
 0004:00006bcd       ?fGetTemplateArgumentList@UnDecorator@@0_NA 1011bbcd     LIBCMTD:undname.obj
 0004:00006c60       ?__pInconsistency@@3P6AXXZA 1011bc60     LIBCMTD:hooks.obj
 0004:00006c6c       ?_pnhHeap@@3P6AHI@ZA       1011bc6c     LIBCMTD:handler.obj
 0004:00006c70       __stdbuf                   1011bc70     LIBCMTD:_sftbuf.obj
 0004:00007044       __outputformat             1011c044     LIBCMTD:outputformat.obj
 0004:00007050       ___lconv_static_null       1011c050     LIBCMTD:lconv.obj
 0004:00007140       __debugger_hook_dummy      1011c140     <common>
 0004:0000714c       ___setlc_active            1011c14c     <common>
 0004:0000715c       ___unguarded_readlc_active 1011c15c     <common>
 0004:00007160       __nhandle                  1011c160     <common>
 0004:000071a0       ___pioinfo                 1011c1a0     <common>
 0004:000072a0       ___piob                    1011c2a0     <common>
 0004:000075e0       __bufin                    1011c5e0     <common>
 0004:000085e0       __nstream                  1011d5e0     <common>
 0004:000085e4       ___env_initialized         1011d5e4     <common>
 0004:000085f4       ___onexitend               1011d5f4     <common>
 0004:000085f8       ___onexitbegin             1011d5f8     <common>
 0004:000085fc       ___mbctype_initialized     1011d5fc     <common>
 0004:00008600       ___dyn_tls_init_callback   1011d600     <common>
 0004:00008604       ___use_sse2_mathfcns       1011d604     <common>
 0004:00008614       ___sse2_available          1011d614     <common>
 0004:00008618       __acmdln                   1011d618     <common>
 0005:00000000       __IMPORT_DESCRIPTOR_KERNEL32 1011e000     kernel32:KERNEL32.dll
 0005:00000014       __IMPORT_DESCRIPTOR_tier0  1011e014     tier0:tier0.dll
 0005:00000028       __IMPORT_DESCRIPTOR_vstdlib 1011e028     vstdlib:vstdlib.dll
 0005:0000003c       __NULL_IMPORT_DESCRIPTOR   1011e03c     kernel32:KERNEL32.dll
 0005:00000310       __imp__GetModuleFileNameA@12 1011e310     kernel32:KERNEL32.dll
 0005:00000314       __imp__VirtualQuery@12     1011e314     kernel32:KERNEL32.dll
 0005:00000318       __imp__HeapAlloc@12        1011e318     kernel32:KERNEL32.dll
 0005:0000031c       __imp__GetProcessHeap@0    1011e31c     kernel32:KERNEL32.dll
 0005:00000320       __imp__SetEnvironmentVariableA@8 1011e320     kernel32:KERNEL32.dll
 0005:00000324       __imp__CompareStringW@24   1011e324     kernel32:KERNEL32.dll
 0005:00000328       __imp__CompareStringA@24   1011e328     kernel32:KERNEL32.dll
 0005:0000032c       __imp__CloseHandle@4       1011e32c     kernel32:KERNEL32.dll
 0005:00000330       __imp__CreateFileA@28      1011e330     kernel32:KERNEL32.dll
 0005:00000334       __imp__ReadFile@20         1011e334     kernel32:KERNEL32.dll
 0005:00000338       __imp__GetTimeZoneInformation@4 1011e338     kernel32:KERNEL32.dll
 0005:0000033c       __imp__GetConsoleOutputCP@0 1011e33c     kernel32:KERNEL32.dll
 0005:00000340       __imp__WriteConsoleA@20    1011e340     kernel32:KERNEL32.dll
 0005:00000344       __imp__SetStdHandle@8      1011e344     kernel32:KERNEL32.dll
 0005:00000348       __imp__GetUserDefaultLCID@0 1011e348     kernel32:KERNEL32.dll
 0005:0000034c       __imp__EnumSystemLocalesA@8 1011e34c     kernel32:KERNEL32.dll
 0005:00000350       __imp__IsValidCodePage@4   1011e350     kernel32:KERNEL32.dll
 0005:00000354       __imp__IsValidLocale@8     1011e354     kernel32:KERNEL32.dll
 0005:00000358       __imp__GetDateFormatA@24   1011e358     kernel32:KERNEL32.dll
 0005:0000035c       __imp__GetTimeFormatA@24   1011e35c     kernel32:KERNEL32.dll
 0005:00000360       __imp__GetStringTypeW@16   1011e360     kernel32:KERNEL32.dll
 0005:00000364       __imp__GetStringTypeA@20   1011e364     kernel32:KERNEL32.dll
 0005:00000368       __imp__SetFilePointer@16   1011e368     kernel32:KERNEL32.dll
 0005:0000036c       __imp__GetConsoleMode@8    1011e36c     kernel32:KERNEL32.dll
 0005:00000370       __imp__GetConsoleCP@0      1011e370     kernel32:KERNEL32.dll
 0005:00000374       __imp__FlushFileBuffers@4  1011e374     kernel32:KERNEL32.dll
 0005:00000378       __imp__InitializeCriticalSection@4 1011e378     kernel32:KERNEL32.dll
 0005:0000037c       __imp__InterlockedExchange@8 1011e37c     kernel32:KERNEL32.dll
 0005:00000380       __imp__GetLocaleInfoW@16   1011e380     kernel32:KERNEL32.dll
 0005:00000384       __imp__GetLocaleInfoA@16   1011e384     kernel32:KERNEL32.dll
 0005:00000388       __imp__SetCurrentDirectoryA@4 1011e388     kernel32:KERNEL32.dll
 0005:0000038c       __imp__GetCurrentDirectoryA@8 1011e38c     kernel32:KERNEL32.dll
 0005:00000390       __imp__WideCharToMultiByte@32 1011e390     kernel32:KERNEL32.dll
 0005:00000394       __imp__MultiByteToWideChar@24 1011e394     kernel32:KERNEL32.dll
 0005:00000398       __imp__LoadLibraryExA@12   1011e398     kernel32:KERNEL32.dll
 0005:0000039c       __imp__LocalFree@4         1011e39c     kernel32:KERNEL32.dll
 0005:000003a0       __imp__FormatMessageA@28   1011e3a0     kernel32:KERNEL32.dll
 0005:000003a4       __imp__GetLastError@0      1011e3a4     kernel32:KERNEL32.dll
 0005:000003a8       __imp__GetProcAddress@8    1011e3a8     kernel32:KERNEL32.dll
 0005:000003ac       __imp__FreeLibrary@4       1011e3ac     kernel32:KERNEL32.dll
 0005:000003b0       __imp__GetModuleHandleA@4  1011e3b0     kernel32:KERNEL32.dll
 0005:000003b4       __imp__GetModuleFileNameW@12 1011e3b4     kernel32:KERNEL32.dll
 0005:000003b8       __imp__WriteConsoleW@20    1011e3b8     kernel32:KERNEL32.dll
 0005:000003bc       __imp__GetFileType@4       1011e3bc     kernel32:KERNEL32.dll
 0005:000003c0       __imp__GetStdHandle@4      1011e3c0     kernel32:KERNEL32.dll
 0005:000003c4       __imp__GetCurrentThreadId@0 1011e3c4     kernel32:KERNEL32.dll
 0005:000003c8       __imp__GetCommandLineA@0   1011e3c8     kernel32:KERNEL32.dll
 0005:000003cc       __imp__HeapFree@12         1011e3cc     kernel32:KERNEL32.dll
 0005:000003d0       __imp__GetVersionExA@4     1011e3d0     kernel32:KERNEL32.dll
 0005:000003d4       __imp__GetFullPathNameA@16 1011e3d4     kernel32:KERNEL32.dll
 0005:000003d8       __imp__GetDriveTypeA@4     1011e3d8     kernel32:KERNEL32.dll
 0005:000003dc       __imp__RaiseException@16   1011e3dc     kernel32:KERNEL32.dll
 0005:000003e0       __imp__DebugBreak@0        1011e3e0     kernel32:KERNEL32.dll
 0005:000003e4       __imp__IsDebuggerPresent@0 1011e3e4     kernel32:KERNEL32.dll
 0005:000003e8       __imp__lstrlenA@4          1011e3e8     kernel32:KERNEL32.dll
 0005:000003ec       __imp__LoadLibraryA@4      1011e3ec     kernel32:KERNEL32.dll
 0005:000003f0       __imp__UnhandledExceptionFilter@4 1011e3f0     kernel32:KERNEL32.dll
 0005:000003f4       __imp__SetUnhandledExceptionFilter@4 1011e3f4     kernel32:KERNEL32.dll
 0005:000003f8       __imp__WriteFile@20        1011e3f8     kernel32:KERNEL32.dll
 0005:000003fc       __imp__TlsGetValue@4       1011e3fc     kernel32:KERNEL32.dll
 0005:00000400       __imp__TlsAlloc@0          1011e400     kernel32:KERNEL32.dll
 0005:00000404       __imp__TlsSetValue@8       1011e404     kernel32:KERNEL32.dll
 0005:00000408       __imp__TlsFree@4           1011e408     kernel32:KERNEL32.dll
 0005:0000040c       __imp__InterlockedIncrement@4 1011e40c     kernel32:KERNEL32.dll
 0005:00000410       __imp__SetLastError@4      1011e410     kernel32:KERNEL32.dll
 0005:00000414       __imp__InterlockedDecrement@4 1011e414     kernel32:KERNEL32.dll
 0005:00000418       __imp__GetCurrentThread@0  1011e418     kernel32:KERNEL32.dll
 0005:0000041c       __imp__ExitProcess@4       1011e41c     kernel32:KERNEL32.dll
 0005:00000420       __imp__SetConsoleCtrlHandler@8 1011e420     kernel32:KERNEL32.dll
 0005:00000424       __imp__LoadLibraryW@4      1011e424     kernel32:KERNEL32.dll
 0005:00000428       __imp__EnterCriticalSection@4 1011e428     kernel32:KERNEL32.dll
 0005:0000042c       __imp__LeaveCriticalSection@4 1011e42c     kernel32:KERNEL32.dll
 0005:00000430       __imp__TerminateProcess@8  1011e430     kernel32:KERNEL32.dll
 0005:00000434       __imp__GetCurrentProcess@0 1011e434     kernel32:KERNEL32.dll
 0005:00000438       __imp__SetHandleCount@4    1011e438     kernel32:KERNEL32.dll
 0005:0000043c       __imp__GetStartupInfoA@4   1011e43c     kernel32:KERNEL32.dll
 0005:00000440       __imp__DeleteCriticalSection@4 1011e440     kernel32:KERNEL32.dll
 0005:00000444       __imp__FreeEnvironmentStringsA@4 1011e444     kernel32:KERNEL32.dll
 0005:00000448       __imp__GetEnvironmentStrings@0 1011e448     kernel32:KERNEL32.dll
 0005:0000044c       __imp__FreeEnvironmentStringsW@4 1011e44c     kernel32:KERNEL32.dll
 0005:00000450       __imp__GetEnvironmentStringsW@0 1011e450     kernel32:KERNEL32.dll
 0005:00000454       __imp__QueryPerformanceCounter@4 1011e454     kernel32:KERNEL32.dll
 0005:00000458       __imp__GetTickCount@0      1011e458     kernel32:KERNEL32.dll
 0005:0000045c       __imp__GetCurrentProcessId@0 1011e45c     kernel32:KERNEL32.dll
 0005:00000460       __imp__GetSystemTimeAsFileTime@4 1011e460     kernel32:KERNEL32.dll
 0005:00000464       __imp__FatalAppExitA@8     1011e464     kernel32:KERNEL32.dll
 0005:00000468       __imp__GetACP@0            1011e468     kernel32:KERNEL32.dll
 0005:0000046c       __imp__GetOEMCP@0          1011e46c     kernel32:KERNEL32.dll
 0005:00000470       __imp__GetCPInfo@8         1011e470     kernel32:KERNEL32.dll
 0005:00000474       __imp__RtlUnwind@16        1011e474     kernel32:KERNEL32.dll
 0005:00000478       __imp__LCMapStringA@24     1011e478     kernel32:KERNEL32.dll
 0005:0000047c       __imp__LCMapStringW@24     1011e47c     kernel32:KERNEL32.dll
 0005:00000480       \177KERNEL32_NULL_THUNK_DATA 1011e480     kernel32:KERNEL32.dll
 0005:000004f4       __imp_?ConColorMsg@@YAXABVColor@@PBDZZ 1011e4f4     tier0:tier0.dll
 0005:000004f8       __imp_?ConMsg@@YAXPBDZZ    1011e4f8     tier0:tier0.dll
 0005:000004fc       __imp__Msg                 1011e4fc     tier0:tier0.dll
 0005:00000500       __imp__CommandLine_Tier0   1011e500     tier0:tier0.dll
 0005:00000504       __imp__ThreadWaitForObjects 1011e504     tier0:tier0.dll
 0005:00000508       __imp__GetThreadedLoadLibraryFunc 1011e508     tier0:tier0.dll
 0005:0000050c       __imp__CreateSimpleThread  1011e50c     tier0:tier0.dll
 0005:00000510       __imp__ReleaseThreadHandle 1011e510     tier0:tier0.dll
 0005:00000514       __imp__Plat_IsInDebugSession 1011e514     tier0:tier0.dll
 0005:00000518       __imp___AssertValidReadPtr 1011e518     tier0:tier0.dll
 0005:0000051c       __imp___AssertValidWritePtr 1011e51c     tier0:tier0.dll
 0005:00000520       __imp__AssertValidStringPtr 1011e520     tier0:tier0.dll
 0005:00000524       __imp_?DevMsg@@YAXPBDZZ    1011e524     tier0:tier0.dll
 0005:00000528       __imp__DevMsg              1011e528     tier0:tier0.dll
 0005:0000052c       __imp__Warning             1011e52c     tier0:tier0.dll
 0005:00000530       __imp_?LockForRead@CThreadSpinRWLock@@QAEXXZ 1011e530     tier0:tier0.dll
 0005:00000534       __imp_?UnlockRead@CThreadSpinRWLock@@QAEXXZ 1011e534     tier0:tier0.dll
 0005:00000538       __imp_?LockForWrite@CThreadSpinRWLock@@QAEXXZ 1011e538     tier0:tier0.dll
 0005:0000053c       __imp_?UnlockWrite@CThreadSpinRWLock@@QAEXXZ 1011e53c     tier0:tier0.dll
 0005:00000540       __imp_??0CThreadSpinRWLock@@QAE@XZ 1011e540     tier0:tier0.dll
 0005:00000544       __imp__Error               1011e544     tier0:tier0.dll
 0005:00000548       __imp__g_pMemAlloc         1011e548     tier0:tier0.dll
 0005:0000054c       __imp___SpewInfo           1011e54c     tier0:tier0.dll
 0005:00000550       __imp___SpewMessage        1011e550     tier0:tier0.dll
 0005:00000554       __imp__ShouldUseNewAssertDialog 1011e554     tier0:tier0.dll
 0005:00000558       __imp__DoNewAssertDialog   1011e558     tier0:tier0.dll
 0005:0000055c       __imp___ExitOnFatalAssert  1011e55c     tier0:tier0.dll
 0005:00000560       \177tier0_NULL_THUNK_DATA  1011e560     tier0:tier0.dll
 0005:000005a0       __imp__KeyValuesSystem     1011e5a0     vstdlib:vstdlib.dll
 0005:000005a4       \177vstdlib_NULL_THUNK_DATA 1011e5a4     vstdlib:vstdlib.dll
 0006:00000000       ?DBG@@3PDDD                10120000     memoverride.obj
 0006:00000004       ___crtDebugFillThreshold   10120004     memoverride.obj

 entry point at        0002:00001225

