 bugreporter_public

 Timestamp is 628601ac (Thu May 19 01:37:00 2022)

 Preferred load address is 10000000

 Start         Length     Name                   Class
 0001:00000000 0004e21dH .textbss                DATA
 0002:00000000 000a0dd1H .text                   CODE
 0002:000a0de0 00001128H .text$x                 CODE
 0002:000a1f10 000019a3H .text$yc                CODE
 0002:000a38c0 0000113eH .text$yd                CODE
 0003:00000000 00000104H .CRT$XCA                DATA
 0003:00000104 00000182H .CRT$XCU                DATA
 0003:00000288 00000104H .CRT$XCZ                DATA
 0003:0000038c 00000104H .CRT$XIA                DATA
 0003:00000490 00000118H .CRT$XIC                DATA
 0003:000005a8 00000104H .CRT$XIY                DATA
 0003:000006ac 00000104H .CRT$XIZ                DATA
 0003:000007b0 00000104H .CRT$XPA                DATA
 0003:000008b4 00000109H .CRT$XPX                DATA
 0003:000009c0 00000104H .CRT$XPXA               DATA
 0003:00000ac4 00000104H .CRT$XPZ                DATA
 0003:00000bc8 00000104H .CRT$XTA                DATA
 0003:00000ccc 00000104H .CRT$XTB                DATA
 0003:00000dd0 00000104H .CRT$XTZ                DATA
 0003:00000ee0 00010144H .rdata                  DATA
 0003:00011024 00000196H .rdata$debug            DATA
 0003:000111bc 00000b2eH .rdata$r                DATA
 0003:00011cec 00000104H .rtc$IAA                DATA
 0003:00011df0 0000012bH .rtc$IMZ                DATA
 0003:00011f1c 00000104H .rtc$IZZ                DATA
 0003:00012020 00000104H .rtc$TAA                DATA
 0003:00012124 0000012bH .rtc$TMZ                DATA
 0003:00012250 00000104H .rtc$TZZ                DATA
 0003:00012358 00000f90H .xdata$x                DATA
 0003:000132f0 00000184H .edata                  DATA
 0004:00000000 00002c8aH .data                   DATA
 0004:00002ca0 000091c4H .bss                    DATA
 0005:00000000 0000003cH .idata$2                DATA
 0005:0000003c 00000014H .idata$3                DATA
 0005:00000050 00000300H .idata$4                DATA
 0005:00000350 00000300H .idata$5                DATA
 0005:00000650 00000b21H .idata$6                DATA
 0006:00000000 00000109H ValveDBG                DATA

  Address         Publics by Value              Rva+Base       Lib:Object

 0000:00000000       ___safe_se_handler_count   00000000     <absolute>
 0000:00000000       ___safe_se_handler_table   00000000     <absolute>
 0000:00000000       __except_list              00000000     <absolute>
 0000:00000000       ___ImageBase               10000000     <linker-defined>
 0001:00000000       __enc$textbss$begin        10001000     <linker-defined>
 0001:0004e21d       __enc$textbss$end          1004f21d     <linker-defined>
 0002:00005120       ??0CBlockingUDPSocket@@QAE@XZ 10055120 f   blockingudpsocket.obj
 0002:000051c0       ??0netadr_s@@QAE@XZ        100551c0 f i blockingudpsocket.obj
 0002:00005230       ??_GCBlockingUDPSocket@@UAEPAXI@Z 10055230 f i blockingudpsocket.obj
 0002:00005230       ??_ECBlockingUDPSocket@@UAEPAXI@Z 10055230 f i blockingudpsocket.obj
 0002:000052a0       ??1CBlockingUDPSocket@@UAE@XZ 100552a0 f   blockingudpsocket.obj
 0002:00005320       ?CreateSocket@CBlockingUDPSocket@@IAE_NXZ 10055320 f   blockingudpsocket.obj
 0002:00005430       ?WaitForMessage@CBlockingUDPSocket@@QAE_NM@Z 10055430 f   blockingudpsocket.obj
 0002:000055b0       ?ReceiveSocketMessage@CBlockingUDPSocket@@QAEIPAUsockaddr_in@@PAEI@Z 100555b0 f   blockingudpsocket.obj
 0002:000056f0       ?SendSocketMessage@CBlockingUDPSocket@@QAE_NABUsockaddr_in@@PBEI@Z 100556f0 f   blockingudpsocket.obj
 0002:00005770       ??_H@YGXPAXIHP6EPAX0@Z@Z   10055770 f i bugreporter_public.obj
 0002:000057e0       ??0CBugReporter@@QAE@XZ    100557e0 f   bugreporter_public.obj
 0002:00005b70       ??0CUtlSymbol@@QAE@XZ      10055b70 f i bugreporter_public.obj
 0002:00005bc0       ?IsPublicUI@CBugReporter@@UAE_NXZ 10055bc0 f i bugreporter_public.obj
 0002:00005c00       ?GetRepositoryURL@CBugReporter@@UAEPBDXZ 10055c00 f i bugreporter_public.obj
 0002:00005c40       ?GetSubmissionURL@CBugReporter@@UAEPBDXZ 10055c40 f i bugreporter_public.obj
 0002:00005c80       ?GetLevelCount@CBugReporter@@UAEHH@Z 10055c80 f i bugreporter_public.obj
 0002:00005cc0       ?GetLevel@CBugReporter@@UAEPBDHH@Z 10055cc0 f i bugreporter_public.obj
 0002:00005d00       ??_ECBugReporter@@UAEPAXI@Z 10055d00 f i bugreporter_public.obj
 0002:00005d00       ??_GCBugReporter@@UAEPAXI@Z 10055d00 f i bugreporter_public.obj
 0002:00005d70       ??0IBugReporter@@QAE@XZ    10055d70 f i bugreporter_public.obj
 0002:00005dd0       ??_GIBugReporter@@UAEPAXI@Z 10055dd0 f i bugreporter_public.obj
 0002:00005dd0       ??_EIBugReporter@@UAEPAXI@Z 10055dd0 f i bugreporter_public.obj
 0002:00005e40       ??1IBugReporter@@UAE@XZ    10055e40 f i bugreporter_public.obj
 0002:00005e90       ??1IBaseInterface@@UAE@XZ  10055e90 f i bugreporter_public.obj
 0002:00005ed0       ??_EIBaseInterface@@UAEPAXI@Z 10055ed0 f i bugreporter_public.obj
 0002:00005ed0       ??_GIBaseInterface@@UAEPAXI@Z 10055ed0 f i bugreporter_public.obj
 0002:00005f40       ??0IBaseInterface@@QAE@XZ  10055f40 f i bugreporter_public.obj
 0002:00005f90       ??1CBugReporter@@UAE@XZ    10055f90 f   bugreporter_public.obj
 0002:000060d0       ??_GCBug@@QAEPAXI@Z        100560d0 f i bugreporter_public.obj
 0002:00006140       ??1CBug@@QAE@XZ            10056140 f i bugreporter_public.obj
 0002:000061a0       ?Init@CBugReporter@@UAE_NP6APAXPBDPAH@Z@Z 100561a0 f   bugreporter_public.obj
 0002:00006360       ?Shutdown@CBugReporter@@UAEXXZ 10056360 f   bugreporter_public.obj
 0002:000063a0       ?GetUserNameA@CBugReporter@@UAEPBDXZ 100563a0 f   bugreporter_public.obj
 0002:00006400       ?GetUserName_Display@CBugReporter@@UAEPBDXZ 10056400 f   bugreporter_public.obj
 0002:00006460       ?GetNameCount@CBugReporter@@UAEHXZ 10056460 f   bugreporter_public.obj
 0002:000064a0       ?GetName@CBugReporter@@UAEPBDH@Z 100564a0 f   bugreporter_public.obj
 0002:00006520       ?GetDisplayNameCount@CBugReporter@@UAEHXZ 10056520 f   bugreporter_public.obj
 0002:00006560       ?GetDisplayName@CBugReporter@@UAEPBDH@Z 10056560 f   bugreporter_public.obj
 0002:000065e0       ?GetDisplayNameForUserName@CBugReporter@@UAEPBDPBD@Z 100565e0 f   bugreporter_public.obj
 0002:00006620       ?GetUserNameForDisplayName@CBugReporter@@UAEPBDPBD@Z 10056620 f   bugreporter_public.obj
 0002:00006660       ?GetSeverityCount@CBugReporter@@UAEHXZ 10056660 f   bugreporter_public.obj
 0002:000066c0       ?GetSeverity@CBugReporter@@UAEPBDH@Z 100566c0 f   bugreporter_public.obj
 0002:00006760       ??0CUtlSymbol@@QAE@ABV0@@Z 10056760 f i bugreporter_public.obj
 0002:000067b0       ?GetPriorityCount@CBugReporter@@UAEHXZ 100567b0 f   bugreporter_public.obj
 0002:000067f0       ?GetPriority@CBugReporter@@UAEPBDH@Z 100567f0 f   bugreporter_public.obj
 0002:00006830       ?GetAreaCount@CBugReporter@@UAEHXZ 10056830 f   bugreporter_public.obj
 0002:00006870       ?GetArea@CBugReporter@@UAEPBDH@Z 10056870 f   bugreporter_public.obj
 0002:000068b0       ?GetAreaMapCount@CBugReporter@@UAEHXZ 100568b0 f   bugreporter_public.obj
 0002:000068f0       ?GetAreaMap@CBugReporter@@UAEPBDH@Z 100568f0 f   bugreporter_public.obj
 0002:00006930       ?GetMapNumberCount@CBugReporter@@UAEHXZ 10056930 f   bugreporter_public.obj
 0002:00006970       ?GetMapNumber@CBugReporter@@UAEPBDH@Z 10056970 f   bugreporter_public.obj
 0002:000069b0       ?GetReportTypeCount@CBugReporter@@UAEHXZ 100569b0 f   bugreporter_public.obj
 0002:00006a10       ?GetReportType@CBugReporter@@UAEPBDH@Z 10056a10 f   bugreporter_public.obj
 0002:00006ab0       ?StartNewBugReport@CBugReporter@@UAEXXZ 10056ab0 f   bugreporter_public.obj
 0002:00006b80       ??0CBug@@QAE@XZ            10056b80 f i bugreporter_public.obj
 0002:00006bf0       ?Clear@CBug@@QAEXXZ        10056bf0 f i bugreporter_public.obj
 0002:00007050       ?CancelNewBugReport@CBugReporter@@UAEXXZ 10057050 f   bugreporter_public.obj
 0002:000070c0       ?SubstituteBugId@CBugReporter@@AAEXHPADHAAVCUtlBuffer@@@Z 100570c0 f   bugreporter_public.obj
 0002:000072b0       ?PeekGet@CUtlBuffer@@QBEPBXH@Z 100572b0 f i bugreporter_public.obj
 0002:00007320       ?TellPut@CUtlBuffer@@QBEHXZ 10057320 f i bugreporter_public.obj
 0002:00007360       ?CommitBugReport@CBugReporter@@UAE_NAAH@Z 10057360 f   bugreporter_public.obj
 0002:00007810       ?PutChar@CUtlBuffer@@QAEXD@Z 10057810 f i bugreporter_public.obj
 0002:00007890       ?WasLastCharacterCR@CUtlBuffer@@IAE_NXZ 10057890 f i bugreporter_public.obj
 0002:00007920       ?PeekPut@CUtlBuffer@@QAEPAXH@Z 10057920 f i bugreporter_public.obj
 0002:00007990       ?PutTabs@CUtlBuffer@@IAEXXZ 10057990 f i bugreporter_public.obj
 0002:00007a40       ?IsText@CUtlBuffer@@QBE_NXZ 10057a40 f i bugreporter_public.obj
 0002:00007a90       ?Base@CUtlBuffer@@QAEPAXXZ 10057a90 f i bugreporter_public.obj
 0002:00007ae0       ??1CUtlBuffer@@QAE@XZ      10057ae0 f i bugreporter_public.obj
 0002:00007b30       ?SetTitle@CBugReporter@@UAEXPBD@Z 10057b30 f   bugreporter_public.obj
 0002:00007c90       ?SetDescription@CBugReporter@@UAEXPBD@Z 10057c90 f   bugreporter_public.obj
 0002:00007e00       ?SetSubmitter@CBugReporter@@UAEXPBD@Z 10057e00 f   bugreporter_public.obj
 0002:00007fc0       ??4CUtlSymbol@@QAEAAV0@ABV0@@Z 10057fc0 f i bugreporter_public.obj
 0002:00008010       ?SetOwner@CBugReporter@@UAEXPBD@Z 10058010 f   bugreporter_public.obj
 0002:00008080       ?SetSeverity@CBugReporter@@UAEXPBD@Z 10058080 f   bugreporter_public.obj
 0002:000080c0       ?SetPriority@CBugReporter@@UAEXPBD@Z 100580c0 f   bugreporter_public.obj
 0002:00008100       ?SetArea@CBugReporter@@UAEXPBD@Z 10058100 f   bugreporter_public.obj
 0002:00008140       ?SetMapNumber@CBugReporter@@UAEXPBD@Z 10058140 f   bugreporter_public.obj
 0002:00008180       ?SetReportType@CBugReporter@@UAEXPBD@Z 10058180 f   bugreporter_public.obj
 0002:000081f0       ?SetLevel@CBugReporter@@UAEXPBD@Z 100581f0 f   bugreporter_public.obj
 0002:00008360       ?SetDriverInfo@CBugReporter@@UAEXPBD@Z 10058360 f   bugreporter_public.obj
 0002:000084d0       ?SetZipAttachmentName@CBugReporter@@UAEXPBD@Z 100584d0 f   bugreporter_public.obj
 0002:00008640       ?SetMiscInfo@CBugReporter@@UAEXPBD@Z 10058640 f   bugreporter_public.obj
 0002:000087b0       ?SetPosition@CBugReporter@@UAEXPBD@Z 100587b0 f   bugreporter_public.obj
 0002:00008920       ?SetOrientation@CBugReporter@@UAEXPBD@Z 10058920 f   bugreporter_public.obj
 0002:00008a90       ?SetBuildNumber@CBugReporter@@UAEXPBD@Z 10058a90 f   bugreporter_public.obj
 0002:00008c00       ?SetScreenShot@CBugReporter@@UAEXPBD@Z 10058c00 f   bugreporter_public.obj
 0002:00008d70       ?SetSaveGame@CBugReporter@@UAEXPBD@Z 10058d70 f   bugreporter_public.obj
 0002:00008ee0       ?SetBSPName@CBugReporter@@UAEXPBD@Z 10058ee0 f   bugreporter_public.obj
 0002:00008f20       ?SetVMFName@CBugReporter@@UAEXPBD@Z 10058f20 f   bugreporter_public.obj
 0002:00008f60       ?AddIncludedFile@CBugReporter@@UAEXPBD@Z 10058f60 f   bugreporter_public.obj
 0002:00008fa0       ?ResetIncludedFiles@CBugReporter@@UAEXXZ 10058fa0 f   bugreporter_public.obj
 0002:00008fe0       ?SetExeName@CBugReporter@@UAEXPBD@Z 10058fe0 f   bugreporter_public.obj
 0002:00009150       ?SetGameDirectory@CBugReporter@@UAEXPBD@Z 10059150 f   bugreporter_public.obj
 0002:000092c0       ?SetRAM@CBugReporter@@UAEXH@Z 100592c0 f   bugreporter_public.obj
 0002:00009420       ?SetCPU@CBugReporter@@UAEXH@Z 10059420 f   bugreporter_public.obj
 0002:00009580       ?SetProcessor@CBugReporter@@UAEXPBD@Z 10059580 f   bugreporter_public.obj
 0002:000096f0       ?SetDXVersion@CBugReporter@@UAEXIIII@Z 100596f0 f   bugreporter_public.obj
 0002:00009890       ?SetOSVersion@CBugReporter@@UAEXPBD@Z 10059890 f   bugreporter_public.obj
 0002:00009a00       ?SetCSERAddress@CBugReporter@@UAEXABUnetadr_s@@@Z 10059a00 f   bugreporter_public.obj
 0002:00009a60       ?SetSteamUserID@CBugReporter@@UAEXPAXH@Z 10059a60 f   bugreporter_public.obj
 0002:00009bd0       ??1?$CUtlMemory@EH@@QAE@XZ 10059bd0 f i bugreporter_public.obj
 0002:00009c20       ??A?$CUtlMemory@EH@@QBEABEH@Z 10059c20 f i bugreporter_public.obj
 0002:00009d70       ??A?$CUtlMemory@EH@@QAEAAEH@Z 10059d70 f i bugreporter_public.obj
 0002:00009fa0       ?Base@?$CUtlMemory@EH@@QAEPAEXZ 10059fa0 f i bugreporter_public.obj
 0002:0000a0e0       ?Purge@?$CUtlMemory@EH@@QAEXXZ 1005a0e0 f i bugreporter_public.obj
 0002:0000a190       ?IsExternallyAllocated@?$CUtlMemory@EH@@QBE_NXZ 1005a190 f i bugreporter_public.obj
 0002:0000a1e0       ??$PutTypeBin@D@CUtlBuffer@@IAEXD@Z 1005a1e0 f i bugreporter_public.obj
 0002:0000a2c0       ?IsSwappingBytes@CByteswap@@QAE_NXZ 1005a2c0 f i bugreporter_public.obj
 0002:0000a300       ??0?$CUtlVector@Uincfile@CBug@@V?$CUtlMemory@Uincfile@CBug@@H@@@@QAE@HH@Z 1005a300 f i bugreporter_public.obj
 0002:0000a380       ??1?$CUtlVector@Uincfile@CBug@@V?$CUtlMemory@Uincfile@CBug@@H@@@@QAE@XZ 1005a380 f i bugreporter_public.obj
 0002:0000a3e0       ?Purge@?$CUtlVector@Uincfile@CBug@@V?$CUtlMemory@Uincfile@CBug@@H@@@@QAEXXZ 1005a3e0 f i bugreporter_public.obj
 0002:0000a450       ??0?$CUtlVector@VCUtlSymbol@@V?$CUtlMemory@VCUtlSymbol@@H@@@@QAE@HH@Z 1005a450 f i bugreporter_public.obj
 0002:0000a4d0       ??1?$CUtlVector@VCUtlSymbol@@V?$CUtlMemory@VCUtlSymbol@@H@@@@QAE@XZ 1005a4d0 f i bugreporter_public.obj
 0002:0000a530       ??A?$CUtlVector@VCUtlSymbol@@V?$CUtlMemory@VCUtlSymbol@@H@@@@QAEAAVCUtlSymbol@@H@Z 1005a530 f i bugreporter_public.obj
 0002:0000a590       ?Count@?$CUtlVector@VCUtlSymbol@@V?$CUtlMemory@VCUtlSymbol@@H@@@@QBEHXZ 1005a590 f i bugreporter_public.obj
 0002:0000a5d0       ?AddToTail@?$CUtlVector@VCUtlSymbol@@V?$CUtlMemory@VCUtlSymbol@@H@@@@QAEHABVCUtlSymbol@@@Z 1005a5d0 f i bugreporter_public.obj
 0002:0000a760       ?Purge@?$CUtlVector@VCUtlSymbol@@V?$CUtlMemory@VCUtlSymbol@@H@@@@QAEXXZ 1005a760 f i bugreporter_public.obj
 0002:0000a7d0       ?ResetDbgInfo@?$CUtlVector@Uincfile@CBug@@V?$CUtlMemory@Uincfile@CBug@@H@@@@IAEXXZ 1005a7d0 f i bugreporter_public.obj
 0002:0000a830       ?Base@?$CUtlVector@VCUtlSymbol@@V?$CUtlMemory@VCUtlSymbol@@H@@@@QAEPAVCUtlSymbol@@XZ 1005a830 f i bugreporter_public.obj
 0002:0000a880       ?ResetDbgInfo@?$CUtlVector@VCUtlSymbol@@V?$CUtlMemory@VCUtlSymbol@@H@@@@IAEXXZ 1005a880 f i bugreporter_public.obj
 0002:0000a8e0       ?Base@?$CUtlVector@Uincfile@CBug@@V?$CUtlMemory@Uincfile@CBug@@H@@@@QAEPAUincfile@CBug@@XZ 1005a8e0 f i bugreporter_public.obj
 0002:0000a930       ?IsIdxValid@?$CUtlMemory@EH@@QBE_NH@Z 1005a930 f i bugreporter_public.obj
 0002:0000a9a0       ?IsReadOnly@?$CUtlMemory@EH@@QBE_NXZ 1005a9a0 f i bugreporter_public.obj
 0002:0000a9f0       ??0?$CUtlMemory@Uincfile@CBug@@H@@QAE@HH@Z 1005a9f0 f i bugreporter_public.obj
 0002:0000ac20       ??0CMemAllocAttributeAlloction@@QAE@PBDH@Z 1005ac20 f i bugreporter_public.obj
 0002:0000aca0       ??1CMemAllocAttributeAlloction@@QAE@XZ 1005aca0 f i bugreporter_public.obj
 0002:0000ad10       ??1?$CUtlMemory@Uincfile@CBug@@H@@QAE@XZ 1005ad10 f i bugreporter_public.obj
 0002:0000ad60       ?Base@?$CUtlMemory@Uincfile@CBug@@H@@QAEPAUincfile@CBug@@XZ 1005ad60 f i bugreporter_public.obj
 0002:0000aea0       ?Purge@?$CUtlMemory@Uincfile@CBug@@H@@QAEXXZ 1005aea0 f i bugreporter_public.obj
 0002:0000af50       ?RemoveAll@?$CUtlVector@Uincfile@CBug@@V?$CUtlMemory@Uincfile@CBug@@H@@@@QAEXXZ 1005af50 f i bugreporter_public.obj
 0002:0000afe0       ??0?$CUtlMemory@VCUtlSymbol@@H@@QAE@HH@Z 1005afe0 f i bugreporter_public.obj
 0002:0000b210       ??1?$CUtlMemory@VCUtlSymbol@@H@@QAE@XZ 1005b210 f i bugreporter_public.obj
 0002:0000b260       ??A?$CUtlMemory@VCUtlSymbol@@H@@QAEAAVCUtlSymbol@@H@Z 1005b260 f i bugreporter_public.obj
 0002:0000b4a0       ?Base@?$CUtlMemory@VCUtlSymbol@@H@@QAEPAVCUtlSymbol@@XZ 1005b4a0 f i bugreporter_public.obj
 0002:0000b5e0       ?Purge@?$CUtlMemory@VCUtlSymbol@@H@@QAEXXZ 1005b5e0 f i bugreporter_public.obj
 0002:0000b690       ?InsertBefore@?$CUtlVector@VCUtlSymbol@@V?$CUtlMemory@VCUtlSymbol@@H@@@@QAEHHABVCUtlSymbol@@@Z 1005b690 f i bugreporter_public.obj
 0002:0000b950       ?RemoveAll@?$CUtlVector@VCUtlSymbol@@V?$CUtlMemory@VCUtlSymbol@@H@@@@QAEXXZ 1005b950 f i bugreporter_public.obj
 0002:0000b9e0       ??$SwapBufferToTargetEndian@D@CByteswap@@QAEXPAD0H@Z 1005b9e0 f i bugreporter_public.obj
 0002:0000bb10       ?ValidateGrowSize@?$CUtlMemory@Uincfile@CBug@@H@@IAEXXZ 1005bb10 f i bugreporter_public.obj
 0002:0000bb50       ?ValidateGrowSize@?$CUtlMemory@VCUtlSymbol@@H@@IAEXXZ 1005bb50 f i bugreporter_public.obj
 0002:0000bb90       ?IsExternallyAllocated@?$CUtlMemory@Uincfile@CBug@@H@@QBE_NXZ 1005bb90 f i bugreporter_public.obj
 0002:0000bbe0       ?IsReadOnly@?$CUtlMemory@Uincfile@CBug@@H@@QBE_NXZ 1005bbe0 f i bugreporter_public.obj
 0002:0000bc30       ?Element@?$CUtlVector@Uincfile@CBug@@V?$CUtlMemory@Uincfile@CBug@@H@@@@QAEAAUincfile@CBug@@H@Z 1005bc30 f i bugreporter_public.obj
 0002:0000bc90       ?IsIdxValid@?$CUtlMemory@VCUtlSymbol@@H@@QBE_NH@Z 1005bc90 f i bugreporter_public.obj
 0002:0000bd00       ?IsExternallyAllocated@?$CUtlMemory@VCUtlSymbol@@H@@QBE_NXZ 1005bd00 f i bugreporter_public.obj
 0002:0000bd50       ?IsReadOnly@?$CUtlMemory@VCUtlSymbol@@H@@QBE_NXZ 1005bd50 f i bugreporter_public.obj
 0002:0000bda0       ?Element@?$CUtlVector@VCUtlSymbol@@V?$CUtlMemory@VCUtlSymbol@@H@@@@QAEAAVCUtlSymbol@@H@Z 1005bda0 f i bugreporter_public.obj
 0002:0000be00       ?IsValidIndex@?$CUtlVector@VCUtlSymbol@@V?$CUtlMemory@VCUtlSymbol@@H@@@@QBE_NH@Z 1005be00 f i bugreporter_public.obj
 0002:0000be70       ?GrowVector@?$CUtlVector@VCUtlSymbol@@V?$CUtlMemory@VCUtlSymbol@@H@@@@IAEXH@Z 1005be70 f i bugreporter_public.obj
 0002:0000bf90       ?ShiftElementsRight@?$CUtlVector@VCUtlSymbol@@V?$CUtlMemory@VCUtlSymbol@@H@@@@IAEXHH@Z 1005bf90 f i bugreporter_public.obj
 0002:0000c150       ??$Destruct@Uincfile@CBug@@@@YAXPAUincfile@CBug@@@Z 1005c150 f i bugreporter_public.obj
 0002:0000c1b0       ??$CopyConstruct@VCUtlSymbol@@@@YAXPAVCUtlSymbol@@ABV0@@Z 1005c1b0 f i bugreporter_public.obj
 0002:0000c240       ??2@YAPAXIPAX@Z            1005c240 f i bugreporter_public.obj
 0002:0000c280       ??$Destruct@VCUtlSymbol@@@@YAXPAVCUtlSymbol@@@Z 1005c280 f i bugreporter_public.obj
 0002:0000c2e0       ??$LowLevelByteSwap@D@CByteswap@@CAXPAD0@Z 1005c2e0 f i bugreporter_public.obj
 0002:0000c3d0       ??A?$CUtlMemory@Uincfile@CBug@@H@@QAEAAUincfile@CBug@@H@Z 1005c3d0 f i bugreporter_public.obj
 0002:0000c610       ?NumAllocated@?$CUtlMemory@VCUtlSymbol@@H@@QBEHXZ 1005c610 f i bugreporter_public.obj
 0002:0000c650       ?Grow@?$CUtlMemory@VCUtlSymbol@@H@@QAEXH@Z 1005c650 f i bugreporter_public.obj
 0002:0000cd70       ?UtlMemory_CalcNewAllocationCount@@YAHHHHH@Z 1005cd70 f i bugreporter_public.obj
 0002:0000ce00       ?IsIdxValid@?$CUtlMemory@Uincfile@CBug@@H@@QBE_NH@Z 1005ce00 f i bugreporter_public.obj
 0002:0000ce70       ??0Vector2D@@QAE@MM@Z      1005ce70 f i bugreporter_public.obj
 0002:0000cfd0       ?IsValid@Vector2D@@QBE_NXZ 1005cfd0 f i bugreporter_public.obj
 0002:0000d080       ?IsFinite@@YA_NM@Z         1005d080 f i bugreporter_public.obj
 0002:0000d0f0       ?FloatBits@@YAAAKAAM@Z     1005d0f0 f i bugreporter_public.obj
 0002:0000d170       ?EncryptBuffer@@YAXAAVIceKey@@PAEI@Z 1005d170 f   bugreporter_upload.obj
 0002:0000d210       ?Encrypt8ByteSequence@@YAXAAVIceKey@@PBEPAE@Z 1005d210 f i bugreporter_upload.obj
 0002:0000d270       ?UploadBugReport@@YA_NABUnetadr_s@@ABUTSteamGlobalUserID@@HPBD2222222HH2IIII22I@Z 1005d270 f   bugreporter_upload.obj
 0002:0000d570       ??0TBugReportParameters@@QAE@XZ 1005d570 f i bugreporter_upload.obj
 0002:0000d5d0       ?UpdateProgress@@YAXABUTBugReportParameters@@PBDZZ 1005d5d0 f   bugreporter_upload.obj
 0002:0000d760       ??0CWin32UploadBugReport@@QAE@ABUnetadr_s@@ABUTBugReportParameters@@I@Z 1005d760 f   bugreporter_upload.obj
 0002:0000d8d0       ??1CWin32UploadBugReport@@QAE@XZ 1005d8d0 f   bugreporter_upload.obj
 0002:0000d950       ?DoBlockingReceive@CWin32UploadBugReport@@AAE_NIAAVCUtlBuffer@@@Z 1005d950 f   bugreporter_upload.obj
 0002:0000da60       ?Purge@CUtlBuffer@@QAEXXZ  1005da60 f i bugreporter_upload.obj
 0002:0000daf0       ?AddState@CWin32UploadBugReport@@AAEXIP81@AE_NAAW4EBugReportUploadStatus@@AAVCUtlBuffer@@@Z@Z 1005daf0 f   bugreporter_upload.obj
 0002:0000dba0       ??0FSMState_t@CWin32UploadBugReport@@QAE@IP81@AE_NAAW4EBugReportUploadStatus@@AAVCUtlBuffer@@@Z@Z 1005dba0 f i bugreporter_upload.obj
 0002:0000dbf0       ?Upload@CWin32UploadBugReport@@QAE?AW4EBugReportUploadStatus@@AAVCUtlBuffer@@@Z 1005dbf0 f   bugreporter_upload.obj
 0002:0000de00       ?SetNextState@CWin32UploadBugReport@@AAEXI@Z 1005de00 f   bugreporter_upload.obj
 0002:0000df50       ?CreateTCPSocket@CWin32UploadBugReport@@AAE_NAAW4EBugReportUploadStatus@@AAVCUtlBuffer@@@Z 1005df50 f   bugreporter_upload.obj
 0002:0000e010       ?ConnectToHarvesterServer@CWin32UploadBugReport@@AAE_NAAW4EBugReportUploadStatus@@AAVCUtlBuffer@@@Z 1005e010 f   bugreporter_upload.obj
 0002:0000e0d0       ?SendProtocolVersion@CWin32UploadBugReport@@AAE_NAAW4EBugReportUploadStatus@@AAVCUtlBuffer@@@Z 1005e0d0 f   bugreporter_upload.obj
 0002:0000e1c0       ?PutInt@CUtlBuffer@@QAEXH@Z 1005e1c0 f i bugreporter_upload.obj
 0002:0000e220       ?ReceiveProtocolOkay@CWin32UploadBugReport@@AAE_NAAW4EBugReportUploadStatus@@AAVCUtlBuffer@@@Z 1005e220 f   bugreporter_upload.obj
 0002:0000e340       ?GetChar@CUtlBuffer@@QAEDXZ 1005e340 f i bugreporter_upload.obj
 0002:0000e3d0       ?SendUploadCommand@CWin32UploadBugReport@@AAE_NAAW4EBugReportUploadStatus@@AAVCUtlBuffer@@@Z 1005e3d0 f   bugreporter_upload.obj
 0002:0000e510       ?ReceiveOKToSendFile@CWin32UploadBugReport@@AAE_NAAW4EBugReportUploadStatus@@AAVCUtlBuffer@@@Z 1005e510 f   bugreporter_upload.obj
 0002:0000e630       ?SendWholeFile@CWin32UploadBugReport@@AAE_NAAW4EBugReportUploadStatus@@AAVCUtlBuffer@@@Z 1005e630 f   bugreporter_upload.obj
 0002:0000e8a0       ?ReceiveFileUploadSuccess@CWin32UploadBugReport@@AAE_NAAW4EBugReportUploadStatus@@AAVCUtlBuffer@@@Z 1005e8a0 f   bugreporter_upload.obj
 0002:0000e9c0       ?SendGracefulClose@CWin32UploadBugReport@@AAE_NAAW4EBugReportUploadStatus@@AAVCUtlBuffer@@@Z 1005e9c0 f   bugreporter_upload.obj
 0002:0000eac0       ?CloseTCPSocket@CWin32UploadBugReport@@AAE_NAAW4EBugReportUploadStatus@@AAVCUtlBuffer@@@Z 1005eac0 f   bugreporter_upload.obj
 0002:0000eb50       ?Win32UploadBugReportBlocking@@YA?AW4EBugReportUploadStatus@@ABUTBugReportParameters@@@Z 1005eb50 f   bugreporter_upload.obj
 0002:0000f510       ?GetShort@CUtlBuffer@@QAEFXZ 1005f510 f i bugreporter_upload.obj
 0002:0000f5b0       ?GetInt@CUtlBuffer@@QAEHXZ 1005f5b0 f i bugreporter_upload.obj
 0002:0000f640       ?PutShort@CUtlBuffer@@QAEXF@Z 1005f640 f i bugreporter_upload.obj
 0002:0000f6a0       ?IsValid@CBlockingUDPSocket@@QBE_NXZ 1005f6a0 f i bugreporter_upload.obj
 0002:0000f6f0       ??$GetType@D@CUtlBuffer@@IAEXAADPBD@Z 1005f6f0 f i bugreporter_upload.obj
 0002:0000f780       ??$GetType@F@CUtlBuffer@@IAEXAAFPBD@Z 1005f780 f i bugreporter_upload.obj
 0002:0000f810       ??$GetType@H@CUtlBuffer@@IAEXAAHPBD@Z 1005f810 f i bugreporter_upload.obj
 0002:0000f8a0       ??$PutType@F@CUtlBuffer@@IAEXFPBD@Z 1005f8a0 f i bugreporter_upload.obj
 0002:0000f930       ??$PutType@H@CUtlBuffer@@IAEXHPBD@Z 1005f930 f i bugreporter_upload.obj
 0002:0000f9c0       ??0?$CUtlVector@UFSMState_t@CWin32UploadBugReport@@V?$CUtlMemory@UFSMState_t@CWin32UploadBugReport@@H@@@@QAE@HH@Z 1005f9c0 f i bugreporter_upload.obj
 0002:0000fa40       ??1?$CUtlVector@UFSMState_t@CWin32UploadBugReport@@V?$CUtlMemory@UFSMState_t@CWin32UploadBugReport@@H@@@@QAE@XZ 1005fa40 f i bugreporter_upload.obj
 0002:0000faa0       ??A?$CUtlVector@UFSMState_t@CWin32UploadBugReport@@V?$CUtlMemory@UFSMState_t@CWin32UploadBugReport@@H@@@@QAEAAUFSMState_t@CWin32UploadBugReport@@H@Z 1005faa0 f i bugreporter_upload.obj
 0002:0000fb00       ?AddToTail@?$CUtlVector@UFSMState_t@CWin32UploadBugReport@@V?$CUtlMemory@UFSMState_t@CWin32UploadBugReport@@H@@@@QAEHABUFSMState_t@CWin32UploadBugReport@@@Z 1005fb00 f i bugreporter_upload.obj
 0002:0000fc90       ?Base@?$CUtlVector@UFSMState_t@CWin32UploadBugReport@@V?$CUtlMemory@UFSMState_t@CWin32UploadBugReport@@H@@@@QAEPAUFSMState_t@CWin32UploadBugReport@@XZ 1005fc90 f i bugreporter_upload.obj
 0002:0000fce0       ?ResetDbgInfo@?$CUtlVector@UFSMState_t@CWin32UploadBugReport@@V?$CUtlMemory@UFSMState_t@CWin32UploadBugReport@@H@@@@IAEXXZ 1005fce0 f i bugreporter_upload.obj
 0002:0000fd40       ??0?$CUtlMemory@UFSMState_t@CWin32UploadBugReport@@H@@QAE@HH@Z 1005fd40 f i bugreporter_upload.obj
 0002:0000ff70       ??1?$CUtlMemory@UFSMState_t@CWin32UploadBugReport@@H@@QAE@XZ 1005ff70 f i bugreporter_upload.obj
 0002:0000ffc0       ??A?$CUtlMemory@UFSMState_t@CWin32UploadBugReport@@H@@QAEAAUFSMState_t@CWin32UploadBugReport@@H@Z 1005ffc0 f i bugreporter_upload.obj
 0002:00010200       ?Base@?$CUtlMemory@UFSMState_t@CWin32UploadBugReport@@H@@QAEPAUFSMState_t@CWin32UploadBugReport@@XZ 10060200 f i bugreporter_upload.obj
 0002:00010340       ?Count@?$CUtlVector@UFSMState_t@CWin32UploadBugReport@@V?$CUtlMemory@UFSMState_t@CWin32UploadBugReport@@H@@@@QBEHXZ 10060340 f i bugreporter_upload.obj
 0002:00010380       ?InsertBefore@?$CUtlVector@UFSMState_t@CWin32UploadBugReport@@V?$CUtlMemory@UFSMState_t@CWin32UploadBugReport@@H@@@@QAEHHABUFSMState_t@CWin32UploadBugReport@@@Z 10060380 f i bugreporter_upload.obj
 0002:00010640       ?Purge@?$CUtlVector@UFSMState_t@CWin32UploadBugReport@@V?$CUtlMemory@UFSMState_t@CWin32UploadBugReport@@H@@@@QAEXXZ 10060640 f i bugreporter_upload.obj
 0002:000106b0       ??$GetTypeBin@D@CUtlBuffer@@IAEXAAD@Z 100606b0 f i bugreporter_upload.obj
 0002:00010790       ??$GetTypeBin@F@CUtlBuffer@@IAEXAAF@Z 10060790 f i bugreporter_upload.obj
 0002:00010870       ??$GetTypeBin@H@CUtlBuffer@@IAEXAAH@Z 10060870 f i bugreporter_upload.obj
 0002:00010950       ??$PutTypeBin@F@CUtlBuffer@@IAEXF@Z 10060950 f i bugreporter_upload.obj
 0002:00010a20       ??$PutTypeBin@H@CUtlBuffer@@IAEXH@Z 10060a20 f i bugreporter_upload.obj
 0002:00010af0       ?ValidateGrowSize@?$CUtlMemory@UFSMState_t@CWin32UploadBugReport@@H@@IAEXXZ 10060af0 f i bugreporter_upload.obj
 0002:00010b30       ?IsIdxValid@?$CUtlMemory@UFSMState_t@CWin32UploadBugReport@@H@@QBE_NH@Z 10060b30 f i bugreporter_upload.obj
 0002:00010ba0       ?Purge@?$CUtlMemory@UFSMState_t@CWin32UploadBugReport@@H@@QAEXXZ 10060ba0 f i bugreporter_upload.obj
 0002:00010c50       ?IsReadOnly@?$CUtlMemory@UFSMState_t@CWin32UploadBugReport@@H@@QBE_NXZ 10060c50 f i bugreporter_upload.obj
 0002:00010ca0       ?Element@?$CUtlVector@UFSMState_t@CWin32UploadBugReport@@V?$CUtlMemory@UFSMState_t@CWin32UploadBugReport@@H@@@@QAEAAUFSMState_t@CWin32UploadBugReport@@H@Z 10060ca0 f i bugreporter_upload.obj
 0002:00010d00       ?IsValidIndex@?$CUtlVector@UFSMState_t@CWin32UploadBugReport@@V?$CUtlMemory@UFSMState_t@CWin32UploadBugReport@@H@@@@QBE_NH@Z 10060d00 f i bugreporter_upload.obj
 0002:00010d70       ?RemoveAll@?$CUtlVector@UFSMState_t@CWin32UploadBugReport@@V?$CUtlMemory@UFSMState_t@CWin32UploadBugReport@@H@@@@QAEXXZ 10060d70 f i bugreporter_upload.obj
 0002:00010e00       ?GrowVector@?$CUtlVector@UFSMState_t@CWin32UploadBugReport@@V?$CUtlMemory@UFSMState_t@CWin32UploadBugReport@@H@@@@IAEXH@Z 10060e00 f i bugreporter_upload.obj
 0002:00010f20       ?ShiftElementsRight@?$CUtlVector@UFSMState_t@CWin32UploadBugReport@@V?$CUtlMemory@UFSMState_t@CWin32UploadBugReport@@H@@@@IAEXHH@Z 10060f20 f i bugreporter_upload.obj
 0002:000110e0       ??$CopyConstruct@UFSMState_t@CWin32UploadBugReport@@@@YAXPAUFSMState_t@CWin32UploadBugReport@@ABU01@@Z 100610e0 f i bugreporter_upload.obj
 0002:00011180       ??$SwapBufferToTargetEndian@F@CByteswap@@QAEXPAF0H@Z 10061180 f i bugreporter_upload.obj
 0002:000112b0       ??$SwapBufferToTargetEndian@H@CByteswap@@QAEXPAH0H@Z 100612b0 f i bugreporter_upload.obj
 0002:000113f0       ?NumAllocated@?$CUtlMemory@UFSMState_t@CWin32UploadBugReport@@H@@QBEHXZ 100613f0 f i bugreporter_upload.obj
 0002:00011430       ?Grow@?$CUtlMemory@UFSMState_t@CWin32UploadBugReport@@H@@QAEXH@Z 10061430 f i bugreporter_upload.obj
 0002:00011b50       ?IsExternallyAllocated@?$CUtlMemory@UFSMState_t@CWin32UploadBugReport@@H@@QBE_NXZ 10061b50 f i bugreporter_upload.obj
 0002:00011ba0       ??$Destruct@UFSMState_t@CWin32UploadBugReport@@@@YAXPAUFSMState_t@CWin32UploadBugReport@@@Z 10061ba0 f i bugreporter_upload.obj
 0002:00011c00       ??$LowLevelByteSwap@F@CByteswap@@CAXPAF0@Z 10061c00 f i bugreporter_upload.obj
 0002:00011cf0       ??$LowLevelByteSwap@H@CByteswap@@CAXPAH0@Z 10061cf0 f i bugreporter_upload.obj
 0002:00011de0       _BuiltDebug                10061de0 f   memoverride.obj
 0002:00011e10       ?MakeModuleFileName@@YAPBDXZ 10061e10 f   memoverride.obj
 0002:00011f90       ?strrchr@@YAPADPADH@Z      10061f90 f i memoverride.obj
 0002:00011ff0       _malloc                    10061ff0 f   memoverride.obj
 0002:00012120       _free                      10062120 f   memoverride.obj
 0002:00012190       _realloc                   10062190 f   memoverride.obj
 0002:000122e0       _calloc                    100622e0 f   memoverride.obj
 0002:00012360       __malloc_base              10062360 f   memoverride.obj
 0002:000123b0       __calloc_base              100623b0 f   memoverride.obj
 0002:00012420       __realloc_base             10062420 f   memoverride.obj
 0002:00012480       __recalloc_base            10062480 f   memoverride.obj
 0002:000124f0       __free_base                100624f0 f   memoverride.obj
 0002:00012560       __expand_base              10062560 f   memoverride.obj
 0002:000126a0       __malloc_crt               100626a0 f   memoverride.obj
 0002:000126f0       __calloc_crt               100626f0 f   memoverride.obj
 0002:00012750       __realloc_crt              10062750 f   memoverride.obj
 0002:000127b0       __recalloc_crt             100627b0 f   memoverride.obj
 0002:00012810       __recalloc                 10062810 f   memoverride.obj
 0002:00012890       __msize_base               10062890 f   memoverride.obj
 0002:00012900       __msize                    10062900 f   memoverride.obj
 0002:00012950       _msize                     10062950 f   memoverride.obj
 0002:000129c0       __heap_alloc               100629c0 f   memoverride.obj
 0002:00012a10       __nh_malloc                10062a10 f   memoverride.obj
 0002:00012a60       __expand                   10062a60 f   memoverride.obj
 0002:00012ba0       __get_sbh_threshold        10062ba0 f   memoverride.obj
 0002:00012bd0       __set_sbh_threshold        10062bd0 f   memoverride.obj
 0002:00012c00       __heapchk                  10062c00 f   memoverride.obj
 0002:00012c70       __heapmin                  10062c70 f   memoverride.obj
 0002:00012cb0       __heapadd                  10062cb0 f   memoverride.obj
 0002:00012ce0       __heapset                  10062ce0 f   memoverride.obj
 0002:00012d10       __heapused                 10062d10 f   memoverride.obj
 0002:00012d40       __heapwalk                 10062d40 f   memoverride.obj
 0002:00012d70       _malloc_db                 10062d70 f   memoverride.obj
 0002:00012df0       _free_db                   10062df0 f   memoverride.obj
 0002:00012e70       _realloc_db                10062e70 f   memoverride.obj
 0002:00012ef0       __heap_init                10062ef0 f   memoverride.obj
 0002:00012f40       __heap_term                10062f40 f   memoverride.obj
 0002:00012f70       ??2@YAPAXI@Z               10062f70 f   memoverride.obj
 0002:00012fc0       ??2@YAPAXIHPBDH@Z          10062fc0 f   memoverride.obj
 0002:00013040       ??3@YAXPAX@Z               10063040 f   memoverride.obj
 0002:000130b0       ??_U@YAPAXI@Z              100630b0 f   memoverride.obj
 0002:00013100       ??_U@YAPAXIHPBDH@Z         10063100 f   memoverride.obj
 0002:00013180       ??_V@YAXPAX@Z              10063180 f   memoverride.obj
 0002:000131f0       __nh_malloc_dbg            100631f0 f   memoverride.obj
 0002:000132d0       ??0CAttibCRT@@QAE@H@Z      100632d0 f i memoverride.obj
 0002:00013370       ??1CAttibCRT@@QAE@XZ       10063370 f i memoverride.obj
 0002:000133f0       __malloc_dbg               100633f0 f   memoverride.obj
 0002:000134d0       __calloc_dbg               100634d0 f   memoverride.obj
 0002:000135d0       __realloc_dbg              100635d0 f   memoverride.obj
 0002:000136b0       __expand_dbg               100636b0 f   memoverride.obj
 0002:000137f0       __free_dbg                 100637f0 f   memoverride.obj
 0002:000138b0       __msize_dbg                100638b0 f   memoverride.obj
 0002:00013900       __aligned_malloc_base      10063900 f   memoverride.obj
 0002:00013960       ?MemAlloc_AllocAligned@@YAPAXII@Z 10063960 f i memoverride.obj
 0002:00013a60       ?IsPowerOfTwo@@YA_NH@Z     10063a60 f i memoverride.obj
 0002:00013ab0       __aligned_realloc_base     10063ab0 f   memoverride.obj
 0002:00013b10       ?MemAlloc_ReallocAligned@@YAPAXPAXII@Z 10063b10 f i memoverride.obj
 0002:00013c80       __aligned_recalloc_base    10063c80 f   memoverride.obj
 0002:00013ce0       __aligned_free_base        10063ce0 f   memoverride.obj
 0002:00013d30       ?MemAlloc_FreeAligned@@YAXPAX@Z 10063d30 f i memoverride.obj
 0002:00013dd0       __aligned_malloc           10063dd0 f   memoverride.obj
 0002:00013e30       __aligned_realloc          10063e30 f   memoverride.obj
 0002:00013e90       __aligned_recalloc         10063e90 f   memoverride.obj
 0002:00013ef0       __aligned_free             10063ef0 f   memoverride.obj
 0002:00013f40       __aligned_offset_malloc_base 10063f40 f   memoverride.obj
 0002:00014070       __aligned_offset_realloc_base 10064070 f   memoverride.obj
 0002:000141a0       __aligned_offset_recalloc_base 100641a0 f   memoverride.obj
 0002:000142d0       __aligned_offset_malloc    100642d0 f   memoverride.obj
 0002:00014330       __aligned_offset_realloc   10064330 f   memoverride.obj
 0002:00014390       __aligned_offset_recalloc  10064390 f   memoverride.obj
 0002:00014400       __CrtDumpMemoryLeaks       10064400 f   memoverride.obj
 0002:00014430       __CrtSetDumpClient         10064430 f   memoverride.obj
 0002:00014460       __CrtSetDbgFlag            10064460 f   memoverride.obj
 0002:000144d0       ___p__crtDbgFlag           100644d0 f   memoverride.obj
 0002:00014510       ___p__crtBreakAlloc        10064510 f   memoverride.obj
 0002:00014550       __CrtSetDbgBlockType       10064550 f   memoverride.obj
 0002:00014590       __CrtSetAllocHook          10064590 f   memoverride.obj
 0002:000145e0       __CrtSetBreakAlloc         100645e0 f   memoverride.obj
 0002:00014650       __CrtIsValidHeapPointer    10064650 f   memoverride.obj
 0002:000146c0       __CrtIsValidPointer        100646c0 f   memoverride.obj
 0002:00014740       __CrtCheckMemory           10064740 f   memoverride.obj
 0002:000147b0       __CrtIsMemoryBlock         100647b0 f   memoverride.obj
 0002:00014800       __CrtMemDifference         10064800 f   memoverride.obj
 0002:00014850       __CrtMemDumpStatistics     10064850 f   memoverride.obj
 0002:00014890       __CrtMemCheckpoint         10064890 f   memoverride.obj
 0002:00014900       __CrtMemDumpAllObjectsSince 10064900 f   memoverride.obj
 0002:00014940       __CrtDoForAllClientObjects 10064940 f   memoverride.obj
 0002:00014980       __CrtSetReportMode         10064980 f   memoverride.obj
 0002:000149f0       __CrtSetReportFile         100649f0 f   memoverride.obj
 0002:00014a60       __CrtSetReportHook         10064a60 f   memoverride.obj
 0002:00014ad0       __CrtDbgReport             10064ad0 f   memoverride.obj
 0002:00014b80       __invalid_parameter_noinfo 10064b80 f   memoverride.obj
 0002:00014cc0       ___crtMessageWindowW       10064cc0 f   memoverride.obj
 0002:00014e00       __CrtDbgReportV            10064e00 f   memoverride.obj
 0002:00014f40       __CrtDbgReportW            10064f40 f   memoverride.obj
 0002:00015080       __VCrtDbgReportA           10065080 f   memoverride.obj
 0002:000151c0       __CrtSetReportHook2        100651c0 f   memoverride.obj
 0002:00015210       __CrtSetCheckCount         10065210 f   memoverride.obj
 0002:00015250       __CrtGetCheckCount         10065250 f   memoverride.obj
 0002:00015290       __aligned_offset_recalloc_dbg 10065290 f   memoverride.obj
 0002:00015400       __aligned_recalloc_dbg     10065400 f   memoverride.obj
 0002:00015470       __recalloc_dbg             10065470 f   memoverride.obj
 0002:000154e0       __CrtGetReportHook         100654e0 f   memoverride.obj
 0002:00015510       __CrtReportBlockType       10065510 f   memoverride.obj
 0002:00015540       __heap_alloc_base          10065540 f   memoverride.obj
 0002:000155b0       __heap_alloc_dbg           100655b0 f   memoverride.obj
 0002:00015600       __free_nolock              10065600 f   memoverride.obj
 0002:00015650       __free_dbg_nolock          10065650 f   memoverride.obj
 0002:000156a0       __CrtGetAllocHook          100656a0 f   memoverride.obj
 0002:00015710       __CrtGetDumpClient         10065710 f   memoverride.obj
 0002:00015780       __aligned_malloc_dbg       10065780 f   memoverride.obj
 0002:000157e0       __aligned_realloc_dbg      100657e0 f   memoverride.obj
 0002:00015840       __aligned_offset_malloc_dbg 10065840 f   memoverride.obj
 0002:000158a0       __aligned_offset_realloc_dbg 100658a0 f   memoverride.obj
 0002:00015900       __aligned_free_dbg         10065900 f   memoverride.obj
 0002:00015950       __CrtSetDebugFillThreshold 10065950 f   memoverride.obj
 0002:000159c0       __strdup                   100659c0 f   memoverride.obj
 0002:00015a50       __wcsdup_dbg               10065a50 f   memoverride.obj
 0002:00015b90       __wcsdup                   10065b90 f   memoverride.obj
 0002:00015cc4       _closesocket@4             10065cc4 f   Ws2_32:WS2_32.dll
 0002:00015cca       _bind@12                   10065cca f   Ws2_32:WS2_32.dll
 0002:00015cd0       _socket@12                 10065cd0 f   Ws2_32:WS2_32.dll
 0002:00015cd6       ___WSAFDIsSet@8            10065cd6 f   Ws2_32:WS2_32.dll
 0002:00015cdc       _select@20                 10065cdc f   Ws2_32:WS2_32.dll
 0002:00015ce2       _sendto@24                 10065ce2 f   Ws2_32:WS2_32.dll
 0002:00015ce8       _recv@16                   10065ce8 f   Ws2_32:WS2_32.dll
 0002:00015cee       _connect@12                10065cee f   Ws2_32:WS2_32.dll
 0002:00015cf4       _send@16                   10065cf4 f   Ws2_32:WS2_32.dll
 0002:00015cfa       _htons@4                   10065cfa f   Ws2_32:WS2_32.dll
 0002:00015d00       _GetModuleFileNameA@12     10065d00 f   kernel32:KERNEL32.dll
 0002:00015d06       _VirtualQuery@12           10065d06 f   kernel32:KERNEL32.dll
 0002:00015d0c       _HeapAlloc@12              10065d0c f   kernel32:KERNEL32.dll
 0002:00015d12       _GetProcessHeap@0          10065d12 f   kernel32:KERNEL32.dll
 0002:00015d20       ??0IceKey@@QAE@H@Z         10065d20 f   mathlib:IceKey.obj
 0002:000161b0       ??1IceKey@@QAE@XZ          100661b0 f   mathlib:IceKey.obj
 0002:000162a0       ?encrypt@IceKey@@QBEXPBEPAE@Z 100662a0 f   mathlib:IceKey.obj
 0002:00016550       ?decrypt@IceKey@@QBEXPBEPAE@Z 10066550 f   mathlib:IceKey.obj
 0002:000166f0       ?scheduleBuild@IceKey@@AAEXPAGHPBH@Z 100666f0 f   mathlib:IceKey.obj
 0002:00016860       ?set@IceKey@@QAEXPBE@Z     10066860 f   mathlib:IceKey.obj
 0002:00016a50       ?keySize@IceKey@@QBEHXZ    10066a50 f   mathlib:IceKey.obj
 0002:00016a90       ?blockSize@IceKey@@QBEHXZ  10066a90 f   mathlib:IceKey.obj
 0002:00016ad0       ?CompareAdr@netadr_s@@QBE_NABU1@_N@Z 10066ad0 f   tier1:NetAdr.obj
 0002:00016be0       ?CompareClassBAdr@netadr_s@@QBE_NABU1@@Z 10066be0 f   tier1:NetAdr.obj
 0002:00016c80       ?CompareClassCAdr@netadr_s@@QBE_NABU1@@Z 10066c80 f   tier1:NetAdr.obj
 0002:00016d30       ?IsReservedAdr@netadr_s@@QBE_NXZ 10066d30 f   tier1:NetAdr.obj
 0002:00016e00       ?ToString@netadr_s@@QBEPBD_N@Z 10066e00 f   tier1:NetAdr.obj
 0002:00016f70       ?IsLocalhost@netadr_s@@QBE_NXZ 10066f70 f   tier1:NetAdr.obj
 0002:00017010       ?IsLoopback@netadr_s@@QBE_NXZ 10067010 f   tier1:NetAdr.obj
 0002:00017060       ?Clear@netadr_s@@QAEXXZ    10067060 f   tier1:NetAdr.obj
 0002:000170d0       ?SetIP@netadr_s@@QAEXEEEE@Z 100670d0 f   tier1:NetAdr.obj
 0002:00017140       ?SetIP@netadr_s@@QAEXI@Z   10067140 f   tier1:NetAdr.obj
 0002:000171a0       ?SetType@netadr_s@@QAEXW4netadrtype_t@@@Z 100671a0 f   tier1:NetAdr.obj
 0002:000171f0       ?GetType@netadr_s@@QBE?AW4netadrtype_t@@XZ 100671f0 f   tier1:NetAdr.obj
 0002:00017230       ?GetPort@netadr_s@@QBEGXZ  10067230 f   tier1:NetAdr.obj
 0002:00017290       ?GetIP@netadr_s@@QBEIXZ    10067290 f   tier1:NetAdr.obj
 0002:000172d0       ?addr_ntohl@netadr_s@@QBEKXZ 100672d0 f   tier1:NetAdr.obj
 0002:00017330       ?addr_htonl@netadr_s@@QBEKXZ 10067330 f   tier1:NetAdr.obj
 0002:00017390       ?ToSockadr@netadr_s@@QBEXPAUsockaddr@@@Z 10067390 f   tier1:NetAdr.obj
 0002:000174a0       ?SetFromSockadr@netadr_s@@QAE_NPBUsockaddr@@@Z 100674a0 f   tier1:NetAdr.obj
 0002:00017540       ?IsValid@netadr_s@@QBE_NXZ 10067540 f   tier1:NetAdr.obj
 0002:000175f0       ?SetPort@netadr_s@@QAEXG@Z 100675f0 f   tier1:NetAdr.obj
 0002:00017650       ?SetFromString@netadr_s@@QAEXPBD_N@Z 10067650 f   tier1:NetAdr.obj
 0002:000179e0       ?strchr@@YAPADPADH@Z       100679e0 f i tier1:NetAdr.obj
 0002:00017a40       ??Mnetadr_s@@QBE_NABU0@@Z  10067a40 f   tier1:NetAdr.obj
 0002:00017ad0       ?SetFromSocket@netadr_s@@QAEXH@Z 10067ad0 f   tier1:NetAdr.obj
 0002:00017bc0       ??$DWordSwapAsm@I@@YAII@Z  10067bc0 f i tier1:NetAdr.obj
 0002:00017c10       ??$WordSwapAsm@G@@YAGG@Z   10067c10 f i tier1:NetAdr.obj
 0002:00017c60       ?Initialize@CUtlSymbol@@KAXXZ 10067c60 f   tier1:utlsymbol.obj
 0002:00017e10       ??0CUtlSymbolTableMT@@QAE@HH_N@Z 10067e10 f i tier1:utlsymbol.obj
 0002:00017e90       ?CurrTable@CUtlSymbol@@KAPAVCUtlSymbolTableMT@@XZ 10067e90 f   tier1:utlsymbol.obj
 0002:00017ee0       ??0CUtlSymbol@@QAE@PBD@Z   10067ee0 f   tier1:utlsymbol.obj
 0002:00017f60       ??BCUtlSymbol@@QBE?BGXZ    10067f60 f i tier1:utlsymbol.obj
 0002:00017fa0       ?AddString@CUtlSymbolTableMT@@QAE?AVCUtlSymbol@@PBD@Z 10067fa0 f i tier1:utlsymbol.obj
 0002:00018080       ?String@CUtlSymbol@@QBEPBDXZ 10068080 f   tier1:utlsymbol.obj
 0002:000180f0       ??0CUtlSymbol@@QAE@G@Z     100680f0 f i tier1:utlsymbol.obj
 0002:00018140       ?String@CUtlSymbolTableMT@@QBEPBDVCUtlSymbol@@@Z 10068140 f i tier1:utlsymbol.obj
 0002:000181e0       ?DisableStaticSymbolTable@CUtlSymbol@@SAXXZ 100681e0 f   tier1:utlsymbol.obj
 0002:00018220       ??8CUtlSymbol@@QBE_NPBD@Z  10068220 f   tier1:utlsymbol.obj
 0002:000182a0       ??RCLess@CUtlSymbolTable@@QBE_NABVCStringPoolIndex@1@0@Z 100682a0 f   tier1:utlsymbol.obj
 0002:00018410       ??0CStringPoolIndex@CUtlSymbolTable@@QAE@GG@Z 10068410 f i tier1:utlsymbol.obj
 0002:00018470       ??8CStringPoolIndex@CUtlSymbolTable@@QBE_NABV01@@Z 10068470 f i tier1:utlsymbol.obj
 0002:00018500       ?StringFromIndex@CUtlSymbolTable@@ABEPBDABVCStringPoolIndex@1@@Z 10068500 f i tier1:utlsymbol.obj
 0002:00018780       ??0CUtlSymbolTable@@QAE@HH_N@Z 10068780 f   tier1:utlsymbol.obj
 0002:00018800       ??0CTree@CUtlSymbolTable@@QAE@HH@Z 10068800 f i tier1:utlsymbol.obj
 0002:00018880       ??0CLess@CUtlSymbolTable@@QAE@H@Z 10068880 f i tier1:utlsymbol.obj
 0002:000188c0       ??1CUtlSymbolTable@@QAE@XZ 100688c0 f   tier1:utlsymbol.obj
 0002:00018930       ??1CTree@CUtlSymbolTable@@QAE@XZ 10068930 f i tier1:utlsymbol.obj
 0002:00018980       ?Find@CUtlSymbolTable@@QBE?AVCUtlSymbol@@PBD@Z 10068980 f   tier1:utlsymbol.obj
 0002:00018a40       ?FindPoolWithSpace@CUtlSymbolTable@@ABEHH@Z 10068a40 f   tier1:utlsymbol.obj
 0002:00018af0       ?AddString@CUtlSymbolTable@@QAE?AVCUtlSymbol@@PBD@Z 10068af0 f   tier1:utlsymbol.obj
 0002:00018e70       ?IsValid@CUtlSymbol@@QBE_NXZ 10068e70 f i tier1:utlsymbol.obj
 0002:00018ec0       ??0CStringPoolIndex@CUtlSymbolTable@@QAE@XZ 10068ec0 f i tier1:utlsymbol.obj
 0002:00018f00       ?String@CUtlSymbolTable@@QBEPBDVCUtlSymbol@@@Z 10068f00 f   tier1:utlsymbol.obj
 0002:00019090       ?RemoveAll@CUtlSymbolTable@@QAEXXZ 10069090 f   tier1:utlsymbol.obj
 0002:00019160       ?FindOrAddFileName@CUtlFilenameSymbolTable@@QAEPAXPBD@Z 10069160 f   tier1:utlsymbol.obj
 0002:00019410       ??0FileNameHandleInternal_t@CUtlFilenameSymbolTable@@QAE@XZ 10069410 f i tier1:utlsymbol.obj
 0002:00019460       ?FindFileName@CUtlFilenameSymbolTable@@QAEPAXPBD@Z 10069460 f   tier1:utlsymbol.obj
 0002:00019690       ?String@CUtlFilenameSymbolTable@@QAE_NABQAXPADH@Z 10069690 f   tier1:utlsymbol.obj
 0002:000197b0       ?RemoveAll@CUtlFilenameSymbolTable@@QAEXXZ 100697b0 f   tier1:utlsymbol.obj
 0002:00019800       ?SpewStrings@CUtlFilenameSymbolTable@@QAEXXZ 10069800 f   tier1:utlsymbol.obj
 0002:00019890       ??0?$CUtlRBTree@VCStringPoolIndex@CUtlSymbolTable@@GVCLess@2@V?$CUtlMemory@U?$UtlRBTreeNode_t@VCStringPoolIndex@CUtlSymbolTable@@G@@G@@@@QAE@HHABVCLess@CUtlSymbolTable@@@Z 10069890 f i tier1:utlsymbol.obj
 0002:00019940       ??1?$CUtlRBTree@VCStringPoolIndex@CUtlSymbolTable@@GVCLess@2@V?$CUtlMemory@U?$UtlRBTreeNode_t@VCStringPoolIndex@CUtlSymbolTable@@G@@G@@@@QAE@XZ 10069940 f i tier1:utlsymbol.obj
 0002:000199a0       ??A?$CUtlRBTree@VCStringPoolIndex@CUtlSymbolTable@@GVCLess@2@V?$CUtlMemory@U?$UtlRBTreeNode_t@VCStringPoolIndex@CUtlSymbolTable@@G@@G@@@@QBEABVCStringPoolIndex@CUtlSymbolTable@@G@Z 100699a0 f i tier1:utlsymbol.obj
 0002:00019a00       ?IsValidIndex@?$CUtlRBTree@VCStringPoolIndex@CUtlSymbolTable@@GVCLess@2@V?$CUtlMemory@U?$UtlRBTreeNode_t@VCStringPoolIndex@CUtlSymbolTable@@G@@G@@@@QBE_NG@Z 10069a00 f i tier1:utlsymbol.obj
 0002:00019ac0       ?Insert@?$CUtlRBTree@VCStringPoolIndex@CUtlSymbolTable@@GVCLess@2@V?$CUtlMemory@U?$UtlRBTreeNode_t@VCStringPoolIndex@CUtlSymbolTable@@G@@G@@@@QAEGABVCStringPoolIndex@CUtlSymbolTable@@@Z 10069ac0 f i tier1:utlsymbol.obj
 0002:00019bc0       ?Find@?$CUtlRBTree@VCStringPoolIndex@CUtlSymbolTable@@GVCLess@2@V?$CUtlMemory@U?$UtlRBTreeNode_t@VCStringPoolIndex@CUtlSymbolTable@@G@@G@@@@QBEGABVCStringPoolIndex@CUtlSymbolTable@@@Z 10069bc0 f i tier1:utlsymbol.obj
 0002:00019db0       ??7CLess@CUtlSymbolTable@@QBE_NXZ 10069db0 f i tier1:utlsymbol.obj
 0002:00019df0       ?Purge@?$CUtlRBTree@VCStringPoolIndex@CUtlSymbolTable@@GVCLess@2@V?$CUtlMemory@U?$UtlRBTreeNode_t@VCStringPoolIndex@CUtlSymbolTable@@G@@G@@@@QAEXXZ 10069df0 f i tier1:utlsymbol.obj
 0002:00019e80       ??0?$CUtlVector@PAUStringPool_t@CUtlSymbolTable@@V?$CUtlMemory@PAUStringPool_t@CUtlSymbolTable@@H@@@@QAE@HH@Z 10069e80 f i tier1:utlsymbol.obj
 0002:00019f00       ??1?$CUtlVector@PAUStringPool_t@CUtlSymbolTable@@V?$CUtlMemory@PAUStringPool_t@CUtlSymbolTable@@H@@@@QAE@XZ 10069f00 f i tier1:utlsymbol.obj
 0002:00019f60       ??A?$CUtlVector@PAUStringPool_t@CUtlSymbolTable@@V?$CUtlMemory@PAUStringPool_t@CUtlSymbolTable@@H@@@@QBEABQAUStringPool_t@CUtlSymbolTable@@H@Z 10069f60 f i tier1:utlsymbol.obj
 0002:00019fc0       ??A?$CUtlVector@PAUStringPool_t@CUtlSymbolTable@@V?$CUtlMemory@PAUStringPool_t@CUtlSymbolTable@@H@@@@QAEAAPAUStringPool_t@CUtlSymbolTable@@H@Z 10069fc0 f i tier1:utlsymbol.obj
 0002:0001a020       ?Count@?$CUtlVector@PAUStringPool_t@CUtlSymbolTable@@V?$CUtlMemory@PAUStringPool_t@CUtlSymbolTable@@H@@@@QBEHXZ 1006a020 f i tier1:utlsymbol.obj
 0002:0001a060       ?AddToTail@?$CUtlVector@PAUStringPool_t@CUtlSymbolTable@@V?$CUtlMemory@PAUStringPool_t@CUtlSymbolTable@@H@@@@QAEHABQAUStringPool_t@CUtlSymbolTable@@@Z 1006a060 f i tier1:utlsymbol.obj
 0002:0001a1f0       ?RemoveAll@?$CUtlVector@PAUStringPool_t@CUtlSymbolTable@@V?$CUtlMemory@PAUStringPool_t@CUtlSymbolTable@@H@@@@QAEXXZ 1006a1f0 f i tier1:utlsymbol.obj
 0002:0001a280       ?ResetDbgInfo@?$CUtlRBTree@VCStringPoolIndex@CUtlSymbolTable@@GVCLess@2@V?$CUtlMemory@U?$UtlRBTreeNode_t@VCStringPoolIndex@CUtlSymbolTable@@G@@G@@@@IAEXXZ 1006a280 f i tier1:utlsymbol.obj
 0002:0001a2e0       ?IsIdxAfter@?$CUtlMemory@U?$UtlRBTreeNode_t@VCStringPoolIndex@CUtlSymbolTable@@G@@G@@QBE_NGABVIterator_t@1@@Z 1006a2e0 f i tier1:utlsymbol.obj
 0002:0001a330       ?InvalidIterator@?$CUtlMemory@U?$UtlRBTreeNode_t@VCStringPoolIndex@CUtlSymbolTable@@G@@G@@QBE?AVIterator_t@1@XZ 1006a330 f i tier1:utlsymbol.obj
 0002:0001a390       ?Base@?$CUtlVector@PAUStringPool_t@CUtlSymbolTable@@V?$CUtlMemory@PAUStringPool_t@CUtlSymbolTable@@H@@@@QAEPAPAUStringPool_t@CUtlSymbolTable@@XZ 1006a390 f i tier1:utlsymbol.obj
 0002:0001a3e0       ?ResetDbgInfo@?$CUtlVector@PAUStringPool_t@CUtlSymbolTable@@V?$CUtlMemory@PAUStringPool_t@CUtlSymbolTable@@H@@@@IAEXXZ 1006a3e0 f i tier1:utlsymbol.obj
 0002:0001a440       ?InvalidIndex@?$CUtlMemory@U?$UtlRBTreeNode_t@VCStringPoolIndex@CUtlSymbolTable@@G@@G@@SAGXZ 1006a440 f i tier1:utlsymbol.obj
 0002:0001a480       ??0Iterator_t@?$CUtlMemory@U?$UtlRBTreeNode_t@VCStringPoolIndex@CUtlSymbolTable@@G@@G@@QAE@G@Z 1006a480 f i tier1:utlsymbol.obj
 0002:0001a4d0       ??0?$CUtlMemory@U?$UtlRBTreeNode_t@VCStringPoolIndex@CUtlSymbolTable@@G@@G@@QAE@HH@Z 1006a4d0 f i tier1:utlsymbol.obj
 0002:0001a700       ??1?$CUtlMemory@U?$UtlRBTreeNode_t@VCStringPoolIndex@CUtlSymbolTable@@G@@G@@QAE@XZ 1006a700 f i tier1:utlsymbol.obj
 0002:0001a750       ?IsIdxValid@?$CUtlMemory@U?$UtlRBTreeNode_t@VCStringPoolIndex@CUtlSymbolTable@@G@@G@@QBE_NG@Z 1006a750 f i tier1:utlsymbol.obj
 0002:0001a7d0       ?Base@?$CUtlMemory@U?$UtlRBTreeNode_t@VCStringPoolIndex@CUtlSymbolTable@@G@@G@@QAEPAU?$UtlRBTreeNode_t@VCStringPoolIndex@CUtlSymbolTable@@G@@XZ 1006a7d0 f i tier1:utlsymbol.obj
 0002:0001a910       ?Purge@?$CUtlMemory@U?$UtlRBTreeNode_t@VCStringPoolIndex@CUtlSymbolTable@@G@@G@@QAEXXZ 1006a910 f i tier1:utlsymbol.obj
 0002:0001a9c0       ?Element@?$CUtlRBTree@VCStringPoolIndex@CUtlSymbolTable@@GVCLess@2@V?$CUtlMemory@U?$UtlRBTreeNode_t@VCStringPoolIndex@CUtlSymbolTable@@G@@G@@@@QBEABVCStringPoolIndex@CUtlSymbolTable@@G@Z 1006a9c0 f i tier1:utlsymbol.obj
 0002:0001aa20       ?Element@?$CUtlRBTree@VCStringPoolIndex@CUtlSymbolTable@@GVCLess@2@V?$CUtlMemory@U?$UtlRBTreeNode_t@VCStringPoolIndex@CUtlSymbolTable@@G@@G@@@@QAEAAVCStringPoolIndex@CUtlSymbolTable@@G@Z 1006aa20 f i tier1:utlsymbol.obj
 0002:0001aa80       ?LeftChild@?$CUtlRBTree@VCStringPoolIndex@CUtlSymbolTable@@GVCLess@2@V?$CUtlMemory@U?$UtlRBTreeNode_t@VCStringPoolIndex@CUtlSymbolTable@@G@@G@@@@QBEGG@Z 1006aa80 f i tier1:utlsymbol.obj
 0002:0001aae0       ?RightChild@?$CUtlRBTree@VCStringPoolIndex@CUtlSymbolTable@@GVCLess@2@V?$CUtlMemory@U?$UtlRBTreeNode_t@VCStringPoolIndex@CUtlSymbolTable@@G@@G@@@@QBEGG@Z 1006aae0 f i tier1:utlsymbol.obj
 0002:0001ab40       ?InvalidIndex@?$CUtlRBTree@VCStringPoolIndex@CUtlSymbolTable@@GVCLess@2@V?$CUtlMemory@U?$UtlRBTreeNode_t@VCStringPoolIndex@CUtlSymbolTable@@G@@G@@@@SAGXZ 1006ab40 f i tier1:utlsymbol.obj
 0002:0001ab90       ?RemoveAll@?$CUtlRBTree@VCStringPoolIndex@CUtlSymbolTable@@GVCLess@2@V?$CUtlMemory@U?$UtlRBTreeNode_t@VCStringPoolIndex@CUtlSymbolTable@@G@@G@@@@QAEXXZ 1006ab90 f i tier1:utlsymbol.obj
 0002:0001b140       ?InsertAt@?$CUtlRBTree@VCStringPoolIndex@CUtlSymbolTable@@GVCLess@2@V?$CUtlMemory@U?$UtlRBTreeNode_t@VCStringPoolIndex@CUtlSymbolTable@@G@@G@@@@IAEGG_N@Z 1006b140 f i tier1:utlsymbol.obj
 0002:0001b2c0       ?FindInsertionPosition@?$CUtlRBTree@VCStringPoolIndex@CUtlSymbolTable@@GVCLess@2@V?$CUtlMemory@U?$UtlRBTreeNode_t@VCStringPoolIndex@CUtlSymbolTable@@G@@G@@@@IAEXABVCStringPoolIndex@CUtlSymbolTable@@AAGAA_N@Z 1006b2c0 f i tier1:utlsymbol.obj
 0002:0001b4a0       ??0?$CUtlMemory@PAUStringPool_t@CUtlSymbolTable@@H@@QAE@HH@Z 1006b4a0 f i tier1:utlsymbol.obj
 0002:0001b6d0       ??1?$CUtlMemory@PAUStringPool_t@CUtlSymbolTable@@H@@QAE@XZ 1006b6d0 f i tier1:utlsymbol.obj
 0002:0001b720       ??A?$CUtlMemory@PAUStringPool_t@CUtlSymbolTable@@H@@QBEABQAUStringPool_t@CUtlSymbolTable@@H@Z 1006b720 f i tier1:utlsymbol.obj
 0002:0001b870       ??A?$CUtlMemory@PAUStringPool_t@CUtlSymbolTable@@H@@QAEAAPAUStringPool_t@CUtlSymbolTable@@H@Z 1006b870 f i tier1:utlsymbol.obj
 0002:0001bab0       ?Base@?$CUtlMemory@PAUStringPool_t@CUtlSymbolTable@@H@@QAEPAPAUStringPool_t@CUtlSymbolTable@@XZ 1006bab0 f i tier1:utlsymbol.obj
 0002:0001bbf0       ?Element@?$CUtlVector@PAUStringPool_t@CUtlSymbolTable@@V?$CUtlMemory@PAUStringPool_t@CUtlSymbolTable@@H@@@@QAEAAPAUStringPool_t@CUtlSymbolTable@@H@Z 1006bbf0 f i tier1:utlsymbol.obj
 0002:0001bc50       ?InsertBefore@?$CUtlVector@PAUStringPool_t@CUtlSymbolTable@@V?$CUtlMemory@PAUStringPool_t@CUtlSymbolTable@@H@@@@QAEHHABQAUStringPool_t@CUtlSymbolTable@@@Z 1006bc50 f i tier1:utlsymbol.obj
 0002:0001bf10       ?Purge@?$CUtlVector@PAUStringPool_t@CUtlSymbolTable@@V?$CUtlMemory@PAUStringPool_t@CUtlSymbolTable@@H@@@@QAEXXZ 1006bf10 f i tier1:utlsymbol.obj
 0002:0001bf80       ??$CopyConstruct@VCStringPoolIndex@CUtlSymbolTable@@@@YAXPAVCStringPoolIndex@CUtlSymbolTable@@ABV01@@Z 1006bf80 f i tier1:utlsymbol.obj
 0002:0001c020       ??$Destruct@PAUStringPool_t@CUtlSymbolTable@@@@YAXPAPAUStringPool_t@CUtlSymbolTable@@@Z 1006c020 f i tier1:utlsymbol.obj
 0002:0001c080       ?First@?$CUtlMemory@U?$UtlRBTreeNode_t@VCStringPoolIndex@CUtlSymbolTable@@G@@G@@QBE?AVIterator_t@1@XZ 1006c080 f i tier1:utlsymbol.obj
 0002:0001c120       ?Next@?$CUtlMemory@U?$UtlRBTreeNode_t@VCStringPoolIndex@CUtlSymbolTable@@G@@G@@QBE?AVIterator_t@1@ABV21@@Z 1006c120 f i tier1:utlsymbol.obj
 0002:0001c1d0       ?GetIndex@?$CUtlMemory@U?$UtlRBTreeNode_t@VCStringPoolIndex@CUtlSymbolTable@@G@@G@@QBEGABVIterator_t@1@@Z 1006c1d0 f i tier1:utlsymbol.obj
 0002:0001c210       ?ValidateGrowSize@?$CUtlMemory@U?$UtlRBTreeNode_t@VCStringPoolIndex@CUtlSymbolTable@@G@@G@@IAEXXZ 1006c210 f i tier1:utlsymbol.obj
 0002:0001c250       ??8Iterator_t@?$CUtlMemory@U?$UtlRBTreeNode_t@VCStringPoolIndex@CUtlSymbolTable@@G@@G@@QBE_NV01@@Z 1006c250 f i tier1:utlsymbol.obj
 0002:0001c2a0       ??9Iterator_t@?$CUtlMemory@U?$UtlRBTreeNode_t@VCStringPoolIndex@CUtlSymbolTable@@G@@G@@QBE_NV01@@Z 1006c2a0 f i tier1:utlsymbol.obj
 0002:0001c2f0       ?ValidateGrowSize@?$CUtlMemory@PAUStringPool_t@CUtlSymbolTable@@H@@IAEXXZ 1006c2f0 f i tier1:utlsymbol.obj
 0002:0001c330       ??A?$CUtlMemory@U?$UtlRBTreeNode_t@VCStringPoolIndex@CUtlSymbolTable@@G@@G@@QBEABU?$UtlRBTreeNode_t@VCStringPoolIndex@CUtlSymbolTable@@G@@G@Z 1006c330 f i tier1:utlsymbol.obj
 0002:0001c480       ??A?$CUtlMemory@U?$UtlRBTreeNode_t@VCStringPoolIndex@CUtlSymbolTable@@G@@G@@QAEAAU?$UtlRBTreeNode_t@VCStringPoolIndex@CUtlSymbolTable@@G@@G@Z 1006c480 f i tier1:utlsymbol.obj
 0002:0001c6c0       ?IsExternallyAllocated@?$CUtlMemory@U?$UtlRBTreeNode_t@VCStringPoolIndex@CUtlSymbolTable@@G@@G@@QBE_NXZ 1006c6c0 f i tier1:utlsymbol.obj
 0002:0001c710       ?IsReadOnly@?$CUtlMemory@U?$UtlRBTreeNode_t@VCStringPoolIndex@CUtlSymbolTable@@G@@G@@QBE_NXZ 1006c710 f i tier1:utlsymbol.obj
 0002:0001c760       ?IsValid@?$CUtlRBTree@VCStringPoolIndex@CUtlSymbolTable@@GVCLess@2@V?$CUtlMemory@U?$UtlRBTreeNode_t@VCStringPoolIndex@CUtlSymbolTable@@G@@G@@@@QBE_NXZ 1006c760 f i tier1:utlsymbol.obj
 0002:0001c850       ?Count@?$CUtlRBTree@VCStringPoolIndex@CUtlSymbolTable@@GVCLess@2@V?$CUtlMemory@U?$UtlRBTreeNode_t@VCStringPoolIndex@CUtlSymbolTable@@G@@G@@@@QBEIXZ 1006c850 f i tier1:utlsymbol.obj
 0002:0001c890       ?NewNode@?$CUtlRBTree@VCStringPoolIndex@CUtlSymbolTable@@GVCLess@2@V?$CUtlMemory@U?$UtlRBTreeNode_t@VCStringPoolIndex@CUtlSymbolTable@@G@@G@@@@QAEGXZ 1006c890 f i tier1:utlsymbol.obj
 0002:0001cec0       ?SetLeftChild@?$CUtlRBTree@VCStringPoolIndex@CUtlSymbolTable@@GVCLess@2@V?$CUtlMemory@U?$UtlRBTreeNode_t@VCStringPoolIndex@CUtlSymbolTable@@G@@G@@@@IAEXGG@Z 1006cec0 f i tier1:utlsymbol.obj
 0002:0001cf20       ?SetRightChild@?$CUtlRBTree@VCStringPoolIndex@CUtlSymbolTable@@GVCLess@2@V?$CUtlMemory@U?$UtlRBTreeNode_t@VCStringPoolIndex@CUtlSymbolTable@@G@@G@@@@IAEXGG@Z 1006cf20 f i tier1:utlsymbol.obj
 0002:0001cf90       ?LinkToParent@?$CUtlRBTree@VCStringPoolIndex@CUtlSymbolTable@@GVCLess@2@V?$CUtlMemory@U?$UtlRBTreeNode_t@VCStringPoolIndex@CUtlSymbolTable@@G@@G@@@@IAEXGG_N@Z 1006cf90 f i tier1:utlsymbol.obj
 0002:0001d0a0       ?Links@?$CUtlRBTree@VCStringPoolIndex@CUtlSymbolTable@@GVCLess@2@V?$CUtlMemory@U?$UtlRBTreeNode_t@VCStringPoolIndex@CUtlSymbolTable@@G@@G@@@@IBEABU?$UtlRBTreeLinks_t@G@@G@Z 1006d0a0 f i tier1:utlsymbol.obj
 0002:0001d190       ?IsIdxValid@?$CUtlMemory@PAUStringPool_t@CUtlSymbolTable@@H@@QBE_NH@Z 1006d190 f i tier1:utlsymbol.obj
 0002:0001d200       ?Purge@?$CUtlMemory@PAUStringPool_t@CUtlSymbolTable@@H@@QAEXXZ 1006d200 f i tier1:utlsymbol.obj
 0002:0001d2b0       ?IsReadOnly@?$CUtlMemory@PAUStringPool_t@CUtlSymbolTable@@H@@QBE_NXZ 1006d2b0 f i tier1:utlsymbol.obj
 0002:0001d300       ?IsValidIndex@?$CUtlVector@PAUStringPool_t@CUtlSymbolTable@@V?$CUtlMemory@PAUStringPool_t@CUtlSymbolTable@@H@@@@QBE_NH@Z 1006d300 f i tier1:utlsymbol.obj
 0002:0001d370       ?GrowVector@?$CUtlVector@PAUStringPool_t@CUtlSymbolTable@@V?$CUtlMemory@PAUStringPool_t@CUtlSymbolTable@@H@@@@IAEXH@Z 1006d370 f i tier1:utlsymbol.obj
 0002:0001d490       ?ShiftElementsRight@?$CUtlVector@PAUStringPool_t@CUtlSymbolTable@@V?$CUtlMemory@PAUStringPool_t@CUtlSymbolTable@@H@@@@IAEXHH@Z 1006d490 f i tier1:utlsymbol.obj
 0002:0001d650       ??$Destruct@VCStringPoolIndex@CUtlSymbolTable@@@@YAXPAVCStringPoolIndex@CUtlSymbolTable@@@Z 1006d650 f i tier1:utlsymbol.obj
 0002:0001d6b0       ??$CopyConstruct@PAUStringPool_t@CUtlSymbolTable@@@@YAXPAPAUStringPool_t@CUtlSymbolTable@@ABQAU01@@Z 1006d6b0 f i tier1:utlsymbol.obj
 0002:0001d750       ?IsValidIterator@?$CUtlMemory@U?$UtlRBTreeNode_t@VCStringPoolIndex@CUtlSymbolTable@@G@@G@@QBE_NABVIterator_t@1@@Z 1006d750 f i tier1:utlsymbol.obj
 0002:0001d7b0       ?Grow@?$CUtlMemory@U?$UtlRBTreeNode_t@VCStringPoolIndex@CUtlSymbolTable@@G@@G@@QAEXH@Z 1006d7b0 f i tier1:utlsymbol.obj
 0002:0001dee0       ?Root@?$CUtlRBTree@VCStringPoolIndex@CUtlSymbolTable@@GVCLess@2@V?$CUtlMemory@U?$UtlRBTreeNode_t@VCStringPoolIndex@CUtlSymbolTable@@G@@G@@@@QBEGXZ 1006dee0 f i tier1:utlsymbol.obj
 0002:0001df20       ?Parent@?$CUtlRBTree@VCStringPoolIndex@CUtlSymbolTable@@GVCLess@2@V?$CUtlMemory@U?$UtlRBTreeNode_t@VCStringPoolIndex@CUtlSymbolTable@@G@@G@@@@QBEGG@Z 1006df20 f i tier1:utlsymbol.obj
 0002:0001df80       ?Links@?$CUtlRBTree@VCStringPoolIndex@CUtlSymbolTable@@GVCLess@2@V?$CUtlMemory@U?$UtlRBTreeNode_t@VCStringPoolIndex@CUtlSymbolTable@@G@@G@@@@IAEAAU?$UtlRBTreeLinks_t@G@@G@Z 1006df80 f i tier1:utlsymbol.obj
 0002:0001e0d0       ?InsertRebalance@?$CUtlRBTree@VCStringPoolIndex@CUtlSymbolTable@@GVCLess@2@V?$CUtlMemory@U?$UtlRBTreeNode_t@VCStringPoolIndex@CUtlSymbolTable@@G@@G@@@@IAEXG@Z 1006e0d0 f i tier1:utlsymbol.obj
 0002:0001e3e0       ?NumAllocated@?$CUtlMemory@PAUStringPool_t@CUtlSymbolTable@@H@@QBEHXZ 1006e3e0 f i tier1:utlsymbol.obj
 0002:0001e420       ?Grow@?$CUtlMemory@PAUStringPool_t@CUtlSymbolTable@@H@@QAEXH@Z 1006e420 f i tier1:utlsymbol.obj
 0002:0001eb40       ?IsExternallyAllocated@?$CUtlMemory@PAUStringPool_t@CUtlSymbolTable@@H@@QBE_NXZ 1006eb40 f i tier1:utlsymbol.obj
 0002:0001eb90       ??$Construct@VCStringPoolIndex@CUtlSymbolTable@@@@YAXPAVCStringPoolIndex@CUtlSymbolTable@@@Z 1006eb90 f i tier1:utlsymbol.obj
 0002:0001ec20       ?IsLeftChild@?$CUtlRBTree@VCStringPoolIndex@CUtlSymbolTable@@GVCLess@2@V?$CUtlMemory@U?$UtlRBTreeNode_t@VCStringPoolIndex@CUtlSymbolTable@@G@@G@@@@QBE_NG@Z 1006ec20 f i tier1:utlsymbol.obj
 0002:0001eca0       ?IsRightChild@?$CUtlRBTree@VCStringPoolIndex@CUtlSymbolTable@@GVCLess@2@V?$CUtlMemory@U?$UtlRBTreeNode_t@VCStringPoolIndex@CUtlSymbolTable@@G@@G@@@@QBE_NG@Z 1006eca0 f i tier1:utlsymbol.obj
 0002:0001ed20       ?IsRoot@?$CUtlRBTree@VCStringPoolIndex@CUtlSymbolTable@@GVCLess@2@V?$CUtlMemory@U?$UtlRBTreeNode_t@VCStringPoolIndex@CUtlSymbolTable@@G@@G@@@@QBE_NG@Z 1006ed20 f i tier1:utlsymbol.obj
 0002:0001ed70       ?IsRed@?$CUtlRBTree@VCStringPoolIndex@CUtlSymbolTable@@GVCLess@2@V?$CUtlMemory@U?$UtlRBTreeNode_t@VCStringPoolIndex@CUtlSymbolTable@@G@@G@@@@IBE_NG@Z 1006ed70 f i tier1:utlsymbol.obj
 0002:0001ede0       ?Color@?$CUtlRBTree@VCStringPoolIndex@CUtlSymbolTable@@GVCLess@2@V?$CUtlMemory@U?$UtlRBTreeNode_t@VCStringPoolIndex@CUtlSymbolTable@@G@@G@@@@IBE?AW4NodeColor_t@1@G@Z 1006ede0 f i tier1:utlsymbol.obj
 0002:0001ee40       ?SetColor@?$CUtlRBTree@VCStringPoolIndex@CUtlSymbolTable@@GVCLess@2@V?$CUtlMemory@U?$UtlRBTreeNode_t@VCStringPoolIndex@CUtlSymbolTable@@G@@G@@@@IAEXGW4NodeColor_t@1@@Z 1006ee40 f i tier1:utlsymbol.obj
 0002:0001eeb0       ?RotateLeft@?$CUtlRBTree@VCStringPoolIndex@CUtlSymbolTable@@GVCLess@2@V?$CUtlMemory@U?$UtlRBTreeNode_t@VCStringPoolIndex@CUtlSymbolTable@@G@@G@@@@IAEXG@Z 1006eeb0 f i tier1:utlsymbol.obj
 0002:0001f080       ?RotateRight@?$CUtlRBTree@VCStringPoolIndex@CUtlSymbolTable@@GVCLess@2@V?$CUtlMemory@U?$UtlRBTreeNode_t@VCStringPoolIndex@CUtlSymbolTable@@G@@G@@@@IAEXG@Z 1006f080 f i tier1:utlsymbol.obj
 0002:0001f250       ?SetParent@?$CUtlRBTree@VCStringPoolIndex@CUtlSymbolTable@@GVCLess@2@V?$CUtlMemory@U?$UtlRBTreeNode_t@VCStringPoolIndex@CUtlSymbolTable@@G@@G@@@@IAEXGG@Z 1006f250 f i tier1:utlsymbol.obj
 0002:0001f2c0       ??1CCleanupUtlSymbolTable@@QAE@XZ 1006f2c0 f i tier1:utlsymbol.obj
 0002:0001f360       ??_GCUtlSymbolTableMT@@QAEPAXI@Z 1006f360 f i tier1:utlsymbol.obj
 0002:0001f3d0       ??1CUtlSymbolTableMT@@QAE@XZ 1006f3d0 f i tier1:utlsymbol.obj
 0002:0001f420       ?_V_memset@@YAXPBDHPAXHH@Z 1006f420 f   tier1:strtools.obj
 0002:0001f580       ?_V_memcpy@@YAXPBDHPAXPBXH@Z 1006f580 f   tier1:strtools.obj
 0002:0001f6f0       ?_V_memmove@@YAXPBDHPAXPBXH@Z 1006f6f0 f   tier1:strtools.obj
 0002:0001f860       ?_V_memcmp@@YAHPBDHPBX1H@Z 1006f860 f   tier1:strtools.obj
 0002:0001f9d0       ?_V_strlen@@YAHPBDH0@Z     1006f9d0 f   tier1:strtools.obj
 0002:0001fa40       ?_V_strcpy@@YAXPBDHPAD0@Z  1006fa40 f   tier1:strtools.obj
 0002:0001fad0       ?_V_wcslen@@YAHPBDHPB_W@Z  1006fad0 f   tier1:strtools.obj
 0002:0001fb20       ?_V_strrchr@@YAPADPBDH0D@Z 1006fb20 f   tier1:strtools.obj
 0002:0001fc00       ?_V_strcmp@@YAHPBDH00@Z    1006fc00 f   tier1:strtools.obj
 0002:0001fca0       ?_V_wcscmp@@YAHPBDHPB_W1@Z 1006fca0 f   tier1:strtools.obj
 0002:0001fd30       ?_V_stricmp@@YAHPBDH00@Z   1006fd30 f   tier1:strtools.obj
 0002:0001fdd0       ?_V_strstr@@YAPADPBDH00@Z  1006fdd0 f   tier1:strtools.obj
 0002:0001fe70       ?_V_strupr@@YAPADPBDHPAD@Z 1006fe70 f   tier1:strtools.obj
 0002:0001fee0       ?_V_strlower@@YAPADPBDHPAD@Z 1006fee0 f   tier1:strtools.obj
 0002:0001ff50       ?V_strncmp@@YAHPBD0H@Z     1006ff50 f   tier1:strtools.obj
 0002:00020160       ?V_strnlwr@@YAPADPADI@Z    10070160 f   tier1:strtools.obj
 0002:00020320       ?V_strncasecmp@@YAHPBD0H@Z 10070320 f   tier1:strtools.obj
 0002:00020580       ?V_strcasecmp@@YAHPBD0@Z   10070580 f   tier1:strtools.obj
 0002:00020620       ?V_strnicmp@@YAHPBD0H@Z    10070620 f   tier1:strtools.obj
 0002:000207b0       ?StringAfterPrefix@@YAPBDPBD0@Z 100707b0 f   tier1:strtools.obj
 0002:000208b0       ?StringAfterPrefixCaseSensitive@@YAPBDPBD0@Z 100708b0 f   tier1:strtools.obj
 0002:000209a0       ?V_atoi@@YAHPBD@Z          100709a0 f   tier1:strtools.obj
 0002:00020c80       ?V_atof@@YAMPBD@Z          10070c80 f   tier1:strtools.obj
 0002:00020f40       ?V_normalizeFloatString@@YAXPAD@Z 10070f40 f   tier1:strtools.obj
 0002:00021030       ?V_stristr@@YAPBDPBD0@Z    10071030 f   tier1:strtools.obj
 0002:000211c0       ?V_stristr@@YAPADPADPBD@Z  100711c0 f   tier1:strtools.obj
 0002:00021260       ?V_strnistr@@YAPBDPBD0H@Z  10071260 f   tier1:strtools.obj
 0002:00021430       ?V_strnchr@@YAPBDPBDDH@Z   10071430 f   tier1:strtools.obj
 0002:000214b0       ?V_strncpy@@YAXPADPBDH@Z   100714b0 f   tier1:strtools.obj
 0002:00021650       ?V_wcsncpy@@YAXPA_WPB_WH@Z 10071650 f   tier1:strtools.obj
 0002:000217e0       ?V_snprintf@@YAHPADHPBDZZ  100717e0 f   tier1:strtools.obj
 0002:000219a0       ?V_vsnprintf@@YAHPADHPBD0@Z 100719a0 f   tier1:strtools.obj
 0002:00021b50       ?V_strncat@@YAPADPADPBDIH@Z 10071b50 f   tier1:strtools.obj
 0002:00021d90       ?V_pretifymem@@YAPADMH_N@Z 10071d90 f   tier1:strtools.obj
 0002:00022130       ?strstr@@YAPADPADPBD@Z     10072130 f i tier1:strtools.obj
 0002:00022190       ?FloatMakePositive@@YAMM@Z 10072190 f i tier1:strtools.obj
 0002:000221e0       ?V_pretifynum@@YAPAD_J@Z   100721e0 f   tier1:strtools.obj
 0002:000226a0       ?V_UTF8ToUnicode@@YAHPBDPA_WH@Z 100726a0 f   tier1:strtools.obj
 0002:00022770       ?V_UnicodeToUTF8@@YAHPB_WPADH@Z 10072770 f   tier1:strtools.obj
 0002:00022830       ?V_hextobinary@@YAXPBDHPAEH@Z 10072830 f   tier1:strtools.obj
 0002:00022b00       ?V_binarytohex@@YAXPBEHPADH@Z 10072b00 f   tier1:strtools.obj
 0002:00022ce0       ?V_FileBase@@YAXPBDPADH@Z  10072ce0 f   tier1:strtools.obj
 0002:000231a0       ?V_StripTrailingSlash@@YAXPAD@Z 100731a0 f   tier1:strtools.obj
 0002:00023330       ?V_StripExtension@@YAXPBDPADH@Z 10073330 f   tier1:strtools.obj
 0002:000234a0       ?V_DefaultExtension@@YAXPADPBDH@Z 100734a0 f   tier1:strtools.obj
 0002:00023940       ?V_SetExtension@@YAXPADPBDH@Z 10073940 f   tier1:strtools.obj
 0002:000239b0       ?V_StripFilename@@YAXPAD@Z 100739b0 f   tier1:strtools.obj
 0002:00023a70       ?V_FixSlashes@@YAXPADD@Z   10073a70 f   tier1:strtools.obj
 0002:00023ae0       ?V_FixDoubleSlashes@@YAXPAD@Z 10073ae0 f   tier1:strtools.obj
 0002:00023c00       ?V_StripLastDir@@YA_NPADH@Z 10073c00 f   tier1:strtools.obj
 0002:00023e80       ?V_UnqualifiedFileName@@YAPBDPBD@Z 10073e80 f   tier1:strtools.obj
 0002:00023f20       ?V_ComposeFileName@@YAXPBD0PADH@Z 10073f20 f   tier1:strtools.obj
 0002:00023fc0       ?V_ExtractFilePath@@YA_NPBDPADH@Z 10073fc0 f   tier1:strtools.obj
 0002:00024200       ?V_ExtractFileExtension@@YAXPBDPADH@Z 10074200 f   tier1:strtools.obj
 0002:00024280       ?V_GetFileExtension@@YAPBDPBD@Z 10074280 f   tier1:strtools.obj
 0002:00024330       ?V_RemoveDotSlashes@@YA_NPADD@Z 10074330 f   tier1:strtools.obj
 0002:00024670       ?V_AppendSlash@@YAXPADH@Z  10074670 f   tier1:strtools.obj
 0002:00024750       ?V_MakeAbsolutePath@@YAXPADHPBD1@Z 10074750 f   tier1:strtools.obj
 0002:000248f0       ?V_MakeRelativePath@@YA_NPBD0PADH@Z 100748f0 f   tier1:strtools.obj
 0002:00024bc0       ?V_IsAbsolutePath@@YA_NPBD@Z 10074bc0 f   tier1:strtools.obj
 0002:00024c90       ?V_StrSubst@@YA_NPBD00PADH_N@Z 10074c90 f   tier1:strtools.obj
 0002:00024f60       ?AllocString@@YAPADPBDH@Z  10074f60 f   tier1:strtools.obj
 0002:00025050       ?V_SplitString2@@YAXPBDPAPBDHAAV?$CUtlVector@PADV?$CUtlMemory@PADH@@@@@Z 10075050 f   tier1:strtools.obj
 0002:000251e0       ?V_SplitString@@YAXPBD0AAV?$CUtlVector@PADV?$CUtlMemory@PADH@@@@@Z 100751e0 f   tier1:strtools.obj
 0002:00025240       ?V_StrSlice@@YAXPBDHHPADH@Z 10075240 f   tier1:strtools.obj
 0002:00025390       ?V_StrLeft@@YAXPBDHPADH@Z  10075390 f   tier1:strtools.obj
 0002:00025410       ?V_StrRight@@YAXPBDHPADH@Z 10075410 f   tier1:strtools.obj
 0002:000254c0       ?V_strtowcs@@YAXPBDHPA_WH@Z 100754c0 f   tier1:strtools.obj
 0002:00025540       ?V_wcstostr@@YAXPB_WHPADH@Z 10075540 f   tier1:strtools.obj
 0002:000255c0       ?V_AddBackSlashesToSpecialChars@@YAPADPBD@Z 100755c0 f   tier1:strtools.obj
 0002:00025780       ?AddToTail@?$CUtlVector@PADV?$CUtlMemory@PADH@@@@QAEHABQAD@Z 10075780 f i tier1:strtools.obj
 0002:00025910       ?Purge@?$CUtlVector@PADV?$CUtlMemory@PADH@@@@QAEXXZ 10075910 f i tier1:strtools.obj
 0002:00025980       ??$AssertValidWritePtr@X@@YAXPAXH@Z 10075980 f i tier1:strtools.obj
 0002:000259e0       ??$AssertValidReadPtr@$$CBX@@YAXPBXH@Z 100759e0 f i tier1:strtools.obj
 0002:00025a40       ??$AssertValidWritePtr@D@@YAXPADH@Z 10075a40 f i tier1:strtools.obj
 0002:00025aa0       ??$AssertValidWritePtr@_W@@YAXPA_WH@Z 10075aa0 f i tier1:strtools.obj
 0002:00025b00       ??$AssertValidReadPtr@$$CB_W@@YAXPB_WH@Z 10075b00 f i tier1:strtools.obj
 0002:00025b60       ?Base@?$CUtlVector@PADV?$CUtlMemory@PADH@@@@QAEPAPADXZ 10075b60 f i tier1:strtools.obj
 0002:00025bb0       ?ResetDbgInfo@?$CUtlVector@PADV?$CUtlMemory@PADH@@@@IAEXXZ 10075bb0 f i tier1:strtools.obj
 0002:00025c10       ?Base@?$CUtlMemory@PADH@@QAEPAPADXZ 10075c10 f i tier1:strtools.obj
 0002:00025d50       ?Purge@?$CUtlMemory@PADH@@QAEXXZ 10075d50 f i tier1:strtools.obj
 0002:00025e00       ?Count@?$CUtlVector@PADV?$CUtlMemory@PADH@@@@QBEHXZ 10075e00 f i tier1:strtools.obj
 0002:00025e40       ?InsertBefore@?$CUtlVector@PADV?$CUtlMemory@PADH@@@@QAEHHABQAD@Z 10075e40 f i tier1:strtools.obj
 0002:00026100       ?RemoveAll@?$CUtlVector@PADV?$CUtlMemory@PADH@@@@QAEXXZ 10076100 f i tier1:strtools.obj
 0002:00026190       ?IsExternallyAllocated@?$CUtlMemory@PADH@@QBE_NXZ 10076190 f i tier1:strtools.obj
 0002:000261e0       ?IsReadOnly@?$CUtlMemory@PADH@@QBE_NXZ 100761e0 f i tier1:strtools.obj
 0002:00026230       ?Element@?$CUtlVector@PADV?$CUtlMemory@PADH@@@@QAEAAPADH@Z 10076230 f i tier1:strtools.obj
 0002:00026290       ?IsValidIndex@?$CUtlVector@PADV?$CUtlMemory@PADH@@@@QBE_NH@Z 10076290 f i tier1:strtools.obj
 0002:00026300       ?GrowVector@?$CUtlVector@PADV?$CUtlMemory@PADH@@@@IAEXH@Z 10076300 f i tier1:strtools.obj
 0002:00026420       ?ShiftElementsRight@?$CUtlVector@PADV?$CUtlMemory@PADH@@@@IAEXHH@Z 10076420 f i tier1:strtools.obj
 0002:000265e0       ??$CopyConstruct@PAD@@YAXPAPADABQAD@Z 100765e0 f i tier1:strtools.obj
 0002:00026680       ??$Destruct@PAD@@YAXPAPAD@Z 10076680 f i tier1:strtools.obj
 0002:000266e0       ??A?$CUtlMemory@PADH@@QAEAAPADH@Z 100766e0 f i tier1:strtools.obj
 0002:00026920       ?NumAllocated@?$CUtlMemory@PADH@@QBEHXZ 10076920 f i tier1:strtools.obj
 0002:00026960       ?Grow@?$CUtlMemory@PADH@@QAEXH@Z 10076960 f i tier1:strtools.obj
 0002:00027080       ?IsIdxValid@?$CUtlMemory@PADH@@QBE_NH@Z 10077080 f i tier1:strtools.obj
 0002:000270f0       ?GetCStringCharConversion@@YAPAVCUtlCharConversion@@XZ 100770f0 f   tier1:utlbuffer.obj
 0002:00027130       ?GetNoEscCharConversion@@YAPAVCUtlCharConversion@@XZ 10077130 f   tier1:utlbuffer.obj
 0002:00027170       ??0CUtlCStringConversion@@QAE@DPBDHPAUConversionArray_t@CUtlCharConversion@@@Z 10077170 f   tier1:utlbuffer.obj
 0002:00027250       ?FindConversion@CUtlCStringConversion@@UAEDPBDPAH@Z 10077250 f   tier1:utlbuffer.obj
 0002:000272c0       ??0CUtlCharConversion@@QAE@DPBDHPAUConversionArray_t@0@@Z 100772c0 f   tier1:utlbuffer.obj
 0002:00027540       ?GetEscapeChar@CUtlCharConversion@@QBEDXZ 10077540 f   tier1:utlbuffer.obj
 0002:00027580       ?GetDelimiter@CUtlCharConversion@@QBEPBDXZ 10077580 f   tier1:utlbuffer.obj
 0002:000275c0       ?GetDelimiterLength@CUtlCharConversion@@QBEHXZ 100775c0 f   tier1:utlbuffer.obj
 0002:00027600       ?GetConversionString@CUtlCharConversion@@QBEPBDD@Z 10077600 f   tier1:utlbuffer.obj
 0002:00027650       ?GetConversionLength@CUtlCharConversion@@QBEHD@Z 10077650 f   tier1:utlbuffer.obj
 0002:000276a0       ?MaxConversionLength@CUtlCharConversion@@QBEHXZ 100776a0 f   tier1:utlbuffer.obj
 0002:000276e0       ?FindConversion@CUtlCharConversion@@UAEDPBDPAH@Z 100776e0 f   tier1:utlbuffer.obj
 0002:000277d0       ??0CUtlBuffer@@QAE@HHH@Z   100777d0 f   tier1:utlbuffer.obj
 0002:000278e0       ??0CByteswap@@QAE@XZ       100778e0 f i tier1:utlbuffer.obj
 0002:00027940       ?IsMachineBigEndian@CByteswap@@SA_NXZ 10077940 f i tier1:utlbuffer.obj
 0002:00027990       ?SetTargetBigEndian@CByteswap@@QAEX_N@Z 10077990 f i tier1:utlbuffer.obj
 0002:00027a30       ?IsReadOnly@CUtlBuffer@@QBE_NXZ 10077a30 f i tier1:utlbuffer.obj
 0002:00027a80       ??0CUtlBuffer@@QAE@PBXHH@Z 10077a80 f   tier1:utlbuffer.obj
 0002:00027c70       ?SetBufferType@CUtlBuffer@@QAEX_N0@Z 10077c70 f   tier1:utlbuffer.obj
 0002:00028070       ?TellMaxPut@CUtlBuffer@@QBEHXZ 10078070 f i tier1:utlbuffer.obj
 0002:000280b0       ?ContainsCRLF@CUtlBuffer@@QBE_NXZ 100780b0 f i tier1:utlbuffer.obj
 0002:00028140       ?SetExternalBuffer@CUtlBuffer@@QAEXPAXHHH@Z 10078140 f   tier1:utlbuffer.obj
 0002:00028200       ?AssumeMemory@CUtlBuffer@@QAEXPAXHHH@Z 10078200 f   tier1:utlbuffer.obj
 0002:000282c0       ?EnsureCapacity@CUtlBuffer@@QAEXH@Z 100782c0 f   tier1:utlbuffer.obj
 0002:00028380       ?IsGrowable@CUtlBuffer@@QBE_NXZ 10078380 f i tier1:utlbuffer.obj
 0002:000283d0       ?Get@CUtlBuffer@@QAEXPAXH@Z 100783d0 f   tier1:utlbuffer.obj
 0002:00028480       ?GetUpTo@CUtlBuffer@@QAEHPAXH@Z 10078480 f   tier1:utlbuffer.obj
 0002:00028530       ?EatWhiteSpace@CUtlBuffer@@QAEXXZ 10078530 f   tier1:utlbuffer.obj
 0002:000285f0       ?IsValid@CUtlBuffer@@QBE_NXZ 100785f0 f i tier1:utlbuffer.obj
 0002:00028640       ?EatCPPComment@CUtlBuffer@@QAE_NXZ 10078640 f   tier1:utlbuffer.obj
 0002:00028750       ?PeekWhiteSpace@CUtlBuffer@@IAEHH@Z 10078750 f   tier1:utlbuffer.obj
 0002:00028820       ?PeekStringLength@CUtlBuffer@@QAEHXZ 10078820 f   tier1:utlbuffer.obj
 0002:00028a30       ?PeekLineLength@CUtlBuffer@@IAEHXZ 10078a30 f   tier1:utlbuffer.obj
 0002:00028bd0       ?PeekStringMatch@CUtlBuffer@@IAE_NHPBDH@Z 10078bd0 f   tier1:utlbuffer.obj
 0002:00028c70       ?PeekDelimitedStringLength@CUtlBuffer@@QAEHPAVCUtlCharConversion@@_N@Z 10078c70 f   tier1:utlbuffer.obj
 0002:00028ef0       ?GetString@CUtlBuffer@@QAEXPADH@Z 10078ef0 f   tier1:utlbuffer.obj
 0002:000291a0       ??0CDbgFmtMsg@@QAA@PBDZZ   100791a0 f i tier1:utlbuffer.obj
 0002:00029220       ??BCDbgFmtMsg@@QBEPBDXZ    10079220 f i tier1:utlbuffer.obj
 0002:00029260       ?GetLine@CUtlBuffer@@QAEXPADH@Z 10079260 f   tier1:utlbuffer.obj
 0002:00029490       ?GetDelimitedCharInternal@CUtlBuffer@@IAEDPAVCUtlCharConversion@@@Z 10079490 f   tier1:utlbuffer.obj
 0002:000295b0       ?GetDelimitedChar@CUtlBuffer@@QAEDPAVCUtlCharConversion@@@Z 100795b0 f   tier1:utlbuffer.obj
 0002:00029630       ?GetDelimitedString@CUtlBuffer@@QAEXPAVCUtlCharConversion@@PADH@Z 10079630 f   tier1:utlbuffer.obj
 0002:000297f0       ?CheckGet@CUtlBuffer@@IAE_NH@Z 100797f0 f   tier1:utlbuffer.obj
 0002:000298f0       ?CheckPeekGet@CUtlBuffer@@IAE_NHH@Z 100798f0 f   tier1:utlbuffer.obj
 0002:00029980       ?CheckArbitraryPeekGet@CUtlBuffer@@IAE_NHAAH@Z 10079980 f   tier1:utlbuffer.obj
 0002:00029aa0       ?TellGet@CUtlBuffer@@QBEHXZ 10079aa0 f i tier1:utlbuffer.obj
 0002:00029ae0       ?PeekGet@CUtlBuffer@@QAEPBXHH@Z 10079ae0 f   tier1:utlbuffer.obj
 0002:00029b70       ?SeekGet@CUtlBuffer@@QAEXW4SeekType_t@1@H@Z 10079b70 f   tier1:utlbuffer.obj
 0002:00029ca0       ?Size@CUtlBuffer@@QBEHXZ   10079ca0 f i tier1:utlbuffer.obj
 0002:00029cf0       ?VaScanf@CUtlBuffer@@QAEHPBDPAD@Z 10079cf0 f   tier1:utlbuffer.obj
 0002:0002a500       ?Scanf@CUtlBuffer@@QAAHPBDZZ 1007a500 f   tier1:utlbuffer.obj
 0002:0002a570       ?GetToken@CUtlBuffer@@QAE_NPBD@Z 1007a570 f   tier1:utlbuffer.obj
 0002:0002a810       ?ParseToken@CUtlBuffer@@QAE_NPBD0PADH@Z 1007a810 f   tier1:utlbuffer.obj
 0002:0002abb0       ?ParseToken@CUtlBuffer@@QAEHPAUcharacterset_t@@PADH_N@Z 1007abb0 f   tier1:utlbuffer.obj
 0002:0002af10       ?Put@CUtlBuffer@@QAEXPBXH@Z 1007af10 f   tier1:utlbuffer.obj
 0002:0002afd0       ?PutString@CUtlBuffer@@QAEXPBD@Z 1007afd0 f   tier1:utlbuffer.obj
 0002:0002b1c0       ?PutDelimitedChar@CUtlBuffer@@QAEXPAVCUtlCharConversion@@D@Z 1007b1c0 f   tier1:utlbuffer.obj
 0002:0002b250       ?PutDelimitedCharInternal@CUtlBuffer@@IAEXPAVCUtlCharConversion@@D@Z 1007b250 f i tier1:utlbuffer.obj
 0002:0002b300       ?PutDelimitedString@CUtlBuffer@@QAEXPAVCUtlCharConversion@@PBD@Z 1007b300 f   tier1:utlbuffer.obj
 0002:0002b480       ?VaPrintf@CUtlBuffer@@QAEXPBDPAD@Z 1007b480 f   tier1:utlbuffer.obj
 0002:0002b640       ?Printf@CUtlBuffer@@QAAXPBDZZ 1007b640 f   tier1:utlbuffer.obj
 0002:0002b6b0       ?SetOverflowFuncs@CUtlBuffer@@IAEXP81@AE_NH@Z0@Z 1007b6b0 f   tier1:utlbuffer.obj
 0002:0002b700       ?OnPutOverflow@CUtlBuffer@@IAE_NH@Z 1007b700 f   tier1:utlbuffer.obj
 0002:0002b770       ?OnGetOverflow@CUtlBuffer@@IAE_NH@Z 1007b770 f   tier1:utlbuffer.obj
 0002:0002b7e0       ?PutOverflow@CUtlBuffer@@IAE_NH@Z 1007b7e0 f   tier1:utlbuffer.obj
 0002:0002b8a0       ?GetOverflow@CUtlBuffer@@IAE_NH@Z 1007b8a0 f   tier1:utlbuffer.obj
 0002:0002b8e0       ?CheckPut@CUtlBuffer@@IAE_NH@Z 1007b8e0 f   tier1:utlbuffer.obj
 0002:0002b9c0       ?SeekPut@CUtlBuffer@@QAEXW4SeekType_t@1@H@Z 1007b9c0 f   tier1:utlbuffer.obj
 0002:0002baa0       ?ActivateByteSwapping@CUtlBuffer@@QAEX_N@Z 1007baa0 f   tier1:utlbuffer.obj
 0002:0002bb00       ?ActivateByteSwapping@CByteswap@@QAEX_N@Z 1007bb00 f i tier1:utlbuffer.obj
 0002:0002bb70       ?SetBigEndian@CUtlBuffer@@QAEX_N@Z 1007bb70 f   tier1:utlbuffer.obj
 0002:0002bbd0       ?IsBigEndian@CUtlBuffer@@QAE_NXZ 1007bbd0 f   tier1:utlbuffer.obj
 0002:0002bc30       ?IsTargetBigEndian@CByteswap@@QAE_NXZ 1007bc30 f i tier1:utlbuffer.obj
 0002:0002bc80       ?AddNullTermination@CUtlBuffer@@IAEXXZ 1007bc80 f   tier1:utlbuffer.obj
 0002:0002bd50       ?ConvertCRLF@CUtlBuffer@@QAE_NAAV1@@Z 1007bd50 f   tier1:utlbuffer.obj
 0002:0002c160       ??0CUtlInplaceBuffer@@QAE@HHH@Z 1007c160 f   tier1:utlbuffer.obj
 0002:0002c1d0       ?InplaceGetLinePtr@CUtlInplaceBuffer@@QAE_NPAPADPAH@Z 1007c1d0 f   tier1:utlbuffer.obj
 0002:0002c3b0       ?InplaceGetLinePtr@CUtlInplaceBuffer@@QAEPADXZ 1007c3b0 f   tier1:utlbuffer.obj
 0002:0002c6f0       ??0?$CUtlMemory@EH@@QAE@PAEH@Z 1007c6f0 f i tier1:utlbuffer.obj
 0002:0002c750       ??0?$CUtlMemory@EH@@QAE@HH@Z 1007c750 f i tier1:utlbuffer.obj
 0002:0002c980       ?SetExternalBuffer@?$CUtlMemory@EH@@QAEXPAEH@Z 1007c980 f i tier1:utlbuffer.obj
 0002:0002ca00       ?AssumeMemory@?$CUtlMemory@EH@@QAEXPAEH@Z 1007ca00 f i tier1:utlbuffer.obj
 0002:0002ca70       ?ConvertToGrowableMemory@?$CUtlMemory@EH@@QAEXH@Z 1007ca70 f i tier1:utlbuffer.obj
 0002:0002cbe0       ?NumAllocated@?$CUtlMemory@EH@@QBEHXZ 1007cbe0 f i tier1:utlbuffer.obj
 0002:0002cc20       ?Grow@?$CUtlMemory@EH@@QAEXH@Z 1007cc20 f i tier1:utlbuffer.obj
 0002:0002d340       ?EnsureCapacity@?$CUtlMemory@EH@@QAEXH@Z 1007d340 f i tier1:utlbuffer.obj
 0002:0002d630       ?ValidateGrowSize@?$CUtlMemory@EH@@IAEXXZ 1007d630 f i tier1:utlbuffer.obj
 0002:0002d670       ??0CUtlNoEscConversion@@QAE@DPBDHPAUConversionArray_t@CUtlCharConversion@@@Z 1007d670 f i tier1:utlbuffer.obj
 0002:0002d6f0       ?FindConversion@CUtlNoEscConversion@@UAEDPBDPAH@Z 1007d6f0 f i tier1:utlbuffer.obj
 0002:0002d740       ??0InterfaceReg@@QAE@P6APAXXZPBD@Z 1007d740 f   tier1:interface.obj
 0002:0002d7b0       _CreateInterface           1007d7b0 f   tier1:interface.obj
 0002:0002d870       ?Sys_IsDebuggerPresent@@YA_NXZ 1007d870 f   tier1:interface.obj
 0002:0002d8d0       ?ThreadedLoadLibraryFunc@@YAIPAX@Z 1007d8d0 f   tier1:interface.obj
 0002:0002d9a0       ?Sys_LoadLibrary@@YAPAUHINSTANCE__@@PBD@Z 1007d9a0 f   tier1:interface.obj
 0002:0002dbf0       ?ThreadWaitForObject@@YAHPAX_NI@Z 1007dbf0 f i tier1:interface.obj
 0002:0002dc60       ?Sys_LoadModule@@YAPAVCSysModule@@PBD@Z 1007dc60 f   tier1:interface.obj
 0002:0002e0c0       ?Sys_UnloadModule@@YAXPAVCSysModule@@@Z 1007e0c0 f   tier1:interface.obj
 0002:0002e130       ?Sys_GetFactory@@YAP6APAXPBDPAH@ZPAVCSysModule@@@Z 1007e130 f   tier1:interface.obj
 0002:0002e1a0       ?Sys_GetFactoryThis@@YAP6APAXPBDPAH@ZXZ 1007e1a0 f   tier1:interface.obj
 0002:0002e1e0       ?Sys_GetFactory@@YAP6APAXPBDPAH@Z0@Z 1007e1e0 f   tier1:interface.obj
 0002:0002e2c0       ?Sys_LoadInterface@@YA_NPBD0PAPAVCSysModule@@PAPAX@Z 1007e2c0 f   tier1:interface.obj
 0002:0002e3a0       ??0CDllDemandLoader@@QAE@PBD@Z 1007e3a0 f   tier1:interface.obj
 0002:0002e410       ??_GCDllDemandLoader@@UAEPAXI@Z 1007e410 f i tier1:interface.obj
 0002:0002e410       ??_ECDllDemandLoader@@UAEPAXI@Z 1007e410 f i tier1:interface.obj
 0002:0002e480       ??1CDllDemandLoader@@UAE@XZ 1007e480 f   tier1:interface.obj
 0002:0002e4e0       ?GetFactory@CDllDemandLoader@@QAEP6APAXPBDPAH@ZXZ 1007e4e0 f   tier1:interface.obj
[...]
 0004:00002a0c       __lpdays                   1010ba0c     LIBCMTD:days.obj
 0004:00002a40       __days                     1010ba40     LIBCMTD:days.obj
 0004:00002aac       __coninpfh                 1010baac     LIBCMTD:initcon.obj
 0004:00002ab0       __confh                    1010bab0     LIBCMTD:initcon.obj
 0004:00002ca0       ?g_pFileSystem@@3PAVIBaseFileSystem@@A 1010bca0     bugreporter_public.obj
 0004:00002db0       __crtBreakAlloc            1010bdb0     memoverride.obj
 0004:000031c8       ___crtDebugCheckCount      1010c1c8     memoverride.obj
 0004:00007fc4       ?s_pSymbolTable@CUtlSymbol@@1PAVCUtlSymbolTableMT@@A 10110fc4     tier1:utlsymbol.obj
 0004:00007fe0       ?s_Sentinel@?1??Links@?$CUtlRBTree@VCStringPoolIndex@CUtlSymbolTable@@GVCLess@2@V?$CUtlMemory@U?$UtlRBTreeNode_t@VCStringPoolIndex@CUtlSymbolTable@@G@@G@@@@IBEABU?$UtlRBTreeLinks_t@G@@G@Z@4U3@A 10110fe0     tier1:utlsymbol.obj
 0004:00007fec       ??_B?1??Links@?$CUtlRBTree@VCStringPoolIndex@CUtlSymbolTable@@GVCLess@2@V?$CUtlMemory@U?$UtlRBTreeNode_t@VCStringPoolIndex@CUtlSymbolTable@@G@@G@@@@IBEABU?$UtlRBTreeLinks_t@G@@G@Z@51 10110fec     tier1:utlsymbol.obj
 0004:00008278       ?s_StringCharConversion@@3VCUtlCStringConversion@@A 10111278     tier1:utlbuffer.obj
 0004:00008c90       ?s_NoEscConversion@@3VCUtlNoEscConversion@@A 10111c90     tier1:utlbuffer.obj
 0004:00009980       ?s_pInterfaceRegs@InterfaceReg@@2PAV1@A 10112980     tier1:interface.obj
 0004:00009984       ?s_Sentinel@?1??Links@?$CUtlRBTree@PBDGP6A_NABQBD0@ZV?$CUtlMemory@U?$UtlRBTreeNode_t@PBDG@@G@@@@IBEABU?$UtlRBTreeLinks_t@G@@G@Z@4U3@A 10112984     tier1:stringpool.obj
 0004:00009990       ??_B?1??Links@?$CUtlRBTree@PBDGP6A_NABQBD0@ZV?$CUtlMemory@U?$UtlRBTreeNode_t@PBDG@@G@@@@IBEABU?$UtlRBTreeLinks_t@G@@G@Z@51 10112990     tier1:stringpool.obj
 0004:00009ad8       ?s_pConCommandBases@ConCommandBase@@1PAV1@A 10112ad8     tier1:convar.obj
 0004:00009adc       ?s_pAccessor@ConCommandBase@@1PAVIConCommandBaseAccessor@@A 10112adc     tier1:convar.obj
 0004:00009b94       ?cvar@@3PAVICvar@@A        10112b94     tier1:tier1.obj
 0004:00009b98       ?g_pCVar@@3PAVICvar@@A     10112b98     tier1:tier1.obj
 0004:00009b9c       ?g_pProcessUtils@@3PAVIProcessUtils@@A 10112b9c     tier1:tier1.obj
 0004:00009bbc       ___fastflag                10112bbc     LIBCMTD:fpinit.obj
 0004:00009bc0       __adjust_fdiv              10112bc0     LIBCMTD:fpinit.obj
 0004:00009bc8       ?__type_info_root_node@@3U__type_info_node@@A 10112bc8     LIBCMTD:tncleanup.obj
 0004:00009bd8       __aenvptr                  10112bd8     LIBCMTD:dllcrt0.obj
 0004:00009bdc       __wenvptr                  10112bdc     LIBCMTD:dllcrt0.obj
 0004:00009be0       ___error_mode              10112be0     LIBCMTD:dllcrt0.obj
 0004:00009be4       ___app_type                10112be4     LIBCMTD:dllcrt0.obj
 0004:00009bec       ?wsprintffp@@3P6AHPADPBDZZA 10112bec     LIBCMTD:error.obj
 0004:00009fbc       _gpFlsAlloc                10112fbc     LIBCMTD:tidtable.obj
 0004:00009fc0       _gpFlsGetValue             10112fc0     LIBCMTD:tidtable.obj
 0004:00009fc4       _gpFlsSetValue             10112fc4     LIBCMTD:tidtable.obj
 0004:00009fc8       _gpFlsFree                 10112fc8     LIBCMTD:tidtable.obj
 0004:00009fd8       ___pPurecall               10112fd8     LIBCMTD:inithelp.obj
 0004:00009fe0       __umaskval                 10112fe0     LIBCMTD:crt0dat.obj
 0004:00009fe4       __osplatform               10112fe4     LIBCMTD:crt0dat.obj
 0004:00009fe8       __osver                    10112fe8     LIBCMTD:crt0dat.obj
 0004:00009fec       __winver                   10112fec     LIBCMTD:crt0dat.obj
 0004:00009ff0       __winmajor                 10112ff0     LIBCMTD:crt0dat.obj
 0004:00009ff4       __winminor                 10112ff4     LIBCMTD:crt0dat.obj
 0004:00009ff8       ___argc                    10112ff8     LIBCMTD:crt0dat.obj
 0004:00009ffc       ___argv                    10112ffc     LIBCMTD:crt0dat.obj
 0004:0000a000       ___wargv                   10113000     LIBCMTD:crt0dat.obj
 0004:0000a004       __environ                  10113004     LIBCMTD:crt0dat.obj
 0004:0000a008       ___initenv                 10113008     LIBCMTD:crt0dat.obj
 0004:0000a00c       __wenviron                 1011300c     LIBCMTD:crt0dat.obj
 0004:0000a010       ___winitenv                10113010     LIBCMTD:crt0dat.obj
 0004:0000a014       __pgmptr                   10113014     LIBCMTD:crt0dat.obj
 0004:0000a018       __wpgmptr                  10113018     LIBCMTD:crt0dat.obj
 0004:0000a01c       __exitflag                 1011301c     LIBCMTD:crt0dat.obj
 0004:0000a020       __C_Termination_Done       10113020     LIBCMTD:crt0dat.obj
 0004:0000a024       __C_Exit_Done              10113024     LIBCMTD:crt0dat.obj
 0004:0000a06c       __cflush                   1011306c     LIBCMTD:_file.obj
 0004:0000a070       ___pInvalidArgHandler      10113070     LIBCMTD:invarg.obj
 0004:0000a1c0       ___mbulinfo                101131c0     LIBCMTD:mbctype.obj
 0004:0000a1cc       ___mbcodepage              101131cc     LIBCMTD:mbctype.obj
 0004:0000a1d0       ___ismbcodepage            101131d0     LIBCMTD:mbctype.obj
 0004:0000a1d4       ___mblcid                  101131d4     LIBCMTD:mbctype.obj
 0004:0000a1e0       ___locale_changed          101131e0     LIBCMTD:setlocal.obj
 0004:0000a1e4       ___lc_handle               101131e4     LIBCMTD:nlsdata2.obj
 0004:0000a1fc       ___lc_codepage             101131fc     LIBCMTD:nlsdata2.obj
 0004:0000a200       ___lc_collate_cp           10113200     LIBCMTD:nlsdata2.obj
 0004:0000a3e0       ?pArgList@UnDecorator@@0PAVReplicator@@A 101133e0     LIBCMTD:undname.obj
 0004:0000a3e4       ?pZNameList@UnDecorator@@0PAVReplicator@@A 101133e4     LIBCMTD:undname.obj
 0004:0000a3e8       ?pTemplateArgList@UnDecorator@@0PAVReplicator@@A 101133e8     LIBCMTD:undname.obj
 0004:0000a3ec       ?gName@UnDecorator@@0PBDB  101133ec     LIBCMTD:undname.obj
 0004:0000a3f0       ?name@UnDecorator@@0PBDB   101133f0     LIBCMTD:undname.obj
 0004:0000a3f4       ?outputString@UnDecorator@@0PADA 101133f4     LIBCMTD:undname.obj
 0004:0000a3f8       ?maxStringLength@UnDecorator@@0HA 101133f8     LIBCMTD:undname.obj
 0004:0000a3fc       ?disableFlags@UnDecorator@@0KA 101133fc     LIBCMTD:undname.obj
 0004:0000a400       ?m_pGetParameter@UnDecorator@@0P6APADJ@ZA 10113400     LIBCMTD:undname.obj
 0004:0000a404       ?fExplicitTemplateParams@UnDecorator@@0_NA 10113404     LIBCMTD:undname.obj
 0004:0000a405       ?fGetTemplateArgumentList@UnDecorator@@0_NA 10113405     LIBCMTD:undname.obj
 0004:0000a478       __outputformat             10113478     LIBCMTD:outputformat.obj
 0004:0000a49c       ?__pInconsistency@@3P6AXXZA 1011349c     LIBCMTD:hooks.obj
 0004:0000a4a8       ?_pnhHeap@@3P6AHI@ZA       101134a8     LIBCMTD:handler.obj
 0004:0000a4ac       __stdbuf                   101134ac     LIBCMTD:_sftbuf.obj
 0004:0000a884       ___lconv_static_null       10113884     LIBCMTD:lconv.obj
 0004:0000a978       __debugger_hook_dummy      10113978     <common>
 0004:0000a984       ___setlc_active            10113984     <common>
 0004:0000a994       ___unguarded_readlc_active 10113994     <common>
 0004:0000a998       __nhandle                  10113998     <common>
 0004:0000a9e0       ___pioinfo                 101139e0     <common>
 0004:0000aae0       ___piob                    10113ae0     <common>
 0004:0000ae20       __bufin                    10113e20     <common>
 0004:0000be20       __nstream                  10114e20     <common>
 0004:0000be24       ___env_initialized         10114e24     <common>
 0004:0000be34       ___onexitend               10114e34     <common>
 0004:0000be38       ___onexitbegin             10114e38     <common>
 0004:0000be3c       ___mbctype_initialized     10114e3c     <common>
 0004:0000be40       ___dyn_tls_init_callback   10114e40     <common>
 0004:0000be44       ___use_sse2_mathfcns       10114e44     <common>
 0004:0000be54       ___sse2_available          10114e54     <common>
 0004:0000be58       __acmdln                   10114e58     <common>
 0005:00000000       __IMPORT_DESCRIPTOR_WS2_32 10115000     Ws2_32:WS2_32.dll
 0005:00000014       __IMPORT_DESCRIPTOR_KERNEL32 10115014     kernel32:KERNEL32.dll
 0005:00000028       __IMPORT_DESCRIPTOR_tier0  10115028     tier0:tier0.dll
 0005:0000003c       __NULL_IMPORT_DESCRIPTOR   1011503c     Ws2_32:WS2_32.dll
 0005:00000350       __imp__DebugBreak@0        10115350     kernel32:KERNEL32.dll
 0005:00000354       __imp__CompareStringW@24   10115354     kernel32:KERNEL32.dll
 0005:00000358       __imp__CompareStringA@24   10115358     kernel32:KERNEL32.dll
 0005:0000035c       __imp__CloseHandle@4       1011535c     kernel32:KERNEL32.dll
 0005:00000360       __imp__CreateFileA@28      10115360     kernel32:KERNEL32.dll
 0005:00000364       __imp__GetTimeZoneInformation@4 10115364     kernel32:KERNEL32.dll
 0005:00000368       __imp__ReadFile@20         10115368     kernel32:KERNEL32.dll
 0005:0000036c       __imp__GetConsoleOutputCP@0 1011536c     kernel32:KERNEL32.dll
 0005:00000370       __imp__WriteConsoleA@20    10115370     kernel32:KERNEL32.dll
 0005:00000374       __imp__SetStdHandle@8      10115374     kernel32:KERNEL32.dll
 0005:00000378       __imp__GetUserDefaultLCID@0 10115378     kernel32:KERNEL32.dll
 0005:0000037c       __imp__GetModuleFileNameA@12 1011537c     kernel32:KERNEL32.dll
 0005:00000380       __imp__VirtualQuery@12     10115380     kernel32:KERNEL32.dll
 0005:00000384       __imp__HeapAlloc@12        10115384     kernel32:KERNEL32.dll
 0005:00000388       __imp__GetProcessHeap@0    10115388     kernel32:KERNEL32.dll
 0005:0000038c       __imp__EnumSystemLocalesA@8 1011538c     kernel32:KERNEL32.dll
 0005:00000390       __imp__IsValidCodePage@4   10115390     kernel32:KERNEL32.dll
 0005:00000394       __imp__IsValidLocale@8     10115394     kernel32:KERNEL32.dll
 0005:00000398       __imp__GetDateFormatA@24   10115398     kernel32:KERNEL32.dll
 0005:0000039c       __imp__GetTimeFormatA@24   1011539c     kernel32:KERNEL32.dll
 0005:000003a0       __imp__GetStringTypeW@16   101153a0     kernel32:KERNEL32.dll
 0005:000003a4       __imp__GetStringTypeA@20   101153a4     kernel32:KERNEL32.dll
 0005:000003a8       __imp__SetFilePointer@16   101153a8     kernel32:KERNEL32.dll
 0005:000003ac       __imp__GetConsoleMode@8    101153ac     kernel32:KERNEL32.dll
 0005:000003b0       __imp__GetConsoleCP@0      101153b0     kernel32:KERNEL32.dll
 0005:000003b4       __imp__FlushFileBuffers@4  101153b4     kernel32:KERNEL32.dll
 0005:000003b8       __imp__InitializeCriticalSection@4 101153b8     kernel32:KERNEL32.dll
 0005:000003bc       __imp__InterlockedExchange@8 101153bc     kernel32:KERNEL32.dll
 0005:000003c0       __imp__GetLocaleInfoW@16   101153c0     kernel32:KERNEL32.dll
 0005:000003c4       __imp__GetLocaleInfoA@16   101153c4     kernel32:KERNEL32.dll
 0005:000003c8       __imp__RtlUnwind@16        101153c8     kernel32:KERNEL32.dll
 0005:000003cc       __imp__SetCurrentDirectoryA@4 101153cc     kernel32:KERNEL32.dll
 0005:000003d0       __imp__GetCurrentDirectoryA@8 101153d0     kernel32:KERNEL32.dll
 0005:000003d4       __imp__GetCPInfo@8         101153d4     kernel32:KERNEL32.dll
 0005:000003d8       __imp__GetOEMCP@0          101153d8     kernel32:KERNEL32.dll
 0005:000003dc       __imp__GetACP@0            101153dc     kernel32:KERNEL32.dll
 0005:000003e0       __imp__LCMapStringW@24     101153e0     kernel32:KERNEL32.dll
 0005:000003e4       __imp__LCMapStringA@24     101153e4     kernel32:KERNEL32.dll
 0005:000003e8       __imp__FatalAppExitA@8     101153e8     kernel32:KERNEL32.dll
 0005:000003ec       __imp__GetSystemTimeAsFileTime@4 101153ec     kernel32:KERNEL32.dll
 0005:000003f0       __imp__GetCurrentProcessId@0 101153f0     kernel32:KERNEL32.dll
 0005:000003f4       __imp__GetTickCount@0      101153f4     kernel32:KERNEL32.dll
 0005:000003f8       __imp__QueryPerformanceCounter@4 101153f8     kernel32:KERNEL32.dll
 0005:000003fc       __imp__GetEnvironmentStringsW@0 101153fc     kernel32:KERNEL32.dll
 0005:00000400       __imp__FreeEnvironmentStringsW@4 10115400     kernel32:KERNEL32.dll
 0005:00000404       __imp__GetEnvironmentStrings@0 10115404     kernel32:KERNEL32.dll
 0005:00000408       __imp__FreeEnvironmentStringsA@4 10115408     kernel32:KERNEL32.dll
 0005:0000040c       __imp__MultiByteToWideChar@24 1011540c     kernel32:KERNEL32.dll
 0005:00000410       __imp__WideCharToMultiByte@32 10115410     kernel32:KERNEL32.dll
 0005:00000414       __imp__LoadLibraryExA@12   10115414     kernel32:KERNEL32.dll
 0005:00000418       __imp__LocalFree@4         10115418     kernel32:KERNEL32.dll
 0005:0000041c       __imp__FormatMessageA@28   1011541c     kernel32:KERNEL32.dll
 0005:00000420       __imp__GetLastError@0      10115420     kernel32:KERNEL32.dll
 0005:00000424       __imp__GetProcAddress@8    10115424     kernel32:KERNEL32.dll
 0005:00000428       __imp__FreeLibrary@4       10115428     kernel32:KERNEL32.dll
 0005:0000042c       __imp__GetModuleHandleA@4  1011542c     kernel32:KERNEL32.dll
 0005:00000430       __imp__GetModuleFileNameW@12 10115430     kernel32:KERNEL32.dll
 0005:00000434       __imp__WriteConsoleW@20    10115434     kernel32:KERNEL32.dll
 0005:00000438       __imp__GetFileType@4       10115438     kernel32:KERNEL32.dll
 0005:0000043c       __imp__GetStdHandle@4      1011543c     kernel32:KERNEL32.dll
 0005:00000440       __imp__GetCurrentThreadId@0 10115440     kernel32:KERNEL32.dll
 0005:00000444       __imp__GetCommandLineA@0   10115444     kernel32:KERNEL32.dll
 0005:00000448       __imp__HeapFree@12         10115448     kernel32:KERNEL32.dll
 0005:0000044c       __imp__GetVersionExA@4     1011544c     kernel32:KERNEL32.dll
 0005:00000450       __imp__GetFullPathNameA@16 10115450     kernel32:KERNEL32.dll
 0005:00000454       __imp__GetDriveTypeA@4     10115454     kernel32:KERNEL32.dll
 0005:00000458       __imp__RaiseException@16   10115458     kernel32:KERNEL32.dll
 0005:0000045c       __imp__SetEnvironmentVariableA@8 1011545c     kernel32:KERNEL32.dll
 0005:00000460       __imp__IsDebuggerPresent@0 10115460     kernel32:KERNEL32.dll
 0005:00000464       __imp__lstrlenA@4          10115464     kernel32:KERNEL32.dll
 0005:00000468       __imp__LoadLibraryA@4      10115468     kernel32:KERNEL32.dll
 0005:0000046c       __imp__UnhandledExceptionFilter@4 1011546c     kernel32:KERNEL32.dll
 0005:00000470       __imp__SetUnhandledExceptionFilter@4 10115470     kernel32:KERNEL32.dll
 0005:00000474       __imp__WriteFile@20        10115474     kernel32:KERNEL32.dll
 0005:00000478       __imp__TlsGetValue@4       10115478     kernel32:KERNEL32.dll
 0005:0000047c       __imp__TlsAlloc@0          1011547c     kernel32:KERNEL32.dll
 0005:00000480       __imp__TlsSetValue@8       10115480     kernel32:KERNEL32.dll
 0005:00000484       __imp__TlsFree@4           10115484     kernel32:KERNEL32.dll
 0005:00000488       __imp__InterlockedIncrement@4 10115488     kernel32:KERNEL32.dll
 0005:0000048c       __imp__SetLastError@4      1011548c     kernel32:KERNEL32.dll
 0005:00000490       __imp__InterlockedDecrement@4 10115490     kernel32:KERNEL32.dll
 0005:00000494       __imp__GetCurrentThread@0  10115494     kernel32:KERNEL32.dll
 0005:00000498       __imp__ExitProcess@4       10115498     kernel32:KERNEL32.dll
 0005:0000049c       __imp__SetConsoleCtrlHandler@8 1011549c     kernel32:KERNEL32.dll
 0005:000004a0       __imp__LoadLibraryW@4      101154a0     kernel32:KERNEL32.dll
 0005:000004a4       __imp__EnterCriticalSection@4 101154a4     kernel32:KERNEL32.dll
 0005:000004a8       __imp__LeaveCriticalSection@4 101154a8     kernel32:KERNEL32.dll
 0005:000004ac       __imp__TerminateProcess@8  101154ac     kernel32:KERNEL32.dll
 0005:000004b0       __imp__GetCurrentProcess@0 101154b0     kernel32:KERNEL32.dll
 0005:000004b4       __imp__SetHandleCount@4    101154b4     kernel32:KERNEL32.dll
 0005:000004b8       __imp__GetStartupInfoA@4   101154b8     kernel32:KERNEL32.dll
 0005:000004bc       __imp__DeleteCriticalSection@4 101154bc     kernel32:KERNEL32.dll
 0005:000004c0       \177KERNEL32_NULL_THUNK_DATA 101154c0     kernel32:KERNEL32.dll
 0005:00000534       __imp__getsockname@12      10115534     Ws2_32:WS2_32.dll
 0005:00000538       __imp__gethostbyname@4     10115538     Ws2_32:WS2_32.dll
 0005:0000053c       __imp__htonl@4             1011553c     Ws2_32:WS2_32.dll
 0005:00000540       __imp__ntohl@4             10115540     Ws2_32:WS2_32.dll
 0005:00000544       __imp__ntohs@4             10115544     Ws2_32:WS2_32.dll
 0005:00000548       __imp__bind@12             10115548     Ws2_32:WS2_32.dll
 0005:0000054c       __imp__socket@12           1011554c     Ws2_32:WS2_32.dll
 0005:00000550       __imp____WSAFDIsSet@8      10115550     Ws2_32:WS2_32.dll
 0005:00000554       __imp__select@20           10115554     Ws2_32:WS2_32.dll
 0005:00000558       __imp__sendto@24           10115558     Ws2_32:WS2_32.dll
 0005:0000055c       __imp__recv@16             1011555c     Ws2_32:WS2_32.dll
 0005:00000560       __imp__connect@12          10115560     Ws2_32:WS2_32.dll
 0005:00000564       __imp__send@16             10115564     Ws2_32:WS2_32.dll
 0005:00000568       __imp__htons@4             10115568     Ws2_32:WS2_32.dll
 0005:0000056c       __imp__closesocket@4       1011556c     Ws2_32:WS2_32.dll
 0005:00000570       \177WS2_32_NULL_THUNK_DATA 10115570     Ws2_32:WS2_32.dll
 0005:000005a8       __imp___AssertValidWritePtr 101155a8     tier0:tier0.dll
 0005:000005ac       __imp__AssertValidStringPtr 101155ac     tier0:tier0.dll
 0005:000005b0       __imp_?LockForRead@CThreadSpinRWLock@@QAEXXZ 101155b0     tier0:tier0.dll
 0005:000005b4       __imp_?UnlockRead@CThreadSpinRWLock@@QAEXXZ 101155b4     tier0:tier0.dll
 0005:000005b8       __imp_?LockForWrite@CThreadSpinRWLock@@QAEXXZ 101155b8     tier0:tier0.dll
 0005:000005bc       __imp___AssertValidReadPtr 101155bc     tier0:tier0.dll
 0005:000005c0       __imp_??0CThreadSpinRWLock@@QAE@XZ 101155c0     tier0:tier0.dll
 0005:000005c4       __imp__Error               101155c4     tier0:tier0.dll
 0005:000005c8       __imp__g_pMemAlloc         101155c8     tier0:tier0.dll
 0005:000005cc       __imp__Msg                 101155cc     tier0:tier0.dll
 0005:000005d0       __imp___SpewInfo           101155d0     tier0:tier0.dll
 0005:000005d4       __imp___SpewMessage        101155d4     tier0:tier0.dll
 0005:000005d8       __imp__ShouldUseNewAssertDialog 101155d8     tier0:tier0.dll
 0005:000005dc       __imp__DoNewAssertDialog   101155dc     tier0:tier0.dll
 0005:000005e0       __imp___ExitOnFatalAssert  101155e0     tier0:tier0.dll
 0005:000005e4       __imp__g_pVCR              101155e4     tier0:tier0.dll
 0005:000005e8       __imp__Plat_IsInDebugSession 101155e8     tier0:tier0.dll
 0005:000005ec       __imp__ReleaseThreadHandle 101155ec     tier0:tier0.dll
 0005:000005f0       __imp__CreateSimpleThread  101155f0     tier0:tier0.dll
 0005:000005f4       __imp__GetThreadedLoadLibraryFunc 101155f4     tier0:tier0.dll
 0005:000005f8       __imp__ThreadWaitForObjects 101155f8     tier0:tier0.dll
 0005:000005fc       __imp__CommandLine_Tier0   101155fc     tier0:tier0.dll
 0005:00000600       __imp__Warning             10115600     tier0:tier0.dll
 0005:00000604       __imp_?ConMsg@@YAXPBDZZ    10115604     tier0:tier0.dll
 0005:00000608       __imp_?ConColorMsg@@YAXABVColor@@PBDZZ 10115608     tier0:tier0.dll
 0005:0000060c       __imp_?UnlockWrite@CThreadSpinRWLock@@QAEXXZ 1011560c     tier0:tier0.dll
 0005:00000610       \177tier0_NULL_THUNK_DATA  10115610     tier0:tier0.dll
 0006:00000000       ?DBG@@3PDDD                10117000     memoverride.obj
 0006:00000004       ___crtDebugFillThreshold   10117004     memoverride.obj

 entry point at        0002:000011df

